ARM Linker, 4.1 [Build 894] [Professional (MDK + RL-ARM)]

==============================================================================

Section Cross References

    startup_armcm3.o(RESET) refers to startup_armcm3.o(STACK) for __initial_sp
    startup_armcm3.o(RESET) refers to startup_armcm3.o(.text) for Reset_Handler
    startup_armcm3.o(RESET) refers to hal_cm3.o(.emb_text) for SVC_Handler
    startup_armcm3.o(.text) refers to system_armcm3.o(.text) for SystemInit
    startup_armcm3.o(.text) refers to entry.o(.ARM.Collect$$$$00000000) for __main
    system_armcm3.o(.text) refers to system_armcm3.o(.data) for SystemCoreClock
    rtx_conf_cm.o(.ARM.Collect$$$$000000FF) refers to rt_cmsis.o(.text) for osKernelStart
    rtx_conf_cm.o(.ARM.Collect$$$$000000FF) refers to rtx_conf_cm.o(.constdata) for .constdata
    rtx_conf_cm.o(.constdata) refers to rtx_conf_cm.o(.bss) for os_messageQ_q_osTimerMessageQ
    rtx_conf_cm.o(.constdata) refers to mail.o(.text) for main
    retarget.o(.text) refers to serial.o(.text) for SER_PutChar
    mail.o(.text) refers to rt_cmsis.o(.text) for osMailAlloc
    mail.o(.text) refers to f2d.o(.text) for __aeabi_f2d
    mail.o(.text) refers to printfa.o(i.__0printf) for __2printf
    mail.o(.text) refers to mail.o(.data) for mail
    mail.o(.text) refers to mail.o(.constdata) for os_mailQ_def_mail
    mail.o(.constdata) refers to mail.o(.data) for os_mailQ_p_mail
    mail.o(.constdata) refers to mail.o(.text) for send_thread
    mail.o(.data) refers to mail.o(.bss) for os_mailQ_q_mail
    rt_cmsis.o(.text) refers to rt_task.o(.text) for rt_tsk_self
    rt_cmsis.o(.text) refers to rt_memory.o(.text) for rt_free_mem
    rt_cmsis.o(.text) refers to rt_mailbox.o(.text) for rt_mbx_init
    rt_cmsis.o(.text) refers to rt_time.o(.text) for rt_dly_wait
    rt_cmsis.o(.text) refers to rtx_conf_cm.o(.constdata) for os_clockrate
    rt_cmsis.o(.text) refers to rtx_conf_cm.o(.bss) for os_active_TCB
    rt_cmsis.o(.text) refers to rt_task.o(.data) for os_tsk
    rt_cmsis.o(.text) refers to rtx_conf_cm.o(.data) for osMessageQId_osTimerMessageQ
    rt_cmsis.o(.text) refers to rt_cmsis.o(.data) for .data
    rt_cmsis.o(.text) refers to rt_event.o(.text) for rt_evt_wait
    rt_cmsis.o(.text) refers to rt_mutex.o(.text) for rt_mut_init
    rt_cmsis.o(.text) refers to rt_semaphore.o(.text) for rt_sem_init
    rt_cmsis.o(.text) refers to rt_membox.o(.text) for _init_box
    rt_cmsis.o(.text) refers to rt_list.o(.text) for rt_put_prio
    rt_cmsis.o(.text) refers to rt_system.o(.text) for rt_psh_req
    rt_cmsis.o(.text) refers to hal_cm.o(.text) for rt_ret_val
    rt_task.o(.text) refers to rt_membox.o(.text) for rt_alloc_box
    rt_task.o(.text) refers to hal_cm.o(.text) for rt_init_stack
    rt_task.o(.text) refers to rt_list.o(.text) for rt_put_rdy_first
    rt_task.o(.text) refers to hal_cm3.o(.emb_text) for rt_set_PSP
    rt_task.o(.text) refers to rt_robin.o(.text) for rt_init_robin
    rt_task.o(.text) refers to rtx_conf_cm.o(.bss) for mp_stk
    rt_task.o(.text) refers to rt_task.o(.data) for .data
    rt_task.o(.text) refers to hal_cm.o(.data) for dbg_msg
    rt_task.o(.text) refers to rt_list.o(.bss) for os_rdy
    rt_task.o(.text) refers to rtx_conf_cm.o(.constdata) for os_maxtaskrun
    rt_task.o(.text) refers to rtx_conf_cm.o(.data) for m_tmr
    rt_task.o(.text) refers to rt_task.o(.bss) for .bss
    rt_task.o(.text) refers to rtx_conf_cm.o(.text) for os_idle_demon
    rt_system.o(.text) refers to rt_list.o(.text) for rt_put_rdy_first
    rt_system.o(.text) refers to rt_semaphore.o(.text) for rt_sem_psh
    rt_system.o(.text) refers to rt_task.o(.text) for rt_switch_req
    rt_system.o(.text) refers to rt_event.o(.text) for rt_evt_psh
    rt_system.o(.text) refers to rt_mailbox.o(.text) for rt_mbx_psh
    rt_system.o(.text) refers to rt_robin.o(.text) for rt_chk_robin
    rt_system.o(.text) refers to rt_cmsis.o(.text) for sysTimerTick
    rt_system.o(.text) refers to rtx_conf_cm.o(.text) for os_error
    rt_system.o(.text) refers to rt_system.o(.data) for .data
    rt_system.o(.text) refers to rt_task.o(.data) for os_tsk
    rt_system.o(.text) refers to rtx_conf_cm.o(.bss) for os_fifo
    rt_system.o(.text) refers to rt_list.o(.bss) for os_rdy
    rt_system.o(.text) refers to rt_time.o(.data) for os_time
    rt_event.o(.text) refers to rt_task.o(.text) for rt_block
    rt_event.o(.text) refers to rt_list.o(.text) for rt_rmv_dly
    rt_event.o(.text) refers to hal_cm.o(.text) for rt_ret_val2
    rt_event.o(.text) refers to rt_system.o(.text) for rt_psh_req
    rt_event.o(.text) refers to rt_task.o(.data) for os_tsk
    rt_event.o(.text) refers to rtx_conf_cm.o(.bss) for os_active_TCB
    rt_event.o(.text) refers to rt_list.o(.bss) for os_rdy
    rt_list.o(.text) refers to rtx_conf_cm.o(.text) for os_error
    rt_list.o(.text) refers to rt_list.o(.bss) for .bss
    rt_list.o(.text) refers to rt_task.o(.data) for os_tsk
    rt_list.o(.text) refers to rt_time.o(.data) for os_time
    rt_list.o(.text) refers to rtx_conf_cm.o(.bss) for os_fifo
    rt_mailbox.o(.text) refers to rt_list.o(.text) for rt_put_prio
    rt_mailbox.o(.text) refers to hal_cm.o(.text) for rt_ret_val2
    rt_mailbox.o(.text) refers to rt_task.o(.text) for rt_dispatch
    rt_mailbox.o(.text) refers to rt_system.o(.text) for rt_psh_req
    rt_mailbox.o(.text) refers to rt_membox.o(.text) for rt_alloc_box
    rt_mailbox.o(.text) refers to rtx_conf_cm.o(.text) for os_error
    rt_mailbox.o(.text) refers to rt_task.o(.data) for os_tsk
    rt_mailbox.o(.text) refers to rt_list.o(.bss) for os_rdy
    rt_semaphore.o(.text) refers to rt_list.o(.text) for rt_get_first
    rt_semaphore.o(.text) refers to hal_cm.o(.text) for rt_ret_val
    rt_semaphore.o(.text) refers to rt_task.o(.text) for rt_dispatch
    rt_semaphore.o(.text) refers to rt_system.o(.text) for rt_psh_req
    rt_semaphore.o(.text) refers to rt_task.o(.data) for os_tsk
    rt_semaphore.o(.text) refers to rt_list.o(.bss) for os_rdy
    rt_time.o(.text) refers to rt_task.o(.text) for rt_block
    rt_time.o(.text) refers to rt_task.o(.data) for os_tsk
    rt_time.o(.text) refers to rt_time.o(.data) for .data
    rt_mutex.o(.text) refers to rt_list.o(.text) for rt_get_first
    rt_mutex.o(.text) refers to hal_cm.o(.text) for rt_ret_val
    rt_mutex.o(.text) refers to rt_task.o(.text) for rt_dispatch
    rt_mutex.o(.text) refers to rt_task.o(.data) for os_tsk
    rt_mutex.o(.text) refers to rt_list.o(.bss) for os_rdy
    rt_membox.o(.text) refers to hal_cm3.o(.emb_text) for _alloc_box
    hal_cm.o(.text) refers to rtx_conf_cm.o(.constdata) for os_stackinfo
    hal_cm.o(.text) refers to hal_cm.o(.data) for .data
    rt_robin.o(.text) refers to rt_list.o(.text) for rt_get_first
    rt_robin.o(.text) refers to rt_robin.o(.data) for .data
    rt_robin.o(.text) refers to rtx_conf_cm.o(.constdata) for os_rrobin
    rt_robin.o(.text) refers to rt_list.o(.bss) for os_rdy
    rt_robin.o(.text) refers to rt_time.o(.data) for os_time
    hal_cm3.o(.emb_text) refers to rtx_conf_cm.o(.constdata) for os_flags
    hal_cm3.o(.emb_text) refers to rt_membox.o(.text) for rt_alloc_box
    hal_cm3.o(.emb_text) refers to rt_system.o(.text) for rt_stk_check
    hal_cm3.o(.emb_text) refers to rt_task.o(.data) for os_tsk
    hal_cm3.o(.emb_text) refers to SVC_Table.o(SVC_TABLE) for SVC_Count
    entry.o(.ARM.Collect$$$$00000000) refers (Special) to entry7b.o(.ARM.Collect$$$$00000008) for _main_clock
    entry.o(.ARM.Collect$$$$00000000) refers (Special) to rtx_conf_cm.o(.ARM.Collect$$$$000000FF) for _main_init
    entry.o(.ARM.Collect$$$$00000000) refers (Special) to entry5.o(.ARM.Collect$$$$00000004) for _main_scatterload
    entry.o(.ARM.Collect$$$$00000000) refers (Special) to entry2.o(.ARM.Collect$$$$00000001) for _main_stk
    printfb.o(i.__0fprintf$bare) refers to printfb.o(i._printf_core) for _printf_core
    printfb.o(i.__0fprintf$bare) refers to retarget.o(.text) for fputc
    printfb.o(i.__0printf$bare) refers to printfb.o(i._printf_core) for _printf_core
    printfb.o(i.__0printf$bare) refers to retarget.o(.text) for fputc
    printfb.o(i.__0printf$bare) refers to stdout.o(.data) for __stdout
    printfb.o(i.__0snprintf$bare) refers to printfb.o(i._printf_core) for _printf_core
    printfb.o(i.__0snprintf$bare) refers to printfb.o(i._snputc) for _snputc
    printfb.o(i.__0sprintf$bare) refers to printfb.o(i._printf_core) for _printf_core
    printfb.o(i.__0sprintf$bare) refers to printfb.o(i._sputc) for _sputc
    printfb.o(i.__0vfprintf$bare) refers to printfb.o(i._printf_core) for _printf_core
    printfb.o(i.__0vfprintf$bare) refers to retarget.o(.text) for fputc
    printfb.o(i.__0vprintf$bare) refers to printfb.o(i._printf_core) for _printf_core
    printfb.o(i.__0vprintf$bare) refers to retarget.o(.text) for fputc
    printfb.o(i.__0vprintf$bare) refers to stdout.o(.data) for __stdout
    printfb.o(i.__0vsnprintf$bare) refers to printfb.o(i._printf_core) for _printf_core
    printfb.o(i.__0vsnprintf$bare) refers to printfb.o(i._snputc) for _snputc
    printfb.o(i.__0vsprintf$bare) refers to printfb.o(i._printf_core) for _printf_core
    printfb.o(i.__0vsprintf$bare) refers to printfb.o(i._sputc) for _sputc
    printf0.o(i.__0fprintf$0) refers to printf0.o(i._printf_core) for _printf_core
    printf0.o(i.__0fprintf$0) refers to retarget.o(.text) for fputc
    printf0.o(i.__0printf$0) refers to printf0.o(i._printf_core) for _printf_core
    printf0.o(i.__0printf$0) refers to retarget.o(.text) for fputc
    printf0.o(i.__0printf$0) refers to stdout.o(.data) for __stdout
    printf0.o(i.__0snprintf$0) refers to printf0.o(i._printf_core) for _printf_core
    printf0.o(i.__0snprintf$0) refers to printf0.o(i._snputc) for _snputc
    printf0.o(i.__0sprintf$0) refers to printf0.o(i._printf_core) for _printf_core
    printf0.o(i.__0sprintf$0) refers to printf0.o(i._sputc) for _sputc
    printf0.o(i.__0vfprintf$0) refers to printf0.o(i._printf_core) for _printf_core
    printf0.o(i.__0vfprintf$0) refers to retarget.o(.text) for fputc
    printf0.o(i.__0vprintf$0) refers to printf0.o(i._printf_core) for _printf_core
    printf0.o(i.__0vprintf$0) refers to retarget.o(.text) for fputc
    printf0.o(i.__0vprintf$0) refers to stdout.o(.data) for __stdout
    printf0.o(i.__0vsnprintf$0) refers to printf0.o(i._printf_core) for _printf_core
    printf0.o(i.__0vsnprintf$0) refers to printf0.o(i._snputc) for _snputc
    printf0.o(i.__0vsprintf$0) refers to printf0.o(i._printf_core) for _printf_core
    printf0.o(i.__0vsprintf$0) refers to printf0.o(i._sputc) for _sputc
    printf1.o(i.__0fprintf$1) refers to printf1.o(i._printf_core) for _printf_core
    printf1.o(i.__0fprintf$1) refers to retarget.o(.text) for fputc
    printf1.o(i.__0printf$1) refers to printf1.o(i._printf_core) for _printf_core
    printf1.o(i.__0printf$1) refers to retarget.o(.text) for fputc
    printf1.o(i.__0printf$1) refers to stdout.o(.data) for __stdout
    printf1.o(i.__0snprintf$1) refers to printf1.o(i._printf_core) for _printf_core
    printf1.o(i.__0snprintf$1) refers to printf1.o(i._snputc) for _snputc
    printf1.o(i.__0sprintf$1) refers to printf1.o(i._printf_core) for _printf_core
    printf1.o(i.__0sprintf$1) refers to printf1.o(i._sputc) for _sputc
    printf1.o(i.__0vfprintf$1) refers to printf1.o(i._printf_core) for _printf_core
    printf1.o(i.__0vfprintf$1) refers to retarget.o(.text) for fputc
    printf1.o(i.__0vprintf$1) refers to printf1.o(i._printf_core) for _printf_core
    printf1.o(i.__0vprintf$1) refers to retarget.o(.text) for fputc
    printf1.o(i.__0vprintf$1) refers to stdout.o(.data) for __stdout
    printf1.o(i.__0vsnprintf$1) refers to printf1.o(i._printf_core) for _printf_core
    printf1.o(i.__0vsnprintf$1) refers to printf1.o(i._snputc) for _snputc
    printf1.o(i.__0vsprintf$1) refers to printf1.o(i._printf_core) for _printf_core
    printf1.o(i.__0vsprintf$1) refers to printf1.o(i._sputc) for _sputc
    printf1.o(i._printf_core) refers to uidiv.o(.text) for __aeabi_uidivmod
    printf2.o(i.__0fprintf$2) refers to printf2.o(i._printf_core) for _printf_core
    printf2.o(i.__0fprintf$2) refers to retarget.o(.text) for fputc
    printf2.o(i.__0printf$2) refers to printf2.o(i._printf_core) for _printf_core
    printf2.o(i.__0printf$2) refers to retarget.o(.text) for fputc
    printf2.o(i.__0printf$2) refers to stdout.o(.data) for __stdout
    printf2.o(i.__0snprintf$2) refers to printf2.o(i._printf_core) for _printf_core
    printf2.o(i.__0snprintf$2) refers to printf2.o(i._snputc) for _snputc
    printf2.o(i.__0sprintf$2) refers to printf2.o(i._printf_core) for _printf_core
    printf2.o(i.__0sprintf$2) refers to printf2.o(i._sputc) for _sputc
    printf2.o(i.__0vfprintf$2) refers to printf2.o(i._printf_core) for _printf_core
    printf2.o(i.__0vfprintf$2) refers to retarget.o(.text) for fputc
    printf2.o(i.__0vprintf$2) refers to printf2.o(i._printf_core) for _printf_core
    printf2.o(i.__0vprintf$2) refers to retarget.o(.text) for fputc
    printf2.o(i.__0vprintf$2) refers to stdout.o(.data) for __stdout
    printf2.o(i.__0vsnprintf$2) refers to printf2.o(i._printf_core) for _printf_core
    printf2.o(i.__0vsnprintf$2) refers to printf2.o(i._snputc) for _snputc
    printf2.o(i.__0vsprintf$2) refers to printf2.o(i._printf_core) for _printf_core
    printf2.o(i.__0vsprintf$2) refers to printf2.o(i._sputc) for _sputc
    printf3.o(i.__0fprintf$3) refers to printf3.o(i._printf_core) for _printf_core
    printf3.o(i.__0fprintf$3) refers to retarget.o(.text) for fputc
    printf3.o(i.__0printf$3) refers to printf3.o(i._printf_core) for _printf_core
    printf3.o(i.__0printf$3) refers to retarget.o(.text) for fputc
    printf3.o(i.__0printf$3) refers to stdout.o(.data) for __stdout
    printf3.o(i.__0snprintf$3) refers to printf3.o(i._printf_core) for _printf_core
    printf3.o(i.__0snprintf$3) refers to printf3.o(i._snputc) for _snputc
    printf3.o(i.__0sprintf$3) refers to printf3.o(i._printf_core) for _printf_core
    printf3.o(i.__0sprintf$3) refers to printf3.o(i._sputc) for _sputc
    printf3.o(i.__0vfprintf$3) refers to printf3.o(i._printf_core) for _printf_core
    printf3.o(i.__0vfprintf$3) refers to retarget.o(.text) for fputc
    printf3.o(i.__0vprintf$3) refers to printf3.o(i._printf_core) for _printf_core
    printf3.o(i.__0vprintf$3) refers to retarget.o(.text) for fputc
    printf3.o(i.__0vprintf$3) refers to stdout.o(.data) for __stdout
    printf3.o(i.__0vsnprintf$3) refers to printf3.o(i._printf_core) for _printf_core
    printf3.o(i.__0vsnprintf$3) refers to printf3.o(i._snputc) for _snputc
    printf3.o(i.__0vsprintf$3) refers to printf3.o(i._printf_core) for _printf_core
    printf3.o(i.__0vsprintf$3) refers to printf3.o(i._sputc) for _sputc
    printf3.o(i._printf_core) refers to uidiv.o(.text) for __aeabi_uidivmod
    printf4.o(i.__0fprintf$4) refers to printf4.o(i._printf_core) for _printf_core
    printf4.o(i.__0fprintf$4) refers to retarget.o(.text) for fputc
    printf4.o(i.__0printf$4) refers to printf4.o(i._printf_core) for _printf_core
    printf4.o(i.__0printf$4) refers to retarget.o(.text) for fputc
    printf4.o(i.__0printf$4) refers to stdout.o(.data) for __stdout
    printf4.o(i.__0snprintf$4) refers to printf4.o(i._printf_core) for _printf_core
    printf4.o(i.__0snprintf$4) refers to printf4.o(i._snputc) for _snputc
    printf4.o(i.__0sprintf$4) refers to printf4.o(i._printf_core) for _printf_core
    printf4.o(i.__0sprintf$4) refers to printf4.o(i._sputc) for _sputc
    printf4.o(i.__0vfprintf$4) refers to printf4.o(i._printf_core) for _printf_core
    printf4.o(i.__0vfprintf$4) refers to retarget.o(.text) for fputc
    printf4.o(i.__0vprintf$4) refers to printf4.o(i._printf_core) for _printf_core
    printf4.o(i.__0vprintf$4) refers to retarget.o(.text) for fputc
    printf4.o(i.__0vprintf$4) refers to stdout.o(.data) for __stdout
    printf4.o(i.__0vsnprintf$4) refers to printf4.o(i._printf_core) for _printf_core
    printf4.o(i.__0vsnprintf$4) refers to printf4.o(i._snputc) for _snputc
    printf4.o(i.__0vsprintf$4) refers to printf4.o(i._printf_core) for _printf_core
    printf4.o(i.__0vsprintf$4) refers to printf4.o(i._sputc) for _sputc
    printf4.o(i._printf_core) refers to uldiv.o(.text) for __aeabi_uldivmod
    printf5.o(i.__0fprintf$5) refers to printf5.o(i._printf_core) for _printf_core
    printf5.o(i.__0fprintf$5) refers to retarget.o(.text) for fputc
    printf5.o(i.__0printf$5) refers to printf5.o(i._printf_core) for _printf_core
    printf5.o(i.__0printf$5) refers to retarget.o(.text) for fputc
    printf5.o(i.__0printf$5) refers to stdout.o(.data) for __stdout
    printf5.o(i.__0snprintf$5) refers to printf5.o(i._printf_core) for _printf_core
    printf5.o(i.__0snprintf$5) refers to printf5.o(i._snputc) for _snputc
    printf5.o(i.__0sprintf$5) refers to printf5.o(i._printf_core) for _printf_core
    printf5.o(i.__0sprintf$5) refers to printf5.o(i._sputc) for _sputc
    printf5.o(i.__0vfprintf$5) refers to printf5.o(i._printf_core) for _printf_core
    printf5.o(i.__0vfprintf$5) refers to retarget.o(.text) for fputc
    printf5.o(i.__0vprintf$5) refers to printf5.o(i._printf_core) for _printf_core
    printf5.o(i.__0vprintf$5) refers to retarget.o(.text) for fputc
    printf5.o(i.__0vprintf$5) refers to stdout.o(.data) for __stdout
    printf5.o(i.__0vsnprintf$5) refers to printf5.o(i._printf_core) for _printf_core
    printf5.o(i.__0vsnprintf$5) refers to printf5.o(i._snputc) for _snputc
    printf5.o(i.__0vsprintf$5) refers to printf5.o(i._printf_core) for _printf_core
    printf5.o(i.__0vsprintf$5) refers to printf5.o(i._sputc) for _sputc
    printf5.o(i._printf_core) refers to uldiv.o(.text) for __aeabi_uldivmod
    printf6.o(i.__0fprintf$6) refers to printf6.o(i._printf_core) for _printf_core
    printf6.o(i.__0fprintf$6) refers to retarget.o(.text) for fputc
    printf6.o(i.__0printf$6) refers to printf6.o(i._printf_core) for _printf_core
    printf6.o(i.__0printf$6) refers to retarget.o(.text) for fputc
    printf6.o(i.__0printf$6) refers to stdout.o(.data) for __stdout
    printf6.o(i.__0snprintf$6) refers to printf6.o(i._printf_core) for _printf_core
    printf6.o(i.__0snprintf$6) refers to printf6.o(i._snputc) for _snputc
    printf6.o(i.__0sprintf$6) refers to printf6.o(i._printf_core) for _printf_core
    printf6.o(i.__0sprintf$6) refers to printf6.o(i._sputc) for _sputc
    printf6.o(i.__0vfprintf$6) refers to printf6.o(i._printf_core) for _printf_core
    printf6.o(i.__0vfprintf$6) refers to retarget.o(.text) for fputc
    printf6.o(i.__0vprintf$6) refers to printf6.o(i._printf_core) for _printf_core
    printf6.o(i.__0vprintf$6) refers to retarget.o(.text) for fputc
    printf6.o(i.__0vprintf$6) refers to stdout.o(.data) for __stdout
    printf6.o(i.__0vsnprintf$6) refers to printf6.o(i._printf_core) for _printf_core
    printf6.o(i.__0vsnprintf$6) refers to printf6.o(i._snputc) for _snputc
    printf6.o(i.__0vsprintf$6) refers to printf6.o(i._printf_core) for _printf_core
    printf6.o(i.__0vsprintf$6) refers to printf6.o(i._sputc) for _sputc
    printf6.o(i._printf_core) refers to printf6.o(i._printf_pre_padding) for _printf_pre_padding
    printf6.o(i._printf_core) refers to uidiv.o(.text) for __aeabi_uidivmod
    printf6.o(i._printf_core) refers to printf6.o(i._printf_post_padding) for _printf_post_padding
    printf7.o(i.__0fprintf$7) refers to printf7.o(i._printf_core) for _printf_core
    printf7.o(i.__0fprintf$7) refers to retarget.o(.text) for fputc
    printf7.o(i.__0printf$7) refers to printf7.o(i._printf_core) for _printf_core
    printf7.o(i.__0printf$7) refers to retarget.o(.text) for fputc
    printf7.o(i.__0printf$7) refers to stdout.o(.data) for __stdout
    printf7.o(i.__0snprintf$7) refers to printf7.o(i._printf_core) for _printf_core
    printf7.o(i.__0snprintf$7) refers to printf7.o(i._snputc) for _snputc
    printf7.o(i.__0sprintf$7) refers to printf7.o(i._printf_core) for _printf_core
    printf7.o(i.__0sprintf$7) refers to printf7.o(i._sputc) for _sputc
    printf7.o(i.__0vfprintf$7) refers to printf7.o(i._printf_core) for _printf_core
    printf7.o(i.__0vfprintf$7) refers to retarget.o(.text) for fputc
    printf7.o(i.__0vprintf$7) refers to printf7.o(i._printf_core) for _printf_core
    printf7.o(i.__0vprintf$7) refers to retarget.o(.text) for fputc
    printf7.o(i.__0vprintf$7) refers to stdout.o(.data) for __stdout
    printf7.o(i.__0vsnprintf$7) refers to printf7.o(i._printf_core) for _printf_core
    printf7.o(i.__0vsnprintf$7) refers to printf7.o(i._snputc) for _snputc
    printf7.o(i.__0vsprintf$7) refers to printf7.o(i._printf_core) for _printf_core
    printf7.o(i.__0vsprintf$7) refers to printf7.o(i._sputc) for _sputc
    printf7.o(i._printf_core) refers to printf7.o(i._printf_pre_padding) for _printf_pre_padding
    printf7.o(i._printf_core) refers to uldiv.o(.text) for __aeabi_uldivmod
    printf7.o(i._printf_core) refers to printf7.o(i._printf_post_padding) for _printf_post_padding
    printf8.o(i.__0fprintf$8) refers to printf8.o(i._printf_core) for _printf_core
    printf8.o(i.__0fprintf$8) refers to retarget.o(.text) for fputc
    printf8.o(i.__0printf$8) refers to printf8.o(i._printf_core) for _printf_core
    printf8.o(i.__0printf$8) refers to retarget.o(.text) for fputc
    printf8.o(i.__0printf$8) refers to stdout.o(.data) for __stdout
    printf8.o(i.__0snprintf$8) refers to printf8.o(i._printf_core) for _printf_core
    printf8.o(i.__0snprintf$8) refers to printf8.o(i._snputc) for _snputc
    printf8.o(i.__0sprintf$8) refers to printf8.o(i._printf_core) for _printf_core
    printf8.o(i.__0sprintf$8) refers to printf8.o(i._sputc) for _sputc
    printf8.o(i.__0vfprintf$8) refers to printf8.o(i._printf_core) for _printf_core
    printf8.o(i.__0vfprintf$8) refers to retarget.o(.text) for fputc
    printf8.o(i.__0vprintf$8) refers to printf8.o(i._printf_core) for _printf_core
    printf8.o(i.__0vprintf$8) refers to retarget.o(.text) for fputc
    printf8.o(i.__0vprintf$8) refers to stdout.o(.data) for __stdout
    printf8.o(i.__0vsnprintf$8) refers to printf8.o(i._printf_core) for _printf_core
    printf8.o(i.__0vsnprintf$8) refers to printf8.o(i._snputc) for _snputc
    printf8.o(i.__0vsprintf$8) refers to printf8.o(i._printf_core) for _printf_core
    printf8.o(i.__0vsprintf$8) refers to printf8.o(i._sputc) for _sputc
    printf8.o(i._printf_core) refers to printf8.o(i._printf_pre_padding) for _printf_pre_padding
    printf8.o(i._printf_core) refers to uldiv.o(.text) for __aeabi_uldivmod
    printf8.o(i._printf_core) refers to printf8.o(i._printf_post_padding) for _printf_post_padding
    printfa.o(i.__0fprintf) refers (Special) to iusefp.o(.text) for __I$use$fp
    printfa.o(i.__0fprintf) refers to printfa.o(i._printf_core) for _printf_core
    printfa.o(i.__0fprintf) refers to retarget.o(.text) for fputc
    printfa.o(i.__0printf) refers (Special) to iusefp.o(.text) for __I$use$fp
    printfa.o(i.__0printf) refers to printfa.o(i._printf_core) for _printf_core
    printfa.o(i.__0printf) refers to retarget.o(.text) for fputc
    printfa.o(i.__0printf) refers to stdout.o(.data) for __stdout
    printfa.o(i.__0snprintf) refers (Special) to iusefp.o(.text) for __I$use$fp
    printfa.o(i.__0snprintf) refers to printfa.o(i._printf_core) for _printf_core
    printfa.o(i.__0snprintf) refers to printfa.o(i._snputc) for _snputc
    printfa.o(i.__0sprintf) refers (Special) to iusefp.o(.text) for __I$use$fp
    printfa.o(i.__0sprintf) refers to printfa.o(i._printf_core) for _printf_core
    printfa.o(i.__0sprintf) refers to printfa.o(i._sputc) for _sputc
    printfa.o(i.__0vfprintf) refers (Special) to iusefp.o(.text) for __I$use$fp
    printfa.o(i.__0vfprintf) refers to printfa.o(i._printf_core) for _printf_core
    printfa.o(i.__0vfprintf) refers to retarget.o(.text) for fputc
    printfa.o(i.__0vprintf) refers (Special) to iusefp.o(.text) for __I$use$fp
    printfa.o(i.__0vprintf) refers to printfa.o(i._printf_core) for _printf_core
    printfa.o(i.__0vprintf) refers to retarget.o(.text) for fputc
    printfa.o(i.__0vprintf) refers to stdout.o(.data) for __stdout
    printfa.o(i.__0vsnprintf) refers (Special) to iusefp.o(.text) for __I$use$fp
    printfa.o(i.__0vsnprintf) refers to printfa.o(i._printf_core) for _printf_core
    printfa.o(i.__0vsnprintf) refers to printfa.o(i._snputc) for _snputc
    printfa.o(i.__0vsprintf) refers (Special) to iusefp.o(.text) for __I$use$fp
    printfa.o(i.__0vsprintf) refers to printfa.o(i._printf_core) for _printf_core
    printfa.o(i.__0vsprintf) refers to printfa.o(i._sputc) for _sputc
    printfa.o(i._fp_digits) refers (Special) to iusefp.o(.text) for __I$use$fp
    printfa.o(i._fp_digits) refers to dmul.o(.text) for __aeabi_dmul
    printfa.o(i._fp_digits) refers to ddiv.o(.text) for __aeabi_ddiv
    printfa.o(i._fp_digits) refers to cdrcmple.o(.text) for __aeabi_cdrcmple
    printfa.o(i._fp_digits) refers to dadd.o(.text) for __aeabi_dadd
    printfa.o(i._fp_digits) refers to dfixul.o(.text) for __aeabi_d2ulz
    printfa.o(i._fp_digits) refers to uldiv.o(.text) for __aeabi_uldivmod
    printfa.o(i._printf_core) refers (Special) to iusefp.o(.text) for __I$use$fp
    printfa.o(i._printf_core) refers to printfa.o(i._printf_pre_padding) for _printf_pre_padding
    printfa.o(i._printf_core) refers to uldiv.o(.text) for __aeabi_uldivmod
    printfa.o(i._printf_core) refers to printfa.o(i._printf_post_padding) for _printf_post_padding
    printfa.o(i._printf_core) refers to printfa.o(i._fp_digits) for _fp_digits
    printfa.o(i._printf_core) refers to uidiv.o(.text) for __aeabi_uidivmod
    printfa.o(i._printf_post_padding) refers (Special) to iusefp.o(.text) for __I$use$fp
    printfa.o(i._printf_pre_padding) refers (Special) to iusefp.o(.text) for __I$use$fp
    printfa.o(i._snputc) refers (Special) to iusefp.o(.text) for __I$use$fp
    printfa.o(i._sputc) refers (Special) to iusefp.o(.text) for __I$use$fp
    f2d.o(.text) refers (Special) to iusefp.o(.text) for __I$use$fp
    entry2.o(.ARM.Collect$$$$00000001) refers to entry2.o(.ARM.Collect$$$$00002712) for __lit__00000000
    entry2.o(.ARM.Collect$$$$00002712) refers to startup_armcm3.o(STACK) for __initial_sp
    entry2.o(__vectab_stack_and_reset_area) refers to startup_armcm3.o(STACK) for __initial_sp
    entry2.o(__vectab_stack_and_reset_area) refers to entry.o(.ARM.Collect$$$$00000000) for __main
    entry5.o(.ARM.Collect$$$$00000004) refers to init.o(.text) for __scatterload
    uldiv.o(.text) refers to llushr.o(.text) for __aeabi_llsr
    uldiv.o(.text) refers to llshl.o(.text) for __aeabi_llsl
    dadd.o(.text) refers to llshl.o(.text) for __aeabi_llsl
    dadd.o(.text) refers to llsshr.o(.text) for __aeabi_lasr
    dadd.o(.text) refers to depilogue.o(.text) for _double_epilogue
    dmul.o(.text) refers to depilogue.o(.text) for _double_epilogue
    ddiv.o(.text) refers to depilogue.o(.text) for _double_round
    dfixul.o(.text) refers to llushr.o(.text) for __aeabi_llsr
    dfixul.o(.text) refers to llshl.o(.text) for __aeabi_llsl
    init.o(.text) refers to entry5.o(.ARM.Collect$$$$00000004) for __main_after_scatterload
    depilogue.o(.text) refers to llshl.o(.text) for __aeabi_llsl
    depilogue.o(.text) refers to llushr.o(.text) for __aeabi_llsr


==============================================================================

Removing Unused input sections from the image.

    Removing startup_armcm3.o(HEAP), (0 bytes).
    Removing system_armcm3.o(.rev16_text), (4 bytes).
    Removing system_armcm3.o(.revsh_text), (4 bytes).
    Removing serial.o(.rev16_text), (4 bytes).
    Removing serial.o(.revsh_text), (4 bytes).
    Removing rt_cmsis.o(.rev16_text), (4 bytes).
    Removing rt_cmsis.o(.revsh_text), (4 bytes).
    Removing rt_system.o(.emb_text), (0 bytes).

8 unused section(s) (total 24 bytes) removed from the image.

==============================================================================

Image Symbol Table

    Local Symbols

    Symbol Name                              Value     Ov Type        Size  Object(Section)

    RESET                                    0x00000000   Section       68  startup_armcm3.o(RESET)
    ../../microlib/division.c                0x00000000   Number         0  uldiv.o ABSOLUTE
    ../../microlib/division.c                0x00000000   Number         0  uidiv.o ABSOLUTE
    ../../microlib/f2d.c                     0x00000000   Number         0  f2d.o ABSOLUTE
    ../../microlib/fpadd.c                   0x00000000   Number         0  dadd.o ABSOLUTE
    ../../microlib/fpdiv.c                   0x00000000   Number         0  ddiv.o ABSOLUTE
    ../../microlib/fpepilogue.c              0x00000000   Number         0  depilogue.o ABSOLUTE
    ../../microlib/fpfix.c                   0x00000000   Number         0  dfixul.o ABSOLUTE
    ../../microlib/fpmul.c                   0x00000000   Number         0  dmul.o ABSOLUTE
    ../../microlib/init/entry.s              0x00000000   Number         0  entry5.o ABSOLUTE
    ../../microlib/init/entry.s              0x00000000   Number         0  entry2.o ABSOLUTE
    ../../microlib/init/entry.s              0x00000000   Number         0  entry.o ABSOLUTE
    ../../microlib/init/entry.s              0x00000000   Number         0  entry7a.o ABSOLUTE
    ../../microlib/init/entry.s              0x00000000   Number         0  entry7b.o ABSOLUTE
    ../../microlib/longlong.c                0x00000000   Number         0  llsshr.o ABSOLUTE
    ../../microlib/longlong.c                0x00000000   Number         0  llushr.o ABSOLUTE
    ../../microlib/longlong.c                0x00000000   Number         0  llshl.o ABSOLUTE
    ../../microlib/printf/printf.c           0x00000000   Number         0  printf3.o ABSOLUTE
    ../../microlib/printf/printf.c           0x00000000   Number         0  printf4.o ABSOLUTE
    ../../microlib/printf/printf.c           0x00000000   Number         0  printf6.o ABSOLUTE
    ../../microlib/printf/printf.c           0x00000000   Number         0  printf7.o ABSOLUTE
    ../../microlib/printf/printf.c           0x00000000   Number         0  printf8.o ABSOLUTE
    ../../microlib/printf/printf.c           0x00000000   Number         0  printf5.o ABSOLUTE
    ../../microlib/printf/printf.c           0x00000000   Number         0  printfa.o ABSOLUTE
    ../../microlib/printf/printf.c           0x00000000   Number         0  printf1.o ABSOLUTE
    ../../microlib/printf/printf.c           0x00000000   Number         0  printf0.o ABSOLUTE
    ../../microlib/printf/printf.c           0x00000000   Number         0  printfb.o ABSOLUTE
    ../../microlib/printf/printf.c           0x00000000   Number         0  printf2.o ABSOLUTE
    ../../microlib/printf/stubs.s            0x00000000   Number         0  stubs.o ABSOLUTE
    ../../microlib/stdio/streams.c           0x00000000   Number         0  stdout.o ABSOLUTE
    ../../microlib/stubs.s                   0x00000000   Number         0  useno.o ABSOLUTE
    ../../microlib/stubs.s                   0x00000000   Number         0  iusefp.o ABSOLUTE
    ..\HAL_CM.c                              0x00000000   Number         0  hal_cm.o ABSOLUTE
    ..\Mail.c                                0x00000000   Number         0  mail.o ABSOLUTE
    ..\RTX_Conf_CM.c                         0x00000000   Number         0  rtx_conf_cm.o ABSOLUTE
    ..\Serial.c                              0x00000000   Number         0  serial.o ABSOLUTE
    ..\\Serial.c                             0x00000000   Number         0  serial.o ABSOLUTE
    ..\\rt_CMSIS.c                           0x00000000   Number         0  rt_cmsis.o ABSOLUTE
    ..\\rt_System.c                          0x00000000   Number         0  rt_system.o ABSOLUTE
    ..\\system_ARMCM3.c                      0x00000000   Number         0  system_armcm3.o ABSOLUTE
    ..\rt_CMSIS.c                            0x00000000   Number         0  rt_cmsis.o ABSOLUTE
    ..\rt_Event.c                            0x00000000   Number         0  rt_event.o ABSOLUTE
    ..\rt_List.c                             0x00000000   Number         0  rt_list.o ABSOLUTE
    ..\rt_Mailbox.c                          0x00000000   Number         0  rt_mailbox.o ABSOLUTE
    ..\rt_MemBox.c                           0x00000000   Number         0  rt_membox.o ABSOLUTE
    ..\rt_Memory.c                           0x00000000   Number         0  rt_memory.o ABSOLUTE
    ..\rt_Mutex.c                            0x00000000   Number         0  rt_mutex.o ABSOLUTE
    ..\rt_Robin.c                            0x00000000   Number         0  rt_robin.o ABSOLUTE
    ..\rt_Semaphore.c                        0x00000000   Number         0  rt_semaphore.o ABSOLUTE
    ..\rt_System.c                           0x00000000   Number         0  rt_system.o ABSOLUTE
    ..\rt_Task.c                             0x00000000   Number         0  rt_task.o ABSOLUTE
    ..\rt_Time.c                             0x00000000   Number         0  rt_time.o ABSOLUTE
    ..\system_ARMCM3.c                       0x00000000   Number         0  system_armcm3.o ABSOLUTE
    HAL_CM3.c                                0x00000000   Number         0  hal_cm3.o ABSOLUTE
    HAL_CM3.c                                0x00000000   Number         0  hal_cm3.o ABSOLUTE
    Retarget.c                               0x00000000   Number         0  retarget.o ABSOLUTE
    SVC_Table.s                              0x00000000   Number         0  SVC_Table.o ABSOLUTE
    cdrcmple.s                               0x00000000   Number         0  cdrcmple.o ABSOLUTE
    dc.s                                     0x00000000   Number         0  dc.o ABSOLUTE
    handlers.s                               0x00000000   Number         0  handlers.o ABSOLUTE
    init.s                                   0x00000000   Number         0  init.o ABSOLUTE
    startup_ARMCM3.s                         0x00000000   Number         0  startup_armcm3.o ABSOLUTE
    .ARM.Collect$$$$00000000                 0x00000044   Section        0  entry.o(.ARM.Collect$$$$00000000)
    .ARM.Collect$$$$00000001                 0x00000044   Section        4  entry2.o(.ARM.Collect$$$$00000001)
    .ARM.Collect$$$$00000004                 0x00000048   Section        4  entry5.o(.ARM.Collect$$$$00000004)
    .ARM.Collect$$$$00000008                 0x0000004c   Section        0  entry7b.o(.ARM.Collect$$$$00000008)
    .ARM.Collect$$$$000000FF                 0x0000004c   Section        0  rtx_conf_cm.o(.ARM.Collect$$$$000000FF)
    .ARM.Collect$$$$00002712                 0x0000005c   Section        4  entry2.o(.ARM.Collect$$$$00002712)
    __lit__00000000                          0x0000005c   Data           4  entry2.o(.ARM.Collect$$$$00002712)
    .emb_text                                0x00000060   Section      284  hal_cm3.o(.emb_text)
    .text                                    0x0000017c   Section       36  startup_armcm3.o(.text)
    .text                                    0x000001a0   Section        0  system_armcm3.o(.text)
    .text                                    0x000001b8   Section        0  rtx_conf_cm.o(.text)
    .text                                    0x000001c0   Section        0  serial.o(.text)
    .text                                    0x000001f8   Section        0  retarget.o(.text)
    .text                                    0x00000210   Section        0  mail.o(.text)
    .text                                    0x00000398   Section        0  rt_cmsis.o(.text)
    rt_ms2tick                               0x00000399   Thumb Code    50  rt_cmsis.o(.text)
    rt_timer_insert                          0x000006b3   Thumb Code    50  rt_cmsis.o(.text)
    rt_timer_remove                          0x000006e5   Thumb Code    56  rt_cmsis.o(.text)
    isrMessagePut                            0x00000803   Thumb Code    44  rt_cmsis.o(.text)
    rt_tid2ptcb                              0x00000e9f   Thumb Code    18  rt_cmsis.o(.text)
    rt_id2obj                                0x00000eb1   Thumb Code     8  rt_cmsis.o(.text)
    rt_clr_box                               0x00000eb9   Thumb Code    20  rt_cmsis.o(.text)
    .text                                    0x00000ed0   Section        0  rt_task.o(.text)
    rt_init_context                          0x00000ed1   Thumb Code    60  rt_task.o(.text)
    .text                                    0x00001264   Section        0  rt_system.o(.text)
    .text                                    0x0000138c   Section        0  rt_event.o(.text)
    .text                                    0x000014b8   Section        0  rt_list.o(.text)
    .text                                    0x000016cc   Section        0  rt_mailbox.o(.text)
    .text                                    0x0000199c   Section        0  rt_semaphore.o(.text)
    .text                                    0x00001a54   Section        0  rt_time.o(.text)
    .text                                    0x00001a94   Section        0  rt_mutex.o(.text)
    .text                                    0x00001ba4   Section        0  rt_membox.o(.text)
    .text                                    0x00001c42   Section        0  rt_memory.o(.text)
    .text                                    0x00001cc0   Section        0  hal_cm.o(.text)
    .text                                    0x00001d7c   Section        0  rt_robin.o(.text)
    .text                                    0x00001dd4   Section        0  f2d.o(.text)
    .text                                    0x00001e00   Section        0  uidiv.o(.text)
    .text                                    0x00001e2c   Section        0  uldiv.o(.text)
    .text                                    0x00001e8e   Section        0  dadd.o(.text)
    .text                                    0x00001e8e   Section        0  iusefp.o(.text)
    .text                                    0x00001fda   Section        0  dmul.o(.text)
    .text                                    0x000020ba   Section        0  ddiv.o(.text)
    .text                                    0x00002198   Section        0  dfixul.o(.text)
    .text                                    0x000021c8   Section       40  cdrcmple.o(.text)
    .text                                    0x000021f0   Section       36  init.o(.text)
    .text                                    0x00002214   Section        0  llshl.o(.text)
    .text                                    0x00002232   Section        0  llushr.o(.text)
    .text                                    0x00002252   Section        0  llsshr.o(.text)
    .text                                    0x00002276   Section        0  depilogue.o(.text)
    SVC_TABLE                                0x00002334   Section        4  SVC_Table.o(SVC_TABLE)
    i.__0printf                              0x00002338   Section        0  printfa.o(i.__0printf)
    i.__scatterload_copy                     0x00002358   Section       14  handlers.o(i.__scatterload_copy)
    i.__scatterload_null                     0x00002366   Section        2  handlers.o(i.__scatterload_null)
    i.__scatterload_zeroinit                 0x00002368   Section       14  handlers.o(i.__scatterload_zeroinit)
    i._fp_digits                             0x00002378   Section        0  printfa.o(i._fp_digits)
    _fp_digits                               0x00002379   Thumb Code   324  printfa.o(i._fp_digits)
    i._printf_core                           0x000024d0   Section        0  printfa.o(i._printf_core)
    _printf_core                             0x000024d1   Thumb Code  1782  printfa.o(i._printf_core)
    i._printf_post_padding                   0x00002bd4   Section        0  printfa.o(i._printf_post_padding)
    _printf_post_padding                     0x00002bd5   Thumb Code    38  printfa.o(i._printf_post_padding)
    i._printf_pre_padding                    0x00002bfa   Section        0  printfa.o(i._printf_pre_padding)
    _printf_pre_padding                      0x00002bfb   Thumb Code    48  printfa.o(i._printf_pre_padding)
    .constdata                               0x00002c2c   Section       88  rtx_conf_cm.o(.constdata)
    __tagsym$$used                           0x00002c40   Number         0  rtx_conf_cm.o(.constdata)
    __tagsym$$used                           0x00002c44   Number         0  rtx_conf_cm.o(.constdata)
    .constdata                               0x00002c84   Section       44  mail.o(.constdata)
    .data                                    0x20000000   Section        4  system_armcm3.o(.data)
    .data                                    0x20000004   Section       16  rtx_conf_cm.o(.data)
    .data                                    0x20000014   Section       20  mail.o(.data)
    .data                                    0x20000028   Section        4  rt_cmsis.o(.data)
    .data                                    0x2000002c   Section        8  rt_task.o(.data)
    .data                                    0x20000034   Section        3  rt_system.o(.data)
    os_lock                                  0x20000034   Data           1  rt_system.o(.data)
    os_psh_flag                              0x20000035   Data           1  rt_system.o(.data)
    pend_flags                               0x20000036   Data           1  rt_system.o(.data)
    .data                                    0x20000038   Section        2  rt_time.o(.data)
    .data                                    0x2000003a   Section        1  hal_cm.o(.data)
    .data                                    0x2000003c   Section        8  rt_robin.o(.data)
    .data                                    0x20000044   Section        4  stdout.o(.data)
    .bss                                     0x20000048   Section     2968  rtx_conf_cm.o(.bss)
    .bss                                     0x20000be0   Section      284  mail.o(.bss)
    .bss                                     0x20000cfc   Section       48  rt_task.o(.bss)
    .bss                                     0x20000d2c   Section       48  rt_list.o(.bss)
    STACK                                    0x20000d60   Section     1024  startup_armcm3.o(STACK)

    Global Symbols

    Symbol Name                              Value     Ov Type        Size  Object(Section)

    BuildAttributes$$THM_ISAv4$P$D$K$B$S$PE$A:L22UL41UL21$X:L11$S22US41US21$IEEE1$IW$USESV6$~STKCKD$USESV7$~SHL$OSPACE$ROPI$EBA8$MICROLIB$REQ8$PRES8$EABIv2 0x00000000   Number         0  anon$$obj.o ABSOLUTE
    __ARM_use_no_argv                        0x00000000   Number         0  mail.o ABSOLUTE
    __Vectors                                0x00000000   Data           4  startup_armcm3.o(RESET)
    __use_no_errno                           0x00000000   Number         0  useno.o ABSOLUTE
    __use_no_exception_handling              0x00000000   Number         0  useno.o ABSOLUTE
    __use_no_fp                              0x00000000   Number         0  useno.o ABSOLUTE
    __use_no_heap                            0x00000000   Number         0  useno.o ABSOLUTE
    __use_no_heap_region                     0x00000000   Number         0  useno.o ABSOLUTE
    __use_no_semihosting                     0x00000000   Number         0  useno.o ABSOLUTE
    __use_no_semihosting_swi                 0x00000000   Number         0  useno.o ABSOLUTE
    __use_no_signal_handling                 0x00000000   Number         0  useno.o ABSOLUTE
    _printf_a                                0x00000000   Number         0  stubs.o ABSOLUTE
    _printf_c                                0x00000000   Number         0  stubs.o ABSOLUTE
    _printf_charcount                        0x00000000   Number         0  stubs.o ABSOLUTE
    _printf_d                                0x00000000   Number         0  stubs.o ABSOLUTE
    _printf_e                                0x00000000   Number         0  stubs.o ABSOLUTE
    _printf_f                                0x00000000   Number         0  stubs.o ABSOLUTE
    _printf_flags                            0x00000000   Number         0  stubs.o ABSOLUTE
    _printf_fp_dec                           0x00000000   Number         0  stubs.o ABSOLUTE
    _printf_fp_hex                           0x00000000   Number         0  stubs.o ABSOLUTE
    _printf_g                                0x00000000   Number         0  stubs.o ABSOLUTE
    _printf_i                                0x00000000   Number         0  stubs.o ABSOLUTE
    _printf_int_dec                          0x00000000   Number         0  stubs.o ABSOLUTE
    _printf_l                                0x00000000   Number         0  stubs.o ABSOLUTE
    _printf_lc                               0x00000000   Number         0  stubs.o ABSOLUTE
    _printf_ll                               0x00000000   Number         0  stubs.o ABSOLUTE
    _printf_lld                              0x00000000   Number         0  stubs.o ABSOLUTE
    _printf_lli                              0x00000000   Number         0  stubs.o ABSOLUTE
    _printf_llo                              0x00000000   Number         0  stubs.o ABSOLUTE
    _printf_llu                              0x00000000   Number         0  stubs.o ABSOLUTE
    _printf_llx                              0x00000000   Number         0  stubs.o ABSOLUTE
    _printf_longlong_dec                     0x00000000   Number         0  stubs.o ABSOLUTE
    _printf_longlong_hex                     0x00000000   Number         0  stubs.o ABSOLUTE
    _printf_longlong_oct                     0x00000000   Number         0  stubs.o ABSOLUTE
    _printf_ls                               0x00000000   Number         0  stubs.o ABSOLUTE
    _printf_mbtowc                           0x00000000   Number         0  stubs.o ABSOLUTE
    _printf_n                                0x00000000   Number         0  stubs.o ABSOLUTE
    _printf_o                                0x00000000   Number         0  stubs.o ABSOLUTE
    _printf_p                                0x00000000   Number         0  stubs.o ABSOLUTE
    _printf_percent                          0x00000000   Number         0  stubs.o ABSOLUTE
    _printf_pre_padding                      0x00000000   Number         0  stubs.o ABSOLUTE
    _printf_return_value                     0x00000000   Number         0  stubs.o ABSOLUTE
    _printf_s                                0x00000000   Number         0  stubs.o ABSOLUTE
    _printf_sizespec                         0x00000000   Number         0  stubs.o ABSOLUTE
    _printf_str                              0x00000000   Number         0  stubs.o ABSOLUTE
    _printf_truncate_signed                  0x00000000   Number         0  stubs.o ABSOLUTE
    _printf_truncate_unsigned                0x00000000   Number         0  stubs.o ABSOLUTE
    _printf_u                                0x00000000   Number         0  stubs.o ABSOLUTE
    _printf_wc                               0x00000000   Number         0  stubs.o ABSOLUTE
    _printf_wctomb                           0x00000000   Number         0  stubs.o ABSOLUTE
    _printf_widthprec                        0x00000000   Number         0  stubs.o ABSOLUTE
    _printf_x                                0x00000000   Number         0  stubs.o ABSOLUTE
    __decompress                              - Undefined Weak Reference
    _clock_init                               - Undefined Weak Reference
    __Vectors_End                            0x00000044   Data           0  startup_armcm3.o(RESET)
    __Vectors_Size                           0x00000044   Number         0  startup_armcm3.o ABSOLUTE
    __main                                   0x00000045   Thumb Code     0  entry.o(.ARM.Collect$$$$00000000)
    _main_stk                                0x00000045   Thumb Code     0  entry2.o(.ARM.Collect$$$$00000001)
    _main_scatterload                        0x00000049   Thumb Code     0  entry5.o(.ARM.Collect$$$$00000004)
    __main_after_scatterload                 0x0000004d   Thumb Code     0  entry5.o(.ARM.Collect$$$$00000004)
    _main_clock                              0x0000004d   Thumb Code     0  entry7b.o(.ARM.Collect$$$$00000008)
    _main_init                               0x0000004d   Thumb Code    10  rtx_conf_cm.o(.ARM.Collect$$$$000000FF)
    rt_set_PSP                               0x00000061   Thumb Code     6  hal_cm3.o(.emb_text)
    os_set_env                               0x00000067   Thumb Code    26  hal_cm3.o(.emb_text)
    _alloc_box                               0x00000085   Thumb Code    28  hal_cm3.o(.emb_text)
    _free_box                                0x000000a5   Thumb Code    28  hal_cm3.o(.emb_text)
    SVC_Handler                              0x000000c5   Thumb Code   108  hal_cm3.o(.emb_text)
    PendSV_Handler                           0x0000013d   Thumb Code     0  hal_cm3.o(.emb_text)
    Sys_Handler                              0x0000013d   Thumb Code    60  hal_cm3.o(.emb_text)
    SysTick_Handler                          0x00000173   Thumb Code     0  hal_cm3.o(.emb_text)
    Reset_Handler                            0x0000017d   Thumb Code     8  startup_armcm3.o(.text)
    NMI_Handler                              0x00000185   Thumb Code     2  startup_armcm3.o(.text)
    HardFault_Handler                        0x00000187   Thumb Code     2  startup_armcm3.o(.text)
    MemManage_Handler                        0x00000189   Thumb Code     2  startup_armcm3.o(.text)
    BusFault_Handler                         0x0000018b   Thumb Code     2  startup_armcm3.o(.text)
    UsageFault_Handler                       0x0000018d   Thumb Code     2  startup_armcm3.o(.text)
    DebugMon_Handler                         0x00000191   Thumb Code     2  startup_armcm3.o(.text)
    DEF_IRQHandler                           0x00000197   Thumb Code     0  startup_armcm3.o(.text)
    SystemCoreClockUpdate                    0x000001a1   Thumb Code     8  system_armcm3.o(.text)
    SystemInit                               0x000001a9   Thumb Code     8  system_armcm3.o(.text)
    os_idle_demon                            0x000001b9   Thumb Code     4  rtx_conf_cm.o(.text)
    os_error                                 0x000001bd   Thumb Code     4  rtx_conf_cm.o(.text)
    SER_Init                                 0x000001c1   Thumb Code     2  serial.o(.text)
    SER_PutChar                              0x000001c3   Thumb Code    46  serial.o(.text)
    SER_GetChar                              0x000001f1   Thumb Code     4  serial.o(.text)
    fputc                                    0x000001f9   Thumb Code    14  retarget.o(.text)
    fgetc                                    0x00000207   Thumb Code    10  retarget.o(.text)
    send_thread                              0x00000211   Thumb Code   136  mail.o(.text)
    recv_thread                              0x00000299   Thumb Code    84  mail.o(.text)
    main                                     0x000002ed   Thumb Code    48  mail.o(.text)
    svcThreadGetId                           0x000003cb   Thumb Code    22  rt_cmsis.o(.text)
    svcThreadTerminate                       0x000003e1   Thumb Code    52  rt_cmsis.o(.text)
    osThreadExit                             0x00000415   Thumb Code    14  rt_cmsis.o(.text)
    __RL_RTX_VER                             0x00000422   Number         0  rt_system.o ABSOLUTE
    svcThreadCreate                          0x00000423   Thumb Code   102  rt_cmsis.o(.text)
    svcMessageCreate                         0x00000489   Thumb Code    36  rt_cmsis.o(.text)
    svcKernelStart                           0x000004ad   Thumb Code   176  rt_cmsis.o(.text)
    osKernelStart                            0x0000055d   Thumb Code    94  rt_cmsis.o(.text)
    osKernelRunning                          0x000005bb   Thumb Code    12  rt_cmsis.o(.text)
    svcThreadYield                           0x000005c7   Thumb Code    10  rt_cmsis.o(.text)
    svcThreadSetPriority                     0x000005d1   Thumb Code    46  rt_cmsis.o(.text)
    svcThreadGetPriority                     0x000005ff   Thumb Code    18  rt_cmsis.o(.text)
    osThreadCreate                           0x00000611   Thumb Code    18  rt_cmsis.o(.text)
    osThreadGetId                            0x00000623   Thumb Code    20  rt_cmsis.o(.text)
    osThreadTerminate                        0x00000637   Thumb Code    20  rt_cmsis.o(.text)
    osThreadYield                            0x0000064b   Thumb Code    20  rt_cmsis.o(.text)
    osThreadSetPriority                      0x0000065f   Thumb Code    20  rt_cmsis.o(.text)
    osThreadGetPriority                      0x00000673   Thumb Code    20  rt_cmsis.o(.text)
    svcDelay                                 0x00000687   Thumb Code    20  rt_cmsis.o(.text)
    osDelay                                  0x0000069b   Thumb Code    20  rt_cmsis.o(.text)
    osWait                                   0x000006af   Thumb Code     4  rt_cmsis.o(.text)
    svcTimerCall                             0x0000071d   Thumb Code    24  rt_cmsis.o(.text)
    svcTimerCreate                           0x00000735   Thumb Code    48  rt_cmsis.o(.text)
    svcTimerStart                            0x00000765   Thumb Code   122  rt_cmsis.o(.text)
    svcTimerStop                             0x000007df   Thumb Code    36  rt_cmsis.o(.text)
    sysTimerTick                             0x0000082f   Thumb Code    76  rt_cmsis.o(.text)
    osTimerCreate                            0x0000087b   Thumb Code    20  rt_cmsis.o(.text)
    osTimerStart                             0x0000088f   Thumb Code    20  rt_cmsis.o(.text)
    osTimerStop                              0x000008a3   Thumb Code    20  rt_cmsis.o(.text)
    osTimerCall                              0x000008b7   Thumb Code     8  rt_cmsis.o(.text)
    svcMessageGet                            0x000008bf   Thumb Code    58  rt_cmsis.o(.text)
    osMessageGet                             0x000008f9   Thumb Code    64  rt_cmsis.o(.text)
    osTimerThread                            0x00000939   Thumb Code    38  rt_cmsis.o(.text)
    svcSignalWait                            0x0000095f   Thumb Code    80  rt_cmsis.o(.text)
    svcSignalSet                             0x000009af   Thumb Code    36  rt_cmsis.o(.text)
    svcSignalClear                           0x000009d3   Thumb Code    36  rt_cmsis.o(.text)
    svcSignalGet                             0x000009f7   Thumb Code    18  rt_cmsis.o(.text)
    osSignalSet                              0x00000a09   Thumb Code    50  rt_cmsis.o(.text)
    osSignalClear                            0x00000a3b   Thumb Code    20  rt_cmsis.o(.text)
    osSignalGet                              0x00000a4f   Thumb Code    20  rt_cmsis.o(.text)
    osSignalWait                             0x00000a63   Thumb Code    20  rt_cmsis.o(.text)
    svcMutexCreate                           0x00000a77   Thumb Code    28  rt_cmsis.o(.text)
    svcMutexWait                             0x00000a93   Thumb Code    54  rt_cmsis.o(.text)
    svcMutexRelease                          0x00000ac9   Thumb Code    34  rt_cmsis.o(.text)
    osMutexCreate                            0x00000aeb   Thumb Code    20  rt_cmsis.o(.text)
    osMutexWait                              0x00000aff   Thumb Code    20  rt_cmsis.o(.text)
    osMutexRelease                           0x00000b13   Thumb Code    20  rt_cmsis.o(.text)
    svcSemaphoreCreate                       0x00000b27   Thumb Code    36  rt_cmsis.o(.text)
    svcSemaphoreWait                         0x00000b4b   Thumb Code    50  rt_cmsis.o(.text)
    svcSemaphoreRelease                      0x00000b7d   Thumb Code    26  rt_cmsis.o(.text)
    osSemaphoreCreate                        0x00000b97   Thumb Code    20  rt_cmsis.o(.text)
    osSemaphoreWait                          0x00000bab   Thumb Code    22  rt_cmsis.o(.text)
    osSemaphoreRelease                       0x00000bc1   Thumb Code    42  rt_cmsis.o(.text)
    svcPoolCreate                            0x00000beb   Thumb Code    54  rt_cmsis.o(.text)
    sysPoolAlloc                             0x00000c21   Thumb Code    32  rt_cmsis.o(.text)
    sysPoolFree                              0x00000c41   Thumb Code    20  rt_cmsis.o(.text)
    osPoolCreate                             0x00000c55   Thumb Code    18  rt_cmsis.o(.text)
    osPoolAlloc                              0x00000c67   Thumb Code    30  rt_cmsis.o(.text)
    osPoolCAlloc                             0x00000c85   Thumb Code    28  rt_cmsis.o(.text)
    osPoolFree                               0x00000ca1   Thumb Code    24  rt_cmsis.o(.text)
    svcMessagePut                            0x00000cb9   Thumb Code    54  rt_cmsis.o(.text)
    osMessageCreate                          0x00000cef   Thumb Code    20  rt_cmsis.o(.text)
    osMessagePut                             0x00000d03   Thumb Code    18  rt_cmsis.o(.text)
    svcMailCreate                            0x00000d15   Thumb Code    66  rt_cmsis.o(.text)
    sysMailAlloc                             0x00000d57   Thumb Code   104  rt_cmsis.o(.text)
    sysMailFree                              0x00000dbf   Thumb Code   102  rt_cmsis.o(.text)
    osMailCreate                             0x00000e25   Thumb Code    18  rt_cmsis.o(.text)
    osMailAlloc                              0x00000e37   Thumb Code    26  rt_cmsis.o(.text)
    osMailCAlloc                             0x00000e51   Thumb Code    24  rt_cmsis.o(.text)
    osMailFree                               0x00000e69   Thumb Code    20  rt_cmsis.o(.text)
    osMailPut                                0x00000e7d   Thumb Code    12  rt_cmsis.o(.text)
    osMailGet                                0x00000e89   Thumb Code    22  rt_cmsis.o(.text)
    rt_switch_req                            0x00000f0d   Thumb Code    30  rt_task.o(.text)
    rt_dispatch                              0x00000f2b   Thumb Code    58  rt_task.o(.text)
    rt_block                                 0x00000f65   Thumb Code    46  rt_task.o(.text)
    rt_tsk_pass                              0x00000f93   Thumb Code    36  rt_task.o(.text)
    rt_tsk_self                              0x00000fb7   Thumb Code    12  rt_task.o(.text)
    rt_tsk_prio                              0x00000fc3   Thumb Code    98  rt_task.o(.text)
    rt_tsk_create                            0x00001025   Thumb Code   112  rt_task.o(.text)
    rt_tsk_delete                            0x00001095   Thumb Code   144  rt_task.o(.text)
    rt_sys_init                              0x00001125   Thumb Code   240  rt_task.o(.text)
    rt_tsk_lock                              0x00001265   Thumb Code    30  rt_system.o(.text)
    rt_tsk_unlock                            0x00001283   Thumb Code    32  rt_system.o(.text)
    rt_psh_req                               0x000012a3   Thumb Code    22  rt_system.o(.text)
    rt_pop_req                               0x000012b9   Thumb Code   106  rt_system.o(.text)
    rt_systick                               0x00001323   Thumb Code    48  rt_system.o(.text)
    rt_stk_check                             0x00001353   Thumb Code    28  rt_system.o(.text)
    rt_evt_wait                              0x0000138d   Thumb Code    58  rt_event.o(.text)
    rt_evt_set                               0x000013c7   Thumb Code    88  rt_event.o(.text)
    rt_evt_clr                               0x0000141f   Thumb Code    22  rt_event.o(.text)
    isr_evt_set                              0x00001435   Thumb Code    34  rt_event.o(.text)
    rt_evt_get                               0x00001457   Thumb Code     8  rt_event.o(.text)
    rt_evt_psh                               0x0000145f   Thumb Code    76  rt_event.o(.text)
    rt_put_prio                              0x000014b9   Thumb Code    54  rt_list.o(.text)
    rt_get_first                             0x000014ef   Thumb Code    40  rt_list.o(.text)
    rt_put_rdy_first                         0x00001517   Thumb Code    14  rt_list.o(.text)
    rt_get_same_rdy_prio                     0x00001525   Thumb Code    26  rt_list.o(.text)
    rt_rmv_list                              0x0000153f   Thumb Code    44  rt_list.o(.text)
    rt_resort_prio                           0x0000156b   Thumb Code    44  rt_list.o(.text)
    rt_put_dly                               0x00001597   Thumb Code    70  rt_list.o(.text)
    rt_dec_dly                               0x000015dd   Thumb Code   102  rt_list.o(.text)
    rt_rmv_dly                               0x00001643   Thumb Code    40  rt_list.o(.text)
    rt_psq_enq                               0x0000166b   Thumb Code    80  rt_list.o(.text)
    rt_mbx_init                              0x000016cd   Thumb Code    26  rt_mailbox.o(.text)
    rt_mbx_send                              0x000016e7   Thumb Code   164  rt_mailbox.o(.text)
    rt_mbx_wait                              0x0000178b   Thumb Code   172  rt_mailbox.o(.text)
    rt_mbx_check                             0x00001837   Thumb Code     8  rt_mailbox.o(.text)
    isr_mbx_send                             0x0000183f   Thumb Code    14  rt_mailbox.o(.text)
    isr_mbx_receive                          0x0000184d   Thumb Code    80  rt_mailbox.o(.text)
    rt_mbx_psh                               0x0000189d   Thumb Code   248  rt_mailbox.o(.text)
    rt_sem_init                              0x0000199d   Thumb Code    12  rt_semaphore.o(.text)
    rt_sem_send                              0x000019a9   Thumb Code    42  rt_semaphore.o(.text)
    rt_sem_wait                              0x000019d3   Thumb Code    56  rt_semaphore.o(.text)
    isr_sem_send                             0x00001a0b   Thumb Code    16  rt_semaphore.o(.text)
    rt_sem_psh                               0x00001a1b   Thumb Code    48  rt_semaphore.o(.text)
    rt_dly_wait                              0x00001a55   Thumb Code     6  rt_time.o(.text)
    rt_itv_set                               0x00001a5b   Thumb Code    16  rt_time.o(.text)
    rt_itv_wait                              0x00001a6b   Thumb Code    34  rt_time.o(.text)
    rt_mut_init                              0x00001a95   Thumb Code    16  rt_mutex.o(.text)
    rt_mut_release                           0x00001aa5   Thumb Code   150  rt_mutex.o(.text)
    rt_mut_wait                              0x00001b3b   Thumb Code    96  rt_mutex.o(.text)
    _init_box                                0x00001ba5   Thumb Code    70  rt_membox.o(.text)
    rt_alloc_box                             0x00001beb   Thumb Code    26  rt_membox.o(.text)
    _calloc_box                              0x00001c05   Thumb Code    30  rt_membox.o(.text)
    rt_free_box                              0x00001c23   Thumb Code    32  rt_membox.o(.text)
    rt_init_mem                              0x00001c43   Thumb Code    26  rt_memory.o(.text)
    rt_alloc_mem                             0x00001c5d   Thumb Code    60  rt_memory.o(.text)
    rt_free_mem                              0x00001c99   Thumb Code    40  rt_memory.o(.text)
    rt_init_stack                            0x00001cc1   Thumb Code    70  hal_cm.o(.text)
    rt_ret_val                               0x00001d07   Thumb Code     6  hal_cm.o(.text)
    rt_ret_val2                              0x00001d0d   Thumb Code     8  hal_cm.o(.text)
    dbg_init                                 0x00001d15   Thumb Code    34  hal_cm.o(.text)
    dbg_task_notify                          0x00001d37   Thumb Code    32  hal_cm.o(.text)
    dbg_task_switch                          0x00001d57   Thumb Code    16  hal_cm.o(.text)
    rt_init_robin                            0x00001d7d   Thumb Code    14  rt_robin.o(.text)
    rt_chk_robin                             0x00001d8b   Thumb Code    58  rt_robin.o(.text)
    __aeabi_f2d                              0x00001dd5   Thumb Code    44  f2d.o(.text)
    __aeabi_uidiv                            0x00001e01   Thumb Code     0  uidiv.o(.text)
    __aeabi_uidivmod                         0x00001e01   Thumb Code    44  uidiv.o(.text)
    __aeabi_uldivmod                         0x00001e2d   Thumb Code    98  uldiv.o(.text)
    __I$use$fp                               0x00001e8f   Thumb Code     0  iusefp.o(.text)
    __aeabi_dadd                             0x00001e8f   Thumb Code   320  dadd.o(.text)
    __aeabi_dsub                             0x00001fcf   Thumb Code     6  dadd.o(.text)
    __aeabi_drsub                            0x00001fd5   Thumb Code     6  dadd.o(.text)
    __aeabi_dmul                             0x00001fdb   Thumb Code   224  dmul.o(.text)
    __aeabi_ddiv                             0x000020bb   Thumb Code   222  ddiv.o(.text)
    __aeabi_d2ulz                            0x00002199   Thumb Code    48  dfixul.o(.text)
    __aeabi_cdrcmple                         0x000021c9   Thumb Code    38  cdrcmple.o(.text)
    __scatterload                            0x000021f1   Thumb Code    28  init.o(.text)
    __scatterload_rt2                        0x000021f1   Thumb Code     0  init.o(.text)
    __aeabi_llsl                             0x00002215   Thumb Code    30  llshl.o(.text)
    _ll_shift_l                              0x00002215   Thumb Code     0  llshl.o(.text)
    __aeabi_llsr                             0x00002233   Thumb Code    32  llushr.o(.text)
    _ll_ushift_r                             0x00002233   Thumb Code     0  llushr.o(.text)
    __aeabi_lasr                             0x00002253   Thumb Code    36  llsshr.o(.text)
    _ll_sshift_r                             0x00002253   Thumb Code     0  llsshr.o(.text)
    _double_round                            0x00002277   Thumb Code    26  depilogue.o(.text)
    _double_epilogue                         0x00002291   Thumb Code   164  depilogue.o(.text)
    SVC_Count                                0x00002334   Data           4  SVC_Table.o(SVC_TABLE)
    SVC_Table                                0x00002338   Data           0  SVC_Table.o(SVC_TABLE)
    __0printf                                0x00002339   Thumb Code    22  printfa.o(i.__0printf)
    __1printf                                0x00002339   Thumb Code     0  printfa.o(i.__0printf)
    __2printf                                0x00002339   Thumb Code     0  printfa.o(i.__0printf)
    __c89printf                              0x00002339   Thumb Code     0  printfa.o(i.__0printf)
    printf                                   0x00002339   Thumb Code     0  printfa.o(i.__0printf)
    __scatterload_copy                       0x00002359   Thumb Code    14  handlers.o(i.__scatterload_copy)
    __scatterload_null                       0x00002367   Thumb Code     2  handlers.o(i.__scatterload_null)
    __scatterload_zeroinit                   0x00002369   Thumb Code    14  handlers.o(i.__scatterload_zeroinit)
    os_maxtaskrun                            0x00002c2c   Data           2  rtx_conf_cm.o(.constdata)
    os_stackinfo                             0x00002c30   Data           4  rtx_conf_cm.o(.constdata)
    os_rrobin                                0x00002c34   Data           4  rtx_conf_cm.o(.constdata)
    os_trv                                   0x00002c38   Data           4  rtx_conf_cm.o(.constdata)
    os_flags                                 0x00002c3c   Data           1  rtx_conf_cm.o(.constdata)
    os_clockrate                             0x00002c40   Data           4  rtx_conf_cm.o(.constdata)
    os_timernum                              0x00002c44   Data           4  rtx_conf_cm.o(.constdata)
    mp_tcb_size                              0x00002c48   Data           2  rtx_conf_cm.o(.constdata)
    mp_stk_size                              0x00002c4c   Data           4  rtx_conf_cm.o(.constdata)
    os_stack_sz                              0x00002c50   Data           4  rtx_conf_cm.o(.constdata)
    os_fifo_size                             0x00002c54   Data           1  rtx_conf_cm.o(.constdata)
    os_thread_def_osTimerThread              0x00002c58   Data          16  rtx_conf_cm.o(.constdata)
    os_messageQ_def_osTimerMessageQ          0x00002c68   Data           8  rtx_conf_cm.o(.constdata)
    mp_tmr_size                              0x00002c70   Data           2  rtx_conf_cm.o(.constdata)
    os_thread_def_main                       0x00002c74   Data          16  rtx_conf_cm.o(.constdata)
    os_mailQ_def_mail                        0x00002c84   Data          12  mail.o(.constdata)
    os_thread_def_send_thread                0x00002c90   Data          16  mail.o(.constdata)
    os_thread_def_recv_thread                0x00002ca0   Data          16  mail.o(.constdata)
    Region$$Table$$Base                      0x00002cb0   Number         0  anon$$obj.o(Region$$Table)
    Region$$Table$$Limit                     0x00002cd0   Number         0  anon$$obj.o(Region$$Table)
    SystemCoreClock                          0x20000000   Data           4  system_armcm3.o(.data)
    os_tmr                                   0x20000004   Data           4  rtx_conf_cm.o(.data)
    m_tmr                                    0x20000008   Data           4  rtx_conf_cm.o(.data)
    osThreadId_osTimerThread                 0x2000000c   Data           4  rtx_conf_cm.o(.data)
    osMessageQId_osTimerMessageQ             0x20000010   Data           4  rtx_conf_cm.o(.data)
    os_mailQ_p_mail                          0x20000014   Data           8  mail.o(.data)
    tid_thread1                              0x2000001c   Data           4  mail.o(.data)
    tid_thread2                              0x20000020   Data           4  mail.o(.data)
    mail                                     0x20000024   Data           4  mail.o(.data)
    os_timer_head                            0x20000028   Data           4  rt_cmsis.o(.data)
    os_tsk                                   0x2000002c   Data           8  rt_task.o(.data)
    os_time                                  0x20000038   Data           2  rt_time.o(.data)
    dbg_msg                                  0x2000003a   Data           1  hal_cm.o(.data)
    os_robin                                 0x2000003c   Data           8  rt_robin.o(.data)
    __stdout                                 0x20000044   Data           4  stdout.o(.data)
    mp_tcb                                   0x20000048   Data         156  rtx_conf_cm.o(.bss)
    mp_stk                                   0x200000e8   Data         416  rtx_conf_cm.o(.bss)
    os_stack_mem                             0x20000288   Data        2232  rtx_conf_cm.o(.bss)
    os_fifo                                  0x20000b40   Data         132  rtx_conf_cm.o(.bss)
    os_active_TCB                            0x20000bc4   Data          12  rtx_conf_cm.o(.bss)
    os_messageQ_q_osTimerMessageQ            0x20000bd0   Data          16  rtx_conf_cm.o(.bss)
    os_mailQ_q_mail                          0x20000be0   Data          80  mail.o(.bss)
    os_mailQ_m_mail                          0x20000c30   Data         204  mail.o(.bss)
    os_idle_TCB                              0x20000cfc   Data          48  rt_task.o(.bss)
    os_rdy                                   0x20000d2c   Data          24  rt_list.o(.bss)
    os_dly                                   0x20000d44   Data          24  rt_list.o(.bss)
    __initial_sp                             0x20001160   Data           0  startup_armcm3.o(STACK)



==============================================================================

Memory Map of the image

  Image Entry point : 0x00000045

  Load Region LR_ROM1 (Base: 0x00000000, Size: 0x00002d18, Max: 0x00010000, ABSOLUTE)

    Execution Region ER_ROM1 (Base: 0x00000000, Size: 0x00002cd0, Max: 0x00010000, ABSOLUTE)

    Base Addr    Size         Type   Attr      Idx    E Section Name        Object

    0x00000000   0x00000044   Data   RO            3    RESET               startup_armcm3.o
    0x00000044   0x00000000   Code   RO          425  * .ARM.Collect$$$$00000000  mc_w.l(entry.o)
    0x00000044   0x00000004   Code   RO          691    .ARM.Collect$$$$00000001  mc_w.l(entry2.o)
    0x00000048   0x00000004   Code   RO          694    .ARM.Collect$$$$00000004  mc_w.l(entry5.o)
    0x0000004c   0x00000000   Code   RO          696    .ARM.Collect$$$$00000008  mc_w.l(entry7b.o)
    0x0000004c   0x00000010   Code   RO           53    .ARM.Collect$$$$000000FF  rtx_conf_cm.o
    0x0000005c   0x00000004   Code   RO          692    .ARM.Collect$$$$00002712  mc_w.l(entry2.o)
    0x00000060   0x0000011c   Code   RO          412    .emb_text           RTX_CM3.lib(hal_cm3.o)
    0x0000017c   0x00000024   Code   RO            4    .text               startup_armcm3.o
    0x000001a0   0x00000018   Code   RO           12    .text               system_armcm3.o
    0x000001b8   0x00000008   Code   RO           54    .text               rtx_conf_cm.o
    0x000001c0   0x00000038   Code   RO           87    .text               serial.o
    0x000001f8   0x00000018   Code   RO          116    .text               retarget.o
    0x00000210   0x00000188   Code   RO          142    .text               mail.o
    0x00000398   0x00000b38   Code   RO          164    .text               RTX_CM3.lib(rt_cmsis.o)
    0x00000ed0   0x00000394   Code   RO          227    .text               RTX_CM3.lib(rt_task.o)
    0x00001264   0x00000128   Code   RO          254    .text               RTX_CM3.lib(rt_system.o)
    0x0000138c   0x0000012c   Code   RO          270    .text               RTX_CM3.lib(rt_event.o)
    0x000014b8   0x00000214   Code   RO          282    .text               RTX_CM3.lib(rt_list.o)
    0x000016cc   0x000002d0   Code   RO          304    .text               RTX_CM3.lib(rt_mailbox.o)
    0x0000199c   0x000000b8   Code   RO          316    .text               RTX_CM3.lib(rt_semaphore.o)
    0x00001a54   0x00000040   Code   RO          328    .text               RTX_CM3.lib(rt_time.o)
    0x00001a94   0x00000110   Code   RO          343    .text               RTX_CM3.lib(rt_mutex.o)
    0x00001ba4   0x0000009e   Code   RO          355    .text               RTX_CM3.lib(rt_membox.o)
    0x00001c42   0x0000007e   Code   RO          367    .text               RTX_CM3.lib(rt_memory.o)
    0x00001cc0   0x000000bc   Code   RO          379    .text               RTX_CM3.lib(hal_cm.o)
    0x00001d7c   0x00000058   Code   RO          397    .text               RTX_CM3.lib(rt_robin.o)
    0x00001dd4   0x0000002c   Code   RO          689    .text               mf_w.l(f2d.o)
    0x00001e00   0x0000002c   Code   RO          698    .text               mc_w.l(uidiv.o)
    0x00001e2c   0x00000062   Code   RO          700    .text               mc_w.l(uldiv.o)
    0x00001e8e   0x00000000   Code   RO          702    .text               mc_w.l(iusefp.o)
    0x00001e8e   0x0000014c   Code   RO          703    .text               mf_w.l(dadd.o)
    0x00001fda   0x000000e0   Code   RO          705    .text               mf_w.l(dmul.o)
    0x000020ba   0x000000de   Code   RO          707    .text               mf_w.l(ddiv.o)
    0x00002198   0x00000030   Code   RO          709    .text               mf_w.l(dfixul.o)
    0x000021c8   0x00000028   Code   RO          711    .text               mf_w.l(cdrcmple.o)
    0x000021f0   0x00000024   Code   RO          713    .text               mc_w.l(init.o)
    0x00002214   0x0000001e   Code   RO          715    .text               mc_w.l(llshl.o)
    0x00002232   0x00000020   Code   RO          717    .text               mc_w.l(llushr.o)
    0x00002252   0x00000024   Code   RO          719    .text               mc_w.l(llsshr.o)
    0x00002276   0x000000be   Code   RO          721    .text               mf_w.l(depilogue.o)
    0x00002334   0x00000004   Code   RO          422    SVC_TABLE           RTX_CM3.lib(SVC_Table.o)
    0x00002338   0x00000020   Code   RO          661    i.__0printf         mc_w.l(printfa.o)
    0x00002358   0x0000000e   Code   RO          725    i.__scatterload_copy  mc_w.l(handlers.o)
    0x00002366   0x00000002   Code   RO          726    i.__scatterload_null  mc_w.l(handlers.o)
    0x00002368   0x0000000e   Code   RO          727    i.__scatterload_zeroinit  mc_w.l(handlers.o)
    0x00002376   0x00000002   PAD
    0x00002378   0x00000158   Code   RO          668    i._fp_digits        mc_w.l(printfa.o)
    0x000024d0   0x00000704   Code   RO          669    i._printf_core      mc_w.l(printfa.o)
    0x00002bd4   0x00000026   Code   RO          670    i._printf_post_padding  mc_w.l(printfa.o)
    0x00002bfa   0x00000030   Code   RO          671    i._printf_pre_padding  mc_w.l(printfa.o)
    0x00002c2a   0x00000002   PAD
    0x00002c2c   0x00000058   Data   RO           56    .constdata          rtx_conf_cm.o
    0x00002c84   0x0000002c   Data   RO          144    .constdata          mail.o
    0x00002cb0   0x00000020   Data   RO          723    Region$$Table       anon$$obj.o


    Execution Region RW_RAM1 (Base: 0x20000000, Size: 0x00001160, Max: 0x00004000, ABSOLUTE)

    Base Addr    Size         Type   Attr      Idx    E Section Name        Object

    0x20000000   0x00000004   Data   RW           13    .data               system_armcm3.o
    0x20000004   0x00000010   Data   RW           57    .data               rtx_conf_cm.o
    0x20000014   0x00000014   Data   RW          145    .data               mail.o
    0x20000028   0x00000004   Data   RW          165    .data               RTX_CM3.lib(rt_cmsis.o)
    0x2000002c   0x00000008   Data   RW          229    .data               RTX_CM3.lib(rt_task.o)
    0x20000034   0x00000003   Data   RW          255    .data               RTX_CM3.lib(rt_system.o)
    0x20000037   0x00000001   PAD
    0x20000038   0x00000002   Data   RW          329    .data               RTX_CM3.lib(rt_time.o)
    0x2000003a   0x00000001   Data   RW          380    .data               RTX_CM3.lib(hal_cm.o)
    0x2000003b   0x00000001   PAD
    0x2000003c   0x00000008   Data   RW          398    .data               RTX_CM3.lib(rt_robin.o)
    0x20000044   0x00000004   Data   RW          697    .data               mc_w.l(stdout.o)
    0x20000048   0x00000b98   Zero   RW           55    .bss                rtx_conf_cm.o
    0x20000be0   0x0000011c   Zero   RW          143    .bss                mail.o
    0x20000cfc   0x00000030   Zero   RW          228    .bss                RTX_CM3.lib(rt_task.o)
    0x20000d2c   0x00000030   Zero   RW          283    .bss                RTX_CM3.lib(rt_list.o)
    0x20000d5c   0x00000004   PAD
    0x20000d60   0x00000400   Zero   RW            1    STACK               startup_armcm3.o


==============================================================================

Image component sizes


      Code (inc. data)   RO Data    RW Data    ZI Data      Debug   Object Name

       392        124         44         20        284       1788   mail.o
        24          0          0          0          0       1762   retarget.o
        24          6         88         16       2968       6292   rtx_conf_cm.o
        56          4          0          0          0      16118   serial.o
        36          8         68          0       1024        736   startup_armcm3.o
        24          8          0          4          0       5905   system_armcm3.o

    ----------------------------------------------------------------------
       556        150        232         40       4276      32601   Object Totals
         0          0         32          0          0          0   (incl. Generated)
         0          0          0          0          0          0   (incl. Padding)

    ----------------------------------------------------------------------

      Code (inc. data)   RO Data    RW Data    ZI Data      Debug   Library Member Name

         4          4          0          0          0        132   SVC_Table.o
       188         22          0          1          0       1686   hal_cm.o
       284         30          0          0          0        532   hal_cm3.o
      2872         68          0          4          0      35457   rt_cmsis.o
       300         14          0          0          0       2062   rt_event.o
       532         18          0          0         48       5154   rt_list.o
       720          8          0          0          0       2915   rt_mailbox.o
       158          0          0          0          0       1593   rt_membox.o
       126          0          0          0          0       1555   rt_memory.o
       272         10          0          0          0       1285   rt_mutex.o
        88         16          0          8          0        704   rt_robin.o
       184         10          0          0          0       1614   rt_semaphore.o
       296         30          0          3          0       1454   rt_system.o
       916         80          0          8         48       5782   rt_task.o
        64          8          0          2          0        863   rt_time.o
         0          0          0          0          0          0   entry.o
         8          4          0          0          0          0   entry2.o
         4          0          0          0          0          0   entry5.o
         0          0          0          0          0          0   entry7b.o
        30          0          0          0          0          0   handlers.o
        36          8          0          0          0         68   init.o
         0          0          0          0          0          0   iusefp.o
        30          0          0          0          0         68   llshl.o
        36          0          0          0          0         68   llsshr.o
        32          0          0          0          0         68   llushr.o
      2258         88          0          0          0        444   printfa.o
         0          0          0          4          0          0   stdout.o
        44          0          0          0          0         80   uidiv.o
        98          0          0          0          0         92   uldiv.o
        40          2          0          0          0         68   cdrcmple.o
       332          0          0          0          0        148   dadd.o
       222          0          0          0          0        100   ddiv.o
       190          0          0          0          0        176   depilogue.o
        48          0          0          0          0         68   dfixul.o
       224          0          0          0          0         96   dmul.o
        44          0          0          0          0         68   f2d.o

    ----------------------------------------------------------------------
     10684        420          0         32        100      64400   Library Totals
         4          0          0          2          4          0   (incl. Padding)

    ----------------------------------------------------------------------

      Code (inc. data)   RO Data    RW Data    ZI Data      Debug   Library Name

      7004        318          0         26         96      62788   RTX_CM3.lib
      2576        100          0          4          0        888   mc_w.l
      1100          2          0          0          0        724   mf_w.l

    ----------------------------------------------------------------------
     10684        420          0         32        100      64400   Library Totals

    ----------------------------------------------------------------------

==============================================================================


      Code (inc. data)   RO Data    RW Data    ZI Data      Debug   

     11240        570        232         72       4376      94245   Grand Totals
     11240        570        232         72       4376      94245   ELF Image Totals
     11240        570        232         72          0          0   ROM Totals

==============================================================================

    Total RO  Size (Code + RO Data)                11472 (  11.20kB)
    Total RW  Size (RW Data + ZI Data)              4448 (   4.34kB)
    Total ROM Size (Code + RO Data + RW Data)      11544 (  11.27kB)

==============================================================================

