<html>
<body>
<pre>
<h1>µVision Build Log</h1>
<h2>Project:</h2>
C:\Users\niall.cooling\Documents\CMSIS-RTOS\RTX\Examples\Message\ARM\Message.uvproj
Project File Date:  02/24/2012

<h2>Output:</h2>
Rebuild target 'Simulator'
assembling startup_ARMCM3.s...
compiling system_ARMCM3.c...
compiling RTX_Conf_CM.c...
compiling Serial.c...
compiling Retarget.c...
compiling Message.c...
linking...
Program Size: Code=11260 RO-data=240 RW-data=68 ZI-data=4380  
".\Obj\Message.axf" - 0 Error(s), 0 Warning(s).
