<!doctype html public "-//w3c//dtd html 4.0 transitional//en">
<html><head>
<title>Static Call Graph - [.\obj\Example1.axf]</title></head>
<body><HR>
<H1>Static Call Graph for image .\obj\Example1.axf</H1><HR>
<BR><P>#&#060CALLGRAPH&#062# ARM Linker, 4.1 [Build 894]: Last Updated: Fri May 18 12:08:11 2012
<BR><P>
<H3>Maximum Stack Usage =       1496 bytes + Unknown(Functions without stacksize, Cycles, Untraceable Function Pointers)</H3><H3>
Call chain for Maximum Stack Depth:</H3>
std::basic_filebuf&lang;char, std::char_traits&lang;char&rang;&rang;::sync() &rArr; std::use_facet&lang;std::codecvt&lang;char, char, std::__mbstate_t&rang;&rang;(const std::locale&) &rArr; std::locale::_C_use_facet(const std::locale::id&, bool, int, __rw::__rw_facet_base*(*)(int, const char*, unsigned)) const &rArr; std::locale::_C_make_facet(const std::locale::id&, bool, int, __rw::__rw_facet_base*(*)(int, const char*, unsigned)) const &rArr; __rw::__rw_throw(int, ...) &rArr; std::__rw_exception::_C_vformat(int, std::__va_list) &rArr; __rw::__rw_vfmatstr(char*, unsigned, int, std::__va_list) &rArr; std::locale::locale() &rArr; std::locale::_C_init() &rArr; __rw::__rw_locale_imp::__rw_locale_imp(const char*, unsigned, unsigned) &rArr; __aeabi_vec_new_cookie &rArr; __cxa_vec_new &rArr; __ARM_array_new_general &rArr; __cxa_rethrow &rArr; _Unwind_RaiseException &rArr; __ARM_Unwind_RaiseException &rArr; malloc &rArr; _malloc_internal &rArr; __Heap_Full &rArr; __Heap_ProvideMemory &rArr; _free_internal &rArr; _mutex_release
<P>
<H3>
Functions with no stack information
</H3><UL>
 <LI><a href="#[1c]">SysTick_Handler</a>
 <LI><a href="#[1c9]">__user_initial_stackheap</a>
</UL>
</UL>
<P>
<H3>
Mutually Recursive functions
</H3> <LI><a href="#[14]">NMI_Handler</a>&nbsp;&nbsp;&nbsp;&rArr;&nbsp;&nbsp;&nbsp;<a href="#[14]">NMI_Handler</a><BR>
 <LI><a href="#[15]">HardFault_Handler</a>&nbsp;&nbsp;&nbsp;&rArr;&nbsp;&nbsp;&nbsp;<a href="#[15]">HardFault_Handler</a><BR>
 <LI><a href="#[16]">MemManage_Handler</a>&nbsp;&nbsp;&nbsp;&rArr;&nbsp;&nbsp;&nbsp;<a href="#[16]">MemManage_Handler</a><BR>
 <LI><a href="#[17]">BusFault_Handler</a>&nbsp;&nbsp;&nbsp;&rArr;&nbsp;&nbsp;&nbsp;<a href="#[17]">BusFault_Handler</a><BR>
 <LI><a href="#[18]">UsageFault_Handler</a>&nbsp;&nbsp;&nbsp;&rArr;&nbsp;&nbsp;&nbsp;<a href="#[18]">UsageFault_Handler</a><BR>
 <LI><a href="#[1a]">DebugMon_Handler</a>&nbsp;&nbsp;&nbsp;&rArr;&nbsp;&nbsp;&nbsp;<a href="#[1a]">DebugMon_Handler</a><BR>
 <LI><a href="#[1d]">DEF_IRQHandler</a>&nbsp;&nbsp;&nbsp;&rArr;&nbsp;&nbsp;&nbsp;<a href="#[1d]">DEF_IRQHandler</a><BR>
 <LI><a href="#[364]">std::basic_string&lang;char, std::char_traits&lang;char&rang;, std::allocator&lang;char&rang;&rang;::replace(unsigned, unsigned, const char*, unsigned, unsigned, unsigned)</a>&nbsp;&nbsp;&nbsp;&rArr;&nbsp;&nbsp;&nbsp;<a href="#[284]">__rw::__rw_throw(int, ...)</a><BR>
 <LI><a href="#[28e]">__rw::__rw_allocate(unsigned, int)</a>&nbsp;&nbsp;&nbsp;&rArr;&nbsp;&nbsp;&nbsp;<a href="#[284]">__rw::__rw_throw(int, ...)</a><BR>
 <LI><a href="#[361]">std::basic_string&lang;char, std::char_traits&lang;char&rang;, std::allocator&lang;char&rang;&rang;::_C_getRep(unsigned, unsigned)</a>&nbsp;&nbsp;&nbsp;&rArr;&nbsp;&nbsp;&nbsp;<a href="#[284]">__rw::__rw_throw(int, ...)</a><BR>
 <LI><a href="#[27d]">derived_to_base_conversion_r(void*, void**, const std::type_info*, const std::type_info*, unsigned, int*, int, const std::type_info**, a_result_virtuality*, int*)</a>&nbsp;&nbsp;&nbsp;&rArr;&nbsp;&nbsp;&nbsp;<a href="#[27d]">derived_to_base_conversion_r(void*, void**, const std::type_info*, const std::type_info*, unsigned, int*, int, const std::type_info**, a_result_virtuality*, int*)</a><BR>
 <LI><a href="#[33f]">__rw::__rb_tree&lang;int, std::pair&lang;const int, int&rang;, __rw::__select1st&lang;std::pair&lang;const int, int&rang;, int&rang;, std::less&lang;int&rang;, std::allocator&lang;std::pair&lang;const int, int&rang;&rang;&rang;::_C_erase(__rw::__rw_rb_tree_node&lang;std::allocator&lang;std::pair&lang;const int, int&rang;&rang;, std::pair&lang;const int, int&rang;, int, __rw::__select1st&lang;std::pair&lang;const int, int&rang;, int&rang;&rang;*)</a>&nbsp;&nbsp;&nbsp;&rArr;&nbsp;&nbsp;&nbsp;<a href="#[33f]">__rw::__rb_tree&lang;int, std::pair&lang;const int, int&rang;, __rw::__select1st&lang;std::pair&lang;const int, int&rang;, int&rang;, std::less&lang;int&rang;, std::allocator&lang;std::pair&lang;const int, int&rang;&rang;&rang;::_C_erase(__rw::__rw_rb_tree_node&lang;std::allocator&lang;std::pair&lang;const int, int&rang;&rang;, std::pair&lang;const int, int&rang;, int, __rw::__select1st&lang;std::pair&lang;const int, int&rang;, int&rang;&rang;*)</a><BR>
</UL>
<P>
<H3>
Function Pointers
</H3><UL>
 <LI><a href="#[3c]">&lang;Func5&rang;</a> from locale.o(i.<Func5>) referenced from locale.o(i._ZN4__rw15__rw_locale_impC1EPKcjj)
 <LI><a href="#[3c]">&lang;Func5&rang;</a> from locale.o(i.<Func5>) referenced from locale.o(i._ZN4__rw15__rw_locale_impC1ERKS0_PKcj)
 <LI><a href="#[3c]">&lang;Func5&rang;</a> from locale.o(i.<Func5>) referenced from locale.o(i._ZNSt6localeC1ERKS_PKci)
 <LI><a href="#[17]">BusFault_Handler</a> from startup_armcm3.o(.text) referenced from startup_armcm3.o(RESET)
 <LI><a href="#[1d]">DEF_IRQHandler</a> from startup_armcm3.o(.text) referenced from startup_armcm3.o(RESET)
 <LI><a href="#[1a]">DebugMon_Handler</a> from startup_armcm3.o(.text) referenced from startup_armcm3.o(RESET)
 <LI><a href="#[2f]">EIT_comparator</a> from unwinder.o(.text) referenced from unwinder.o(.text)
 <LI><a href="#[15]">HardFault_Handler</a> from startup_armcm3.o(.text) referenced from startup_armcm3.o(RESET)
 <LI><a href="#[16]">MemManage_Handler</a> from startup_armcm3.o(.text) referenced from startup_armcm3.o(RESET)
 <LI><a href="#[14]">NMI_Handler</a> from startup_armcm3.o(.text) referenced from startup_armcm3.o(RESET)
 <LI><a href="#[1b]">PendSV_Handler</a> from hal_cm3.o(.emb_text) referenced from startup_armcm3.o(RESET)
 <LI><a href="#[13]">Reset_Handler</a> from startup_armcm3.o(.text) referenced from startup_armcm3.o(RESET)
 <LI><a href="#[19]">SVC_Handler</a> from hal_cm3.o(.emb_text) referenced from startup_armcm3.o(RESET)
 <LI><a href="#[1c]">SysTick_Handler</a> from hal_cm3.o(.emb_text) referenced from startup_armcm3.o(RESET)
 <LI><a href="#[20]">SystemInit</a> from system_armcm3.o(.text) referenced from startup_armcm3.o(.text)
 <LI><a href="#[18]">UsageFault_Handler</a> from startup_armcm3.o(.text) referenced from startup_armcm3.o(RESET)
 <LI><a href="#[4f]">tbc_downcast(void*, const std::type_info*, a_base_class_traversal_block*, __cxxabiv1::__base_class_type_info*)</a> from rtti.o(i._Z12tbc_downcastPvPKSt9type_infoP28a_base_class_traversal_blockPN10__cxxabiv122__base_class_type_infoE) referenced from rtti.o(i.__dynamic_cast)
 <LI><a href="#[50]">tbc_post_downcast(void*, const std::type_info*, a_base_class_traversal_block*, __cxxabiv1::__base_class_type_info*)</a> from rtti.o(i._Z17tbc_post_downcastPvPKSt9type_infoP28a_base_class_traversal_blockPN10__cxxabiv122__base_class_type_infoE) referenced from rtti.o(i.__dynamic_cast)
 <LI><a href="#[4d]">__default_new_handler()</a> from newhandler.o(i._Z21__default_new_handlerv) referenced from new.o(i._Znwj)
 <LI><a href="#[2a]">armcpp_exception_cleanup(_Unwind_Reason_Code, _Unwind_Control_Block*)</a> from arm_exceptions_throw.o(.text) referenced from arm_exceptions_throw.o(.text)
 <LI><a href="#[36]">__default_terminate_handler()</a> from arm_exceptions_globs.o(.text) referenced from arm_exceptions_globs.o(.text)
 <LI><a href="#[59]">threadX(const void*)</a> from main.o(.text) referenced from main.o(.constdata)
 <LI><a href="#[5c]">__rw::__rw_facet_base::_C_initfacet(const std::locale&)</a> from char.o(i._ZN4__rw15__rw_facet_base12_C_initfacetERKSt6locale) referenced from ios.o(.constdata__ZTVNSt6locale5facetE)
 <LI><a href="#[5c]">__rw::__rw_facet_base::_C_initfacet(const std::locale&)</a> from char.o(i._ZN4__rw15__rw_facet_base12_C_initfacetERKSt6locale) referenced from char.o(.constdata__ZTVSt14collate_bynameIcE)
 <LI><a href="#[5c]">__rw::__rw_facet_base::_C_initfacet(const std::locale&)</a> from char.o(i._ZN4__rw15__rw_facet_base12_C_initfacetERKSt6locale) referenced from ios.o(.constdata__ZTVSt5ctypeIwE)
 <LI><a href="#[5c]">__rw::__rw_facet_base::_C_initfacet(const std::locale&)</a> from char.o(i._ZN4__rw15__rw_facet_base12_C_initfacetERKSt6locale) referenced from ios.o(.constdata__ZTVSt7codecvtIccSt11__mbstate_tE)
 <LI><a href="#[5c]">__rw::__rw_facet_base::_C_initfacet(const std::locale&)</a> from char.o(i._ZN4__rw15__rw_facet_base12_C_initfacetERKSt6locale) referenced from ios.o(.constdata__ZTVSt7codecvtIwcSt11__mbstate_tE)
 <LI><a href="#[5c]">__rw::__rw_facet_base::_C_initfacet(const std::locale&)</a> from char.o(i._ZN4__rw15__rw_facet_base12_C_initfacetERKSt6locale) referenced from rwstdexcept.o(.constdata__ZTVSt8messagesIcE)
 <LI><a href="#[54]">__rw::__rw_facet_maker&lang;std::ctype&lang;char&rang;&rang;::_C_maker_func(int, const char*, unsigned)</a> from main.o(t._ZN4__rw16__rw_facet_makerISt5ctypeIcEE13_C_maker_funcEiPKcj) referenced from rwstdexcept.o(t._ZNKSt8messagesIcE6do_getEiiiRKSs)
 <LI><a href="#[54]">__rw::__rw_facet_maker&lang;std::ctype&lang;char&rang;&rang;::_C_maker_func(int, const char*, unsigned)</a> from main.o(t._ZN4__rw16__rw_facet_makerISt5ctypeIcEE13_C_maker_funcEiPKcj) referenced from main.o(t._ZNKSt9basic_iosIcSt11char_traitsIcEE5widenEc)
 <LI><a href="#[54]">__rw::__rw_facet_maker&lang;std::ctype&lang;char&rang;&rang;::_C_maker_func(int, const char*, unsigned)</a> from main.o(t._ZN4__rw16__rw_facet_makerISt5ctypeIcEE13_C_maker_funcEiPKcj) referenced from ios.o(t._ZNSt9basic_iosIcSt11char_traitsIcEE4initEPSt15basic_streambufIcS1_E)
 <LI><a href="#[55]">__rw::__rw_facet_maker&lang;std::ctype&lang;wchar_t&rang;&rang;::_C_maker_func(int, const char*, unsigned)</a> from ios.o(t._ZN4__rw16__rw_facet_makerISt5ctypeIwEE13_C_maker_funcEiPKcj) referenced from ios.o(t._ZNSt9basic_iosIwSt11char_traitsIwEE4initEPSt15basic_streambufIwS1_E)
 <LI><a href="#[56]">__rw::__rw_facet_maker&lang;std::codecvt&lang;char, char, std::__mbstate_t&rang;&rang;::_C_maker_func(int, const char*, unsigned)</a> from ios.o(t._ZN4__rw16__rw_facet_makerISt7codecvtIccSt11__mbstate_tEE13_C_maker_funcEiPKcj) referenced from ios.o(t._ZSt9use_facetISt7codecvtIccSt11__mbstate_tEERKT_RKSt6locale)
 <LI><a href="#[57]">__rw::__rw_facet_maker&lang;std::codecvt&lang;wchar_t, char, std::__mbstate_t&rang;&rang;::_C_maker_func(int, const char*, unsigned)</a> from ios.o(t._ZN4__rw16__rw_facet_makerISt7codecvtIwcSt11__mbstate_tEE13_C_maker_funcEiPKcj) referenced from ios.o(t._ZSt9use_facetISt7codecvtIwcSt11__mbstate_tEERKT_RKSt6locale)
 <LI><a href="#[51]">__rw::__rw_locale_vector&lang;__rw::__rw_cat*&rang;::~__rw_locale_vector()</a> from rwcats.o(t._ZN4__rw18__rw_locale_vectorIPNS_8__rw_catEED1Ev) referenced from rwcats.o(i.__sti___10_rwcats_cpp)
 <LI><a href="#[4c]">__rw::__rw_locale_vector&lang;std::__rw_open_cat_data&rang;::~__rw_locale_vector()</a> from messages.o(t._ZN4__rw18__rw_locale_vectorISt18__rw_open_cat_dataED1Ev) referenced from messages.o(i._ZSt13__rw_get_catsv)
 <LI><a href="#[d9]">__rw::__rw_throw_exception(int, char*)</a> from rwthrowproc_impl.o(i._ZN4__rw20__rw_throw_exceptionEiPc) referenced from rwthrowproc.o(.data)
 <LI><a href="#[35]">__ARM::default_unexpected_handler()</a> from arm_exceptions_unexpected.o(.text) referenced from arm_exceptions_globs.o(.text)
 <LI><a href="#[5e]">std::__rw_exception::what() const</a> from rwstdexcept.o(i._ZNKSt14__rw_exception4whatEv) referenced from rwthrowproc_impl.o(.constdata__ZTVNSt8ios_base10badbit_setE)
 <LI><a href="#[5e]">std::__rw_exception::what() const</a> from rwstdexcept.o(i._ZNKSt14__rw_exception4whatEv) referenced from rwthrowproc_impl.o(.constdata__ZTVNSt8ios_base10eofbit_setE)
 <LI><a href="#[5e]">std::__rw_exception::what() const</a> from rwstdexcept.o(i._ZNKSt14__rw_exception4whatEv) referenced from rwthrowproc_impl.o(.constdata__ZTVNSt8ios_base11failbit_setE)
 <LI><a href="#[5e]">std::__rw_exception::what() const</a> from rwstdexcept.o(i._ZNKSt14__rw_exception4whatEv) referenced from rwthrowproc_impl.o(.constdata__ZTVNSt8ios_base7failureE)
 <LI><a href="#[5e]">std::__rw_exception::what() const</a> from rwstdexcept.o(i._ZNKSt14__rw_exception4whatEv) referenced from rwthrowproc_impl.o(.constdata__ZTVSt11logic_error)
 <LI><a href="#[5e]">std::__rw_exception::what() const</a> from rwstdexcept.o(i._ZNKSt14__rw_exception4whatEv) referenced from rwthrowproc_impl.o(.constdata__ZTVSt11range_error)
 <LI><a href="#[5e]">std::__rw_exception::what() const</a> from rwstdexcept.o(i._ZNKSt14__rw_exception4whatEv) referenced from rwthrowproc_impl.o(.constdata__ZTVSt12domain_error)
 <LI><a href="#[5e]">std::__rw_exception::what() const</a> from rwstdexcept.o(i._ZNKSt14__rw_exception4whatEv) referenced from rwthrowproc_impl.o(.constdata__ZTVSt12length_error)
 <LI><a href="#[5e]">std::__rw_exception::what() const</a> from rwstdexcept.o(i._ZNKSt14__rw_exception4whatEv) referenced from rwthrowproc_impl.o(.constdata__ZTVSt12out_of_range)
 <LI><a href="#[5e]">std::__rw_exception::what() const</a> from rwstdexcept.o(i._ZNKSt14__rw_exception4whatEv) referenced from rwthrowproc_impl.o(.constdata__ZTVSt13runtime_error)
 <LI><a href="#[5e]">std::__rw_exception::what() const</a> from rwstdexcept.o(i._ZNKSt14__rw_exception4whatEv) referenced from rwstdexcept.o(.constdata__ZTVSt14__rw_exception)
 <LI><a href="#[5e]">std::__rw_exception::what() const</a> from rwstdexcept.o(i._ZNKSt14__rw_exception4whatEv) referenced from rwthrowproc_impl.o(.constdata__ZTVSt14overflow_error)
 <LI><a href="#[5e]">std::__rw_exception::what() const</a> from rwstdexcept.o(i._ZNKSt14__rw_exception4whatEv) referenced from rwthrowproc_impl.o(.constdata__ZTVSt15underflow_error)
 <LI><a href="#[5e]">std::__rw_exception::what() const</a> from rwstdexcept.o(i._ZNKSt14__rw_exception4whatEv) referenced from rwthrowproc_impl.o(.constdata__ZTVSt16invalid_argument)
 <LI><a href="#[9f]">std::collate_byname&lang;char&rang;::do_compare(const char*, const char*, const char*, const char*) const</a> from char.o(i._ZNKSt14collate_bynameIcE10do_compareEPKcS2_S2_S2_) referenced from char.o(.constdata__ZTVSt14collate_bynameIcE)
 <LI><a href="#[a0]">std::collate_byname&lang;char&rang;::do_transform(const char*, const char*) const</a> from char.o(i._ZNKSt14collate_bynameIcE12do_transformEPKcS2_) referenced from char.o(.constdata__ZTVSt14collate_bynameIcE)
 <LI><a href="#[71]">std::ctype&lang;char&rang;::do_tolower(char*, const char*) const</a> from char.o(i._ZNKSt5ctypeIcE10do_tolowerEPcPKc) referenced from char.o(.constdata__ZTVSt12ctype_bynameIcE)
 <LI><a href="#[71]">std::ctype&lang;char&rang;::do_tolower(char*, const char*) const</a> from char.o(i._ZNKSt5ctypeIcE10do_tolowerEPcPKc) referenced from char.o(.constdata__ZTVSt5ctypeIcE)
 <LI><a href="#[73]">std::ctype&lang;char&rang;::do_tolower(char) const</a> from char.o(i._ZNKSt5ctypeIcE10do_tolowerEc) referenced from char.o(.constdata__ZTVSt12ctype_bynameIcE)
 <LI><a href="#[73]">std::ctype&lang;char&rang;::do_tolower(char) const</a> from char.o(i._ZNKSt5ctypeIcE10do_tolowerEc) referenced from char.o(.constdata__ZTVSt5ctypeIcE)
 <LI><a href="#[70]">std::ctype&lang;char&rang;::do_toupper(char*, const char*) const</a> from char.o(i._ZNKSt5ctypeIcE10do_toupperEPcPKc) referenced from char.o(.constdata__ZTVSt12ctype_bynameIcE)
 <LI><a href="#[70]">std::ctype&lang;char&rang;::do_toupper(char*, const char*) const</a> from char.o(i._ZNKSt5ctypeIcE10do_toupperEPcPKc) referenced from char.o(.constdata__ZTVSt5ctypeIcE)
 <LI><a href="#[72]">std::ctype&lang;char&rang;::do_toupper(char) const</a> from char.o(i._ZNKSt5ctypeIcE10do_toupperEc) referenced from char.o(.constdata__ZTVSt12ctype_bynameIcE)
 <LI><a href="#[72]">std::ctype&lang;char&rang;::do_toupper(char) const</a> from char.o(i._ZNKSt5ctypeIcE10do_toupperEc) referenced from char.o(.constdata__ZTVSt5ctypeIcE)
 <LI><a href="#[74]">std::ctype&lang;char&rang;::do_widen(char) const</a> from char.o(i._ZNKSt5ctypeIcE8do_widenEc) referenced from char.o(.constdata__ZTVSt12ctype_bynameIcE)
 <LI><a href="#[74]">std::ctype&lang;char&rang;::do_widen(char) const</a> from char.o(i._ZNKSt5ctypeIcE8do_widenEc) referenced from char.o(.constdata__ZTVSt5ctypeIcE)
 <LI><a href="#[ba]">std::ctype&lang;wchar_t&rang;::do_widen(char) const</a> from ios.o(i._ZNKSt5ctypeIwE8do_widenEc) referenced from ios.o(.constdata__ZTVSt5ctypeIwE)
 <LI><a href="#[be]">std::codecvt&lang;char, char, std::__mbstate_t&rang;::do_unshift(std::__mbstate_t&, char*, char*, char*&) const</a> from ios.o(i._ZNKSt7codecvtIccSt11__mbstate_tE10do_unshiftERS0_PcS3_RS3_) referenced from ios.o(.constdata__ZTVSt7codecvtIccSt11__mbstate_tE)
 <LI><a href="#[bf]">std::codecvt&lang;char, char, std::__mbstate_t&rang;::do_encoding() const</a> from ios.o(i._ZNKSt7codecvtIccSt11__mbstate_tE11do_encodingEv) referenced from ios.o(.constdata__ZTVSt7codecvtIccSt11__mbstate_tE)
 <LI><a href="#[c1]">std::codecvt&lang;char, char, std::__mbstate_t&rang;::do_max_length() const</a> from ios.o(i._ZNKSt7codecvtIccSt11__mbstate_tE13do_max_lengthEv) referenced from ios.o(.constdata__ZTVSt7codecvtIccSt11__mbstate_tE)
 <LI><a href="#[c0]">std::codecvt&lang;char, char, std::__mbstate_t&rang;::do_always_noconv() const</a> from ios.o(i._ZNKSt7codecvtIccSt11__mbstate_tE16do_always_noconvEv) referenced from ios.o(.constdata__ZTVSt7codecvtIccSt11__mbstate_tE)
 <LI><a href="#[bd]">std::codecvt&lang;char, char, std::__mbstate_t&rang;::do_in(std::__mbstate_t&, const char*, const char*, const char*&, char*, char*, char*&) const</a> from ios.o(i._ZNKSt7codecvtIccSt11__mbstate_tE5do_inERS0_PKcS4_RS4_PcS6_RS6_) referenced from ios.o(.constdata__ZTVSt7codecvtIccSt11__mbstate_tE)
 <LI><a href="#[bc]">std::codecvt&lang;char, char, std::__mbstate_t&rang;::do_out(std::__mbstate_t&, const char*, const char*, const char*&, char*, char*, char*&) const</a> from ios.o(i._ZNKSt7codecvtIccSt11__mbstate_tE6do_outERS0_PKcS4_RS4_PcS6_RS6_) referenced from ios.o(.constdata__ZTVSt7codecvtIccSt11__mbstate_tE)
 <LI><a href="#[c5]">std::codecvt&lang;wchar_t, char, std::__mbstate_t&rang;::do_unshift(std::__mbstate_t&, char*, char*, char*&) const</a> from ios.o(i._ZNKSt7codecvtIwcSt11__mbstate_tE10do_unshiftERS0_PcS3_RS3_) referenced from ios.o(.constdata__ZTVSt7codecvtIwcSt11__mbstate_tE)
 <LI><a href="#[c7]">std::codecvt&lang;wchar_t, char, std::__mbstate_t&rang;::do_encoding() const</a> from ios.o(i._ZNKSt7codecvtIwcSt11__mbstate_tE11do_encodingEv) referenced from ios.o(.constdata__ZTVSt7codecvtIwcSt11__mbstate_tE)
 <LI><a href="#[c8]">std::codecvt&lang;wchar_t, char, std::__mbstate_t&rang;::do_max_length() const</a> from ios.o(i._ZNKSt7codecvtIwcSt11__mbstate_tE13do_max_lengthEv) referenced from ios.o(.constdata__ZTVSt7codecvtIwcSt11__mbstate_tE)
 <LI><a href="#[c6]">std::codecvt&lang;wchar_t, char, std::__mbstate_t&rang;::do_always_noconv() const</a> from ios.o(i._ZNKSt7codecvtIwcSt11__mbstate_tE16do_always_noconvEv) referenced from ios.o(.constdata__ZTVSt7codecvtIwcSt11__mbstate_tE)
 <LI><a href="#[c4]">std::codecvt&lang;wchar_t, char, std::__mbstate_t&rang;::do_in(std::__mbstate_t&, const char*, const char*, const char*&, wchar_t*, wchar_t*, wchar_t*&) const</a> from ios.o(i._ZNKSt7codecvtIwcSt11__mbstate_tE5do_inERS0_PKcS4_RS4_PwS6_RS6_) referenced from ios.o(.constdata__ZTVSt7codecvtIwcSt11__mbstate_tE)
 <LI><a href="#[c3]">std::codecvt&lang;wchar_t, char, std::__mbstate_t&rang;::do_out(std::__mbstate_t&, const wchar_t*, const wchar_t*, const wchar_t*&, char*, char*, char*&) const</a> from ios.o(i._ZNKSt7codecvtIwcSt11__mbstate_tE6do_outERS0_PKwS4_RS4_PcS6_RS6_) referenced from ios.o(.constdata__ZTVSt7codecvtIwcSt11__mbstate_tE)
 <LI><a href="#[cf]">std::messages&lang;char&rang;::do_get(int, int, int, const std::basic_string&lang;char, std::char_traits&lang;char&rang;, std::allocator&lang;char&rang;&rang;&) const</a> from rwstdexcept.o(t._ZNKSt8messagesIcE6do_getEiiiRKSs) referenced from rwstdexcept.o(.constdata__ZTVSt8messagesIcE)
 <LI><a href="#[ce]">std::messages&lang;char&rang;::do_open(const std::basic_string&lang;char, std::char_traits&lang;char&rang;, std::allocator&lang;char&rang;&rang;&, const std::locale&) const</a> from rwstdexcept.o(t._ZNKSt8messagesIcE7do_openERKSsRKSt6locale) referenced from rwstdexcept.o(.constdata__ZTVSt8messagesIcE)
 <LI><a href="#[63]">std::basic_istream&lang;char, std::char_traits&lang;char&rang;&rang;::~basic_istream__deallocating()</a> from ios.o(i._ZNSiD0Ev) referenced from ios.o(.constdata__ZTVSi)
 <LI><a href="#[62]">std::basic_istream&lang;char, std::char_traits&lang;char&rang;&rang;::~basic_istream()</a> from ios.o(i._ZNSiD1Ev) referenced from ios.o(.constdata__ZTVSi)
 <LI><a href="#[67]">std::basic_ostream&lang;char, std::char_traits&lang;char&rang;&rang;::~basic_ostream__deallocating()</a> from ios.o(i._ZNSoD0Ev) referenced from ios.o(.constdata__ZTVSo)
 <LI><a href="#[66]">std::basic_ostream&lang;char, std::char_traits&lang;char&rang;&rang;::~basic_ostream()</a> from ios.o(i._ZNSoD1Ev) referenced from ios.o(.constdata__ZTVSo)
 <LI><a href="#[28]">std::basic_string&lang;char, std::char_traits&lang;char&rang;, std::allocator&lang;char&rang;&rang;::~basic_string()</a> from main.o(t._ZNSsD1Ev) referenced from main.o(.text)
 <LI><a href="#[28]">std::basic_string&lang;char, std::char_traits&lang;char&rang;, std::allocator&lang;char&rang;&rang;::~basic_string()</a> from main.o(t._ZNSsD1Ev) referenced from locale.o(i._ZN4__rw15__rw_locale_impC1EPKcjj)
 <LI><a href="#[28]">std::basic_string&lang;char, std::char_traits&lang;char&rang;, std::allocator&lang;char&rang;&rang;::~basic_string()</a> from main.o(t._ZNSsD1Ev) referenced from locale.o(i._ZN4__rw15__rw_locale_impC1ERKS0_PKcj)
 <LI><a href="#[28]">std::basic_string&lang;char, std::char_traits&lang;char&rang;, std::allocator&lang;char&rang;&rang;::~basic_string()</a> from main.o(t._ZNSsD1Ev) referenced from locale.o(i._ZNSt6localeC1ERKS_PKci)
 <LI><a href="#[28]">std::basic_string&lang;char, std::char_traits&lang;char&rang;, std::allocator&lang;char&rang;&rang;::~basic_string()</a> from main.o(t._ZNSsD1Ev) referenced from main.o(t._ZN4__rw18__rw_locale_vectorISsED1Ev)
 <LI><a href="#[6a]">std::bad_typeid::~bad_typeid__deallocating()</a> from bad_typeid.o(i._ZNSt10bad_typeidD0Ev) referenced from bad_typeid.o(.constdata__ZTVSt10bad_typeid)
 <LI><a href="#[33]">std::bad_typeid::~bad_typeid()</a> from bad_typeid.o(i._ZNSt10bad_typeidD1Ev) referenced from bad_typeid.o(.constdata__ZTVSt10bad_typeid)
 <LI><a href="#[33]">std::bad_typeid::~bad_typeid()</a> from bad_typeid.o(i._ZNSt10bad_typeidD1Ev) referenced from arm_exceptions_bad_typeid.o(.text)
 <LI><a href="#[6b]">std::logic_error::~logic_error__deallocating()</a> from rwthrowproc_impl.o(i._ZNSt11logic_errorD0Ev) referenced from rwthrowproc_impl.o(.constdata__ZTVSt11logic_error)
 <LI><a href="#[3e]">std::logic_error::~logic_error()</a> from rwthrowproc_impl.o(i._ZNSt11logic_errorD1Ev) referenced from rwthrowproc_impl.o(.constdata__ZTVSt11logic_error)
 <LI><a href="#[3e]">std::logic_error::~logic_error()</a> from rwthrowproc_impl.o(i._ZNSt11logic_errorD1Ev) referenced from rwthrowproc_impl.o(i._ZN4__rw20__rw_throw_exceptionEiPc)
 <LI><a href="#[6c]">std::range_error::~range_error__deallocating()</a> from rwthrowproc_impl.o(i._ZNSt11range_errorD0Ev) referenced from rwthrowproc_impl.o(.constdata__ZTVSt11range_error)
 <LI><a href="#[44]">std::range_error::~range_error()</a> from rwthrowproc_impl.o(i._ZNSt11range_errorD1Ev) referenced from rwthrowproc_impl.o(.constdata__ZTVSt11range_error)
 <LI><a href="#[44]">std::range_error::~range_error()</a> from rwthrowproc_impl.o(i._ZNSt11range_errorD1Ev) referenced from rwthrowproc_impl.o(i._ZN4__rw20__rw_throw_exceptionEiPc)
 <LI><a href="#[6e]">std::ctype_byname&lang;char&rang;::~ctype_byname__deallocating()</a> from char.o(i._ZNSt12ctype_bynameIcED0Ev) referenced from char.o(.constdata__ZTVSt12ctype_bynameIcE)
 <LI><a href="#[6d]">std::ctype_byname&lang;char&rang;::~ctype_byname()</a> from char.o(i._ZNSt12ctype_bynameIcED1Ev) referenced from char.o(.constdata__ZTVSt12ctype_bynameIcE)
 <LI><a href="#[75]">std::domain_error::~domain_error__deallocating()</a> from rwthrowproc_impl.o(i._ZNSt12domain_errorD0Ev) referenced from rwthrowproc_impl.o(.constdata__ZTVSt12domain_error)
 <LI><a href="#[3f]">std::domain_error::~domain_error()</a> from rwthrowproc_impl.o(i._ZNSt12domain_errorD1Ev) referenced from rwthrowproc_impl.o(.constdata__ZTVSt12domain_error)
 <LI><a href="#[3f]">std::domain_error::~domain_error()</a> from rwthrowproc_impl.o(i._ZNSt12domain_errorD1Ev) referenced from rwthrowproc_impl.o(i._ZN4__rw20__rw_throw_exceptionEiPc)
 <LI><a href="#[76]">std::length_error::~length_error__deallocating()</a> from rwthrowproc_impl.o(i._ZNSt12length_errorD0Ev) referenced from rwthrowproc_impl.o(.constdata__ZTVSt12length_error)
 <LI><a href="#[41]">std::length_error::~length_error()</a> from rwthrowproc_impl.o(i._ZNSt12length_errorD1Ev) referenced from rwthrowproc_impl.o(.constdata__ZTVSt12length_error)
 <LI><a href="#[41]">std::length_error::~length_error()</a> from rwthrowproc_impl.o(i._ZNSt12length_errorD1Ev) referenced from rwthrowproc_impl.o(i._ZN4__rw20__rw_throw_exceptionEiPc)
 <LI><a href="#[77]">std::out_of_range::~out_of_range__deallocating()</a> from rwthrowproc_impl.o(i._ZNSt12out_of_rangeD0Ev) referenced from rwthrowproc_impl.o(.constdata__ZTVSt12out_of_range)
 <LI><a href="#[42]">std::out_of_range::~out_of_range()</a> from rwthrowproc_impl.o(i._ZNSt12out_of_rangeD1Ev) referenced from rwthrowproc_impl.o(.constdata__ZTVSt12out_of_range)
 <LI><a href="#[42]">std::out_of_range::~out_of_range()</a> from rwthrowproc_impl.o(i._ZNSt12out_of_rangeD1Ev) referenced from rwthrowproc_impl.o(i._ZN4__rw20__rw_throw_exceptionEiPc)
 <LI><a href="#[78]">std::bad_exception::~bad_exception__deallocating()</a> from bad_exception_dtor.o(i._ZNSt13bad_exceptionD0Ev) referenced from bad_exception_dtor.o(.constdata__ZTVSt13bad_exception)
 <LI><a href="#[34]">std::bad_exception::~bad_exception()</a> from bad_exception_dtor.o(i._ZNSt13bad_exceptionD1Ev) referenced from bad_exception_dtor.o(.constdata__ZTVSt13bad_exception)
 <LI><a href="#[34]">std::bad_exception::~bad_exception()</a> from bad_exception_dtor.o(i._ZNSt13bad_exceptionD1Ev) referenced from arm_exceptions_callunex.o(.text)
 <LI><a href="#[34]">std::bad_exception::~bad_exception()</a> from bad_exception_dtor.o(i._ZNSt13bad_exceptionD1Ev) referenced from rwthrowproc_impl.o(i._ZN4__rw20__rw_throw_exceptionEiPc)
 <LI><a href="#[84]">std::basic_filebuf&lang;char, std::char_traits&lang;char&rang;&rang;::sync()</a> from ios.o(t._ZNSt13basic_filebufIcSt11char_traitsIcEE4syncEv) referenced from ios.o(.constdata__ZTVSt13basic_filebufIcSt11char_traitsIcEE)
 <LI><a href="#[80]">std::basic_filebuf&lang;char, std::char_traits&lang;char&rang;&rang;::uflow()</a> from ios.o(t._ZNSt13basic_filebufIcSt11char_traitsIcEE5uflowEv) referenced from ios.o(.constdata__ZTVSt13basic_filebufIcSt11char_traitsIcEE)
 <LI><a href="#[7b]">std::basic_filebuf&lang;char, std::char_traits&lang;char&rang;&rang;::setbuf(char*, long)</a> from ios.o(t._ZNSt13basic_filebufIcSt11char_traitsIcEE6setbufEPcl) referenced from ios.o(.constdata__ZTVSt13basic_filebufIcSt11char_traitsIcEE)
 <LI><a href="#[83]">std::basic_filebuf&lang;char, std::char_traits&lang;char&rang;&rang;::xsputn(const char*, long)</a> from ios.o(t._ZNSt13basic_filebufIcSt11char_traitsIcEE6xsputnEPKcl) referenced from ios.o(.constdata__ZTVSt13basic_filebufIcSt11char_traitsIcEE)
 <LI><a href="#[7c]">std::basic_filebuf&lang;char, std::char_traits&lang;char&rang;&rang;::seekoff(long, std::ios_base::_C_seekdir, int)</a> from ios.o(t._ZNSt13basic_filebufIcSt11char_traitsIcEE7seekoffElNSt8ios_base10_C_seekdirEi) referenced from ios.o(.constdata__ZTVSt13basic_filebufIcSt11char_traitsIcEE)
 <LI><a href="#[7d]">std::basic_filebuf&lang;char, std::char_traits&lang;char&rang;&rang;::seekpos(std::fpos&lang;std::__mbstate_t&rang;, int)</a> from ios.o(t._ZNSt13basic_filebufIcSt11char_traitsIcEE7seekposESt4fposISt11__mbstate_tEi) referenced from ios.o(.constdata__ZTVSt13basic_filebufIcSt11char_traitsIcEE)
 <LI><a href="#[81]">std::basic_filebuf&lang;char, std::char_traits&lang;char&rang;&rang;::overflow(int)</a> from ios.o(t._ZNSt13basic_filebufIcSt11char_traitsIcEE8overflowEi) referenced from ios.o(.constdata__ZTVSt13basic_filebufIcSt11char_traitsIcEE)
 <LI><a href="#[82]">std::basic_filebuf&lang;char, std::char_traits&lang;char&rang;&rang;::pbackfail(int)</a> from ios.o(t._ZNSt13basic_filebufIcSt11char_traitsIcEE9pbackfailEi) referenced from ios.o(.constdata__ZTVSt13basic_filebufIcSt11char_traitsIcEE)
 <LI><a href="#[7e]">std::basic_filebuf&lang;char, std::char_traits&lang;char&rang;&rang;::showmanyc()</a> from ios.o(t._ZNSt13basic_filebufIcSt11char_traitsIcEE9showmanycEv) referenced from ios.o(.constdata__ZTVSt13basic_filebufIcSt11char_traitsIcEE)
 <LI><a href="#[7f]">std::basic_filebuf&lang;char, std::char_traits&lang;char&rang;&rang;::underflow()</a> from ios.o(t._ZNSt13basic_filebufIcSt11char_traitsIcEE9underflowEv) referenced from ios.o(.constdata__ZTVSt13basic_filebufIcSt11char_traitsIcEE)
 <LI><a href="#[7a]">std::basic_filebuf&lang;char, std::char_traits&lang;char&rang;&rang;::~basic_filebuf__deallocating()</a> from ios.o(t._ZNSt13basic_filebufIcSt11char_traitsIcEED0Ev) referenced from ios.o(.constdata__ZTVSt13basic_filebufIcSt11char_traitsIcEE)
 <LI><a href="#[79]">std::basic_filebuf&lang;char, std::char_traits&lang;char&rang;&rang;::~basic_filebuf()</a> from ios.o(t._ZNSt13basic_filebufIcSt11char_traitsIcEED1Ev) referenced from ios.o(.constdata__ZTVSt13basic_filebufIcSt11char_traitsIcEE)
 <LI><a href="#[91]">std::basic_filebuf&lang;wchar_t, std::char_traits&lang;wchar_t&rang;&rang;::sync()</a> from ios.o(t._ZNSt13basic_filebufIwSt11char_traitsIwEE4syncEv) referenced from ios.o(.constdata__ZTVSt13basic_filebufIwSt11char_traitsIwEE)
 <LI><a href="#[8d]">std::basic_filebuf&lang;wchar_t, std::char_traits&lang;wchar_t&rang;&rang;::uflow()</a> from ios.o(t._ZNSt13basic_filebufIwSt11char_traitsIwEE5uflowEv) referenced from ios.o(.constdata__ZTVSt13basic_filebufIwSt11char_traitsIwEE)
 <LI><a href="#[87]">std::basic_filebuf&lang;wchar_t, std::char_traits&lang;wchar_t&rang;&rang;::setbuf(wchar_t*, long)</a> from ios.o(t._ZNSt13basic_filebufIwSt11char_traitsIwEE6setbufEPwl) referenced from ios.o(.constdata__ZTVSt13basic_filebufIwSt11char_traitsIwEE)
 <LI><a href="#[90]">std::basic_filebuf&lang;wchar_t, std::char_traits&lang;wchar_t&rang;&rang;::xsputn(const wchar_t*, long)</a> from ios.o(t._ZNSt13basic_filebufIwSt11char_traitsIwEE6xsputnEPKwl) referenced from ios.o(.constdata__ZTVSt13basic_filebufIwSt11char_traitsIwEE)
 <LI><a href="#[88]">std::basic_filebuf&lang;wchar_t, std::char_traits&lang;wchar_t&rang;&rang;::seekoff(long, std::ios_base::_C_seekdir, int)</a> from ios.o(t._ZNSt13basic_filebufIwSt11char_traitsIwEE7seekoffElNSt8ios_base10_C_seekdirEi) referenced from ios.o(.constdata__ZTVSt13basic_filebufIwSt11char_traitsIwEE)
 <LI><a href="#[89]">std::basic_filebuf&lang;wchar_t, std::char_traits&lang;wchar_t&rang;&rang;::seekpos(std::fpos&lang;std::__mbstate_t&rang;, int)</a> from ios.o(t._ZNSt13basic_filebufIwSt11char_traitsIwEE7seekposESt4fposISt11__mbstate_tEi) referenced from ios.o(.constdata__ZTVSt13basic_filebufIwSt11char_traitsIwEE)
 <LI><a href="#[8e]">std::basic_filebuf&lang;wchar_t, std::char_traits&lang;wchar_t&rang;&rang;::overflow(int)</a> from ios.o(t._ZNSt13basic_filebufIwSt11char_traitsIwEE8overflowEi) referenced from ios.o(.constdata__ZTVSt13basic_filebufIwSt11char_traitsIwEE)
 <LI><a href="#[8f]">std::basic_filebuf&lang;wchar_t, std::char_traits&lang;wchar_t&rang;&rang;::pbackfail(int)</a> from ios.o(t._ZNSt13basic_filebufIwSt11char_traitsIwEE9pbackfailEi) referenced from ios.o(.constdata__ZTVSt13basic_filebufIwSt11char_traitsIwEE)
 <LI><a href="#[8a]">std::basic_filebuf&lang;wchar_t, std::char_traits&lang;wchar_t&rang;&rang;::showmanyc()</a> from ios.o(t._ZNSt13basic_filebufIwSt11char_traitsIwEE9showmanycEv) referenced from ios.o(.constdata__ZTVSt13basic_filebufIwSt11char_traitsIwEE)
 <LI><a href="#[8c]">std::basic_filebuf&lang;wchar_t, std::char_traits&lang;wchar_t&rang;&rang;::underflow()</a> from ios.o(t._ZNSt13basic_filebufIwSt11char_traitsIwEE9underflowEv) referenced from ios.o(.constdata__ZTVSt13basic_filebufIwSt11char_traitsIwEE)
 <LI><a href="#[86]">std::basic_filebuf&lang;wchar_t, std::char_traits&lang;wchar_t&rang;&rang;::~basic_filebuf__deallocating()</a> from ios.o(t._ZNSt13basic_filebufIwSt11char_traitsIwEED0Ev) referenced from ios.o(.constdata__ZTVSt13basic_filebufIwSt11char_traitsIwEE)
 <LI><a href="#[85]">std::basic_filebuf&lang;wchar_t, std::char_traits&lang;wchar_t&rang;&rang;::~basic_filebuf()</a> from ios.o(t._ZNSt13basic_filebufIwSt11char_traitsIwEED1Ev) referenced from ios.o(.constdata__ZTVSt13basic_filebufIwSt11char_traitsIwEE)
 <LI><a href="#[93]">std::basic_istream&lang;wchar_t, std::char_traits&lang;wchar_t&rang;&rang;::~basic_istream__deallocating()</a> from ios.o(i._ZNSt13basic_istreamIwSt11char_traitsIwEED0Ev) referenced from ios.o(.constdata__ZTVSt13basic_istreamIwSt11char_traitsIwEE)
 <LI><a href="#[92]">std::basic_istream&lang;wchar_t, std::char_traits&lang;wchar_t&rang;&rang;::~basic_istream()</a> from ios.o(i._ZNSt13basic_istreamIwSt11char_traitsIwEED1Ev) referenced from ios.o(.constdata__ZTVSt13basic_istreamIwSt11char_traitsIwEE)
 <LI><a href="#[97]">std::basic_ostream&lang;wchar_t, std::char_traits&lang;wchar_t&rang;&rang;::~basic_ostream__deallocating()</a> from ios.o(i._ZNSt13basic_ostreamIwSt11char_traitsIwEED0Ev) referenced from ios.o(.constdata__ZTVSt13basic_ostreamIwSt11char_traitsIwEE)
 <LI><a href="#[96]">std::basic_ostream&lang;wchar_t, std::char_traits&lang;wchar_t&rang;&rang;::~basic_ostream()</a> from ios.o(i._ZNSt13basic_ostreamIwSt11char_traitsIwEED1Ev) referenced from ios.o(.constdata__ZTVSt13basic_ostreamIwSt11char_traitsIwEE)
 <LI><a href="#[9a]">std::runtime_error::~runtime_error__deallocating()</a> from rwthrowproc_impl.o(i._ZNSt13runtime_errorD0Ev) referenced from rwthrowproc_impl.o(.constdata__ZTVSt13runtime_error)
 <LI><a href="#[43]">std::runtime_error::~runtime_error()</a> from rwthrowproc_impl.o(i._ZNSt13runtime_errorD1Ev) referenced from rwthrowproc_impl.o(.constdata__ZTVSt13runtime_error)
 <LI><a href="#[43]">std::runtime_error::~runtime_error()</a> from rwthrowproc_impl.o(i._ZNSt13runtime_errorD1Ev) referenced from rwthrowproc_impl.o(i._ZN4__rw20__rw_throw_exceptionEiPc)
 <LI><a href="#[9c]">std::__rw_exception::~__rw_exception__deallocating()</a> from rwstdexcept.o(i._ZNSt14__rw_exceptionD0Ev) referenced from rwstdexcept.o(.constdata__ZTVSt14__rw_exception)
 <LI><a href="#[9b]">std::__rw_exception::~__rw_exception()</a> from rwstdexcept.o(i._ZNSt14__rw_exceptionD1Ev) referenced from rwstdexcept.o(.constdata__ZTVSt14__rw_exception)
 <LI><a href="#[9e]">std::collate_byname&lang;char&rang;::~collate_byname__deallocating()</a> from char.o(i._ZNSt14collate_bynameIcED0Ev) referenced from char.o(.constdata__ZTVSt14collate_bynameIcE)
 <LI><a href="#[9d]">std::collate_byname&lang;char&rang;::~collate_byname()</a> from char.o(i._ZNSt14collate_bynameIcED1Ev) referenced from char.o(.constdata__ZTVSt14collate_bynameIcE)
 <LI><a href="#[a1]">std::overflow_error::~overflow_error__deallocating()</a> from rwthrowproc_impl.o(i._ZNSt14overflow_errorD0Ev) referenced from rwthrowproc_impl.o(.constdata__ZTVSt14overflow_error)
 <LI><a href="#[45]">std::overflow_error::~overflow_error()</a> from rwthrowproc_impl.o(i._ZNSt14overflow_errorD1Ev) referenced from rwthrowproc_impl.o(.constdata__ZTVSt14overflow_error)
 <LI><a href="#[45]">std::overflow_error::~overflow_error()</a> from rwthrowproc_impl.o(i._ZNSt14overflow_errorD1Ev) referenced from rwthrowproc_impl.o(i._ZN4__rw20__rw_throw_exceptionEiPc)
 <LI><a href="#[ab]">std::basic_streambuf&lang;char, std::char_traits&lang;char&rang;&rang;::sync()</a> from ios.o(t._ZNSt15basic_streambufIcSt11char_traitsIcEE4syncEv) referenced from ios.o(.constdata__ZTVSt15basic_streambufIcSt11char_traitsIcEE)
 <LI><a href="#[a8]">std::basic_streambuf&lang;char, std::char_traits&lang;char&rang;&rang;::uflow()</a> from ios.o(t._ZNSt15basic_streambufIcSt11char_traitsIcEE5uflowEv) referenced from ios.o(.constdata__ZTVSt15basic_streambufIcSt11char_traitsIcEE)
 <LI><a href="#[a4]">std::basic_streambuf&lang;char, std::char_traits&lang;char&rang;&rang;::setbuf(char*, long)</a> from ios.o(t._ZNSt15basic_streambufIcSt11char_traitsIcEE6setbufEPcl) referenced from ios.o(.constdata__ZTVSt15basic_streambufIcSt11char_traitsIcEE)
 <LI><a href="#[aa]">std::basic_streambuf&lang;char, std::char_traits&lang;char&rang;&rang;::xsputn(const char*, long)</a> from ios.o(t._ZNSt15basic_streambufIcSt11char_traitsIcEE6xsputnEPKcl) referenced from ios.o(.constdata__ZTVSt15basic_streambufIcSt11char_traitsIcEE)
 <LI><a href="#[a5]">std::basic_streambuf&lang;char, std::char_traits&lang;char&rang;&rang;::seekoff(long, std::ios_base::_C_seekdir, int)</a> from ios.o(t._ZNSt15basic_streambufIcSt11char_traitsIcEE7seekoffElNSt8ios_base10_C_seekdirEi) referenced from ios.o(.constdata__ZTVSt15basic_streambufIcSt11char_traitsIcEE)
 <LI><a href="#[a6]">std::basic_streambuf&lang;char, std::char_traits&lang;char&rang;&rang;::seekpos(std::fpos&lang;std::__mbstate_t&rang;, int)</a> from ios.o(t._ZNSt15basic_streambufIcSt11char_traitsIcEE7seekposESt4fposISt11__mbstate_tEi) referenced from ios.o(.constdata__ZTVSt15basic_streambufIcSt11char_traitsIcEE)
 <LI><a href="#[a9]">std::basic_streambuf&lang;char, std::char_traits&lang;char&rang;&rang;::overflow(int)</a> from ios.o(t._ZNSt15basic_streambufIcSt11char_traitsIcEE8overflowEi) referenced from ios.o(.constdata__ZTVSt15basic_streambufIcSt11char_traitsIcEE)
 <LI><a href="#[a7]">std::basic_streambuf&lang;char, std::char_traits&lang;char&rang;&rang;::underflow()</a> from ios.o(t._ZNSt15basic_streambufIcSt11char_traitsIcEE9underflowEv) referenced from ios.o(.constdata__ZTVSt15basic_streambufIcSt11char_traitsIcEE)
 <LI><a href="#[a3]">std::basic_streambuf&lang;char, std::char_traits&lang;char&rang;&rang;::~basic_streambuf__deallocating()</a> from ios.o(t._ZNSt15basic_streambufIcSt11char_traitsIcEED0Ev) referenced from ios.o(.constdata__ZTVSt15basic_streambufIcSt11char_traitsIcEE)
 <LI><a href="#[a2]">std::basic_streambuf&lang;char, std::char_traits&lang;char&rang;&rang;::~basic_streambuf()</a> from ios.o(t._ZNSt15basic_streambufIcSt11char_traitsIcEED1Ev) referenced from ios.o(.constdata__ZTVSt15basic_streambufIcSt11char_traitsIcEE)
 <LI><a href="#[b2]">std::basic_streambuf&lang;wchar_t, std::char_traits&lang;wchar_t&rang;&rang;::uflow()</a> from ios.o(t._ZNSt15basic_streambufIwSt11char_traitsIwEE5uflowEv) referenced from ios.o(.constdata__ZTVSt15basic_streambufIwSt11char_traitsIwEE)
 <LI><a href="#[ae]">std::basic_streambuf&lang;wchar_t, std::char_traits&lang;wchar_t&rang;&rang;::setbuf(wchar_t*, long)</a> from ios.o(t._ZNSt15basic_streambufIwSt11char_traitsIwEE6setbufEPwl) referenced from ios.o(.constdata__ZTVSt15basic_streambufIwSt11char_traitsIwEE)
 <LI><a href="#[8b]">std::basic_streambuf&lang;wchar_t, std::char_traits&lang;wchar_t&rang;&rang;::xsgetn(wchar_t*, long)</a> from ios.o(t._ZNSt15basic_streambufIwSt11char_traitsIwEE6xsgetnEPwl) referenced from ios.o(.constdata__ZTVSt13basic_filebufIwSt11char_traitsIwEE)
 <LI><a href="#[8b]">std::basic_streambuf&lang;wchar_t, std::char_traits&lang;wchar_t&rang;&rang;::xsgetn(wchar_t*, long)</a> from ios.o(t._ZNSt15basic_streambufIwSt11char_traitsIwEE6xsgetnEPwl) referenced from ios.o(.constdata__ZTVSt15basic_streambufIwSt11char_traitsIwEE)
 <LI><a href="#[b4]">std::basic_streambuf&lang;wchar_t, std::char_traits&lang;wchar_t&rang;&rang;::xsputn(const wchar_t*, long)</a> from ios.o(t._ZNSt15basic_streambufIwSt11char_traitsIwEE6xsputnEPKwl) referenced from ios.o(.constdata__ZTVSt15basic_streambufIwSt11char_traitsIwEE)
 <LI><a href="#[af]">std::basic_streambuf&lang;wchar_t, std::char_traits&lang;wchar_t&rang;&rang;::seekoff(long, std::ios_base::_C_seekdir, int)</a> from ios.o(t._ZNSt15basic_streambufIwSt11char_traitsIwEE7seekoffElNSt8ios_base10_C_seekdirEi) referenced from ios.o(.constdata__ZTVSt15basic_streambufIwSt11char_traitsIwEE)
 <LI><a href="#[b0]">std::basic_streambuf&lang;wchar_t, std::char_traits&lang;wchar_t&rang;&rang;::seekpos(std::fpos&lang;std::__mbstate_t&rang;, int)</a> from ios.o(t._ZNSt15basic_streambufIwSt11char_traitsIwEE7seekposESt4fposISt11__mbstate_tEi) referenced from ios.o(.constdata__ZTVSt15basic_streambufIwSt11char_traitsIwEE)
 <LI><a href="#[b3]">std::basic_streambuf&lang;wchar_t, std::char_traits&lang;wchar_t&rang;&rang;::overflow(int)</a> from ios.o(t._ZNSt15basic_streambufIwSt11char_traitsIwEE8overflowEi) referenced from ios.o(.constdata__ZTVSt15basic_streambufIwSt11char_traitsIwEE)
 <LI><a href="#[b1]">std::basic_streambuf&lang;wchar_t, std::char_traits&lang;wchar_t&rang;&rang;::underflow()</a> from ios.o(t._ZNSt15basic_streambufIwSt11char_traitsIwEE9underflowEv) referenced from ios.o(.constdata__ZTVSt15basic_streambufIwSt11char_traitsIwEE)
 <LI><a href="#[ad]">std::basic_streambuf&lang;wchar_t, std::char_traits&lang;wchar_t&rang;&rang;::~basic_streambuf__deallocating()</a> from ios.o(t._ZNSt15basic_streambufIwSt11char_traitsIwEED0Ev) referenced from ios.o(.constdata__ZTVSt15basic_streambufIwSt11char_traitsIwEE)
 <LI><a href="#[ac]">std::basic_streambuf&lang;wchar_t, std::char_traits&lang;wchar_t&rang;&rang;::~basic_streambuf()</a> from ios.o(t._ZNSt15basic_streambufIwSt11char_traitsIwEED1Ev) referenced from ios.o(.constdata__ZTVSt15basic_streambufIwSt11char_traitsIwEE)
 <LI><a href="#[b5]">std::underflow_error::~underflow_error__deallocating()</a> from rwthrowproc_impl.o(i._ZNSt15underflow_errorD0Ev) referenced from rwthrowproc_impl.o(.constdata__ZTVSt15underflow_error)
 <LI><a href="#[46]">std::underflow_error::~underflow_error()</a> from rwthrowproc_impl.o(i._ZNSt15underflow_errorD1Ev) referenced from rwthrowproc_impl.o(.constdata__ZTVSt15underflow_error)
 <LI><a href="#[46]">std::underflow_error::~underflow_error()</a> from rwthrowproc_impl.o(i._ZNSt15underflow_errorD1Ev) referenced from rwthrowproc_impl.o(i._ZN4__rw20__rw_throw_exceptionEiPc)
 <LI><a href="#[b6]">std::invalid_argument::~invalid_argument__deallocating()</a> from rwthrowproc_impl.o(i._ZNSt16invalid_argumentD0Ev) referenced from rwthrowproc_impl.o(.constdata__ZTVSt16invalid_argument)
 <LI><a href="#[40]">std::invalid_argument::~invalid_argument()</a> from rwthrowproc_impl.o(i._ZNSt16invalid_argumentD1Ev) referenced from rwthrowproc_impl.o(.constdata__ZTVSt16invalid_argument)
 <LI><a href="#[40]">std::invalid_argument::~invalid_argument()</a> from rwthrowproc_impl.o(i._ZNSt16invalid_argumentD1Ev) referenced from rwthrowproc_impl.o(i._ZN4__rw20__rw_throw_exceptionEiPc)
 <LI><a href="#[53]">std::__rw_open_cat_data::__rw_open_cat_data()</a> from messages.o(i._ZNSt18__rw_open_cat_dataC1Ev) referenced from messages.o(t._ZN4__rw18__rw_locale_vectorISt18__rw_open_cat_dataE6resizeEj)
 <LI><a href="#[52]">std::__rw_open_cat_data::~__rw_open_cat_data()</a> from messages.o(i._ZNSt18__rw_open_cat_dataD1Ev) referenced from messages.o(t._ZN4__rw18__rw_locale_vectorISt18__rw_open_cat_dataE6resizeEj)
 <LI><a href="#[52]">std::__rw_open_cat_data::~__rw_open_cat_data()</a> from messages.o(i._ZNSt18__rw_open_cat_dataD1Ev) referenced from messages.o(t._ZN4__rw18__rw_locale_vectorISt18__rw_open_cat_dataED1Ev)
 <LI><a href="#[27]">std::map&lang;int, int, std::less&lang;int&rang;, std::allocator&lang;std::pair&lang;const int, int&rang;&rang;&rang;::~map()</a> from main.o(i._ZNSt3mapIiiSt4lessIiESaISt4pairIKiiEEED1Ev) referenced from main.o(.text)
 <LI><a href="#[6f]">std::ctype&lang;char&rang;::_C_initfacet(const std::locale&)</a> from char.o(i._ZNSt5ctypeIcE12_C_initfacetERKSt6locale) referenced from char.o(.constdata__ZTVSt12ctype_bynameIcE)
 <LI><a href="#[6f]">std::ctype&lang;char&rang;::_C_initfacet(const std::locale&)</a> from char.o(i._ZNSt5ctypeIcE12_C_initfacetERKSt6locale) referenced from char.o(.constdata__ZTVSt5ctypeIcE)
 <LI><a href="#[b8]">std::ctype&lang;char&rang;::~ctype__deallocating()</a> from char.o(i._ZNSt5ctypeIcED0Ev) referenced from char.o(.constdata__ZTVSt5ctypeIcE)
 <LI><a href="#[b7]">std::ctype&lang;char&rang;::~ctype()</a> from char.o(i._ZNSt5ctypeIcED1Ev) referenced from char.o(.constdata__ZTVSt5ctypeIcE)
 <LI><a href="#[b9]">std::ctype&lang;wchar_t&rang;::~ctype__deallocating()</a> from ios.o(i._ZNSt5ctypeIwED0Ev) referenced from ios.o(.constdata__ZTVSt5ctypeIwE)
 <LI><a href="#[5b]">std::locale::facet::~facet__deallocating()</a> from ios.o(i._ZNSt6locale5facetD0Ev) referenced from ios.o(.constdata__ZTVNSt6locale5facetE)
 <LI><a href="#[5a]">std::locale::facet::~facet()</a> from main.o(i._ZNSt6locale5facetD1Ev) referenced from ios.o(.constdata__ZTVNSt6locale5facetE)
 <LI><a href="#[4b]">std::locale::~locale()</a> from main.o(i._ZNSt6localeD1Ev) referenced from locale.o(i._ZNSt6locale7classicEv)
 <LI><a href="#[26]">std::vector&lang;int, std::allocator&lang;int&rang;&rang;::~vector()</a> from main.o(t._ZNSt6vectorIiSaIiEED1Ev) referenced from main.o(.text)
 <LI><a href="#[bb]">std::codecvt&lang;char, char, std::__mbstate_t&rang;::~codecvt__deallocating()</a> from ios.o(i._ZNSt7codecvtIccSt11__mbstate_tED0Ev) referenced from ios.o(.constdata__ZTVSt7codecvtIccSt11__mbstate_tE)
 <LI><a href="#[c2]">std::codecvt&lang;wchar_t, char, std::__mbstate_t&rang;::~codecvt__deallocating()</a> from ios.o(i._ZNSt7codecvtIwcSt11__mbstate_tED0Ev) referenced from ios.o(.constdata__ZTVSt7codecvtIwcSt11__mbstate_tE)
 <LI><a href="#[c9]">std::bad_cast::~bad_cast__deallocating()</a> from bad_cast.o(i._ZNSt8bad_castD0Ev) referenced from bad_cast.o(.constdata__ZTVSt8bad_cast)
 <LI><a href="#[3d]">std::bad_cast::~bad_cast()</a> from bad_cast.o(i._ZNSt8bad_castD1Ev) referenced from bad_cast.o(.constdata__ZTVSt8bad_cast)
 <LI><a href="#[3d]">std::bad_cast::~bad_cast()</a> from bad_cast.o(i._ZNSt8bad_castD1Ev) referenced from rwthrowproc_impl.o(i._ZN4__rw20__rw_throw_exceptionEiPc)
 <LI><a href="#[5d]">std::ios_base::badbit_set::~badbit_set__deallocating()</a> from rwthrowproc_impl.o(i._ZNSt8ios_base10badbit_setD0Ev) referenced from rwthrowproc_impl.o(.constdata__ZTVNSt8ios_base10badbit_setE)
 <LI><a href="#[48]">std::ios_base::badbit_set::~badbit_set()</a> from rwthrowproc_impl.o(i._ZNSt8ios_base10badbit_setD1Ev) referenced from rwthrowproc_impl.o(.constdata__ZTVNSt8ios_base10badbit_setE)
 <LI><a href="#[48]">std::ios_base::badbit_set::~badbit_set()</a> from rwthrowproc_impl.o(i._ZNSt8ios_base10badbit_setD1Ev) referenced from rwthrowproc_impl.o(i._ZN4__rw20__rw_throw_exceptionEiPc)
 <LI><a href="#[5f]">std::ios_base::eofbit_set::~eofbit_set__deallocating()</a> from rwthrowproc_impl.o(i._ZNSt8ios_base10eofbit_setD0Ev) referenced from rwthrowproc_impl.o(.constdata__ZTVNSt8ios_base10eofbit_setE)
 <LI><a href="#[49]">std::ios_base::eofbit_set::~eofbit_set()</a> from rwthrowproc_impl.o(i._ZNSt8ios_base10eofbit_setD1Ev) referenced from rwthrowproc_impl.o(.constdata__ZTVNSt8ios_base10eofbit_setE)
 <LI><a href="#[49]">std::ios_base::eofbit_set::~eofbit_set()</a> from rwthrowproc_impl.o(i._ZNSt8ios_base10eofbit_setD1Ev) referenced from rwthrowproc_impl.o(i._ZN4__rw20__rw_throw_exceptionEiPc)
 <LI><a href="#[60]">std::ios_base::failbit_set::~failbit_set__deallocating()</a> from rwthrowproc_impl.o(i._ZNSt8ios_base11failbit_setD0Ev) referenced from rwthrowproc_impl.o(.constdata__ZTVNSt8ios_base11failbit_setE)
 <LI><a href="#[47]">std::ios_base::failbit_set::~failbit_set()</a> from rwthrowproc_impl.o(i._ZNSt8ios_base11failbit_setD1Ev) referenced from rwthrowproc_impl.o(.constdata__ZTVNSt8ios_base11failbit_setE)
 <LI><a href="#[47]">std::ios_base::failbit_set::~failbit_set()</a> from rwthrowproc_impl.o(i._ZNSt8ios_base11failbit_setD1Ev) referenced from rwthrowproc_impl.o(i._ZN4__rw20__rw_throw_exceptionEiPc)
 <LI><a href="#[25]">std::ios_base::Init::~Init()</a> from ios.o(i._ZNSt8ios_base4InitD1Ev) referenced from main.o(.text)
 <LI><a href="#[61]">std::ios_base::failure::~failure__deallocating()</a> from rwthrowproc_impl.o(i._ZNSt8ios_base7failureD0Ev) referenced from rwthrowproc_impl.o(.constdata__ZTVNSt8ios_base7failureE)
 <LI><a href="#[4a]">std::ios_base::failure::~failure()</a> from rwthrowproc_impl.o(i._ZNSt8ios_base7failureD1Ev) referenced from rwthrowproc_impl.o(.constdata__ZTVNSt8ios_base7failureE)
 <LI><a href="#[4a]">std::ios_base::failure::~failure()</a> from rwthrowproc_impl.o(i._ZNSt8ios_base7failureD1Ev) referenced from rwthrowproc_impl.o(i._ZN4__rw20__rw_throw_exceptionEiPc)
 <LI><a href="#[cb]">std::ios_base::~ios_base__deallocating()</a> from ios.o(i._ZNSt8ios_baseD0Ev) referenced from ios.o(.constdata__ZTVSt8ios_base)
 <LI><a href="#[ca]">std::ios_base::~ios_base()</a> from ios.o(i._ZNSt8ios_baseD1Ev) referenced from ios.o(.constdata__ZTVSt8ios_base)
 <LI><a href="#[cd]">std::messages&lang;char&rang;::~messages__deallocating()</a> from rwstdexcept.o(i._ZNSt8messagesIcED0Ev) referenced from rwstdexcept.o(.constdata__ZTVSt8messagesIcE)
 <LI><a href="#[cc]">std::messages&lang;char&rang;::~messages()</a> from rwstdexcept.o(i._ZNSt8messagesIcED1Ev) referenced from rwstdexcept.o(.constdata__ZTVSt8messagesIcE)
 <LI><a href="#[d0]">std::bad_alloc::~bad_alloc__deallocating()</a> from bad_alloc_dtor.o(i._ZNSt9bad_allocD0Ev) referenced from bad_alloc_dtor.o(.constdata__ZTVSt9bad_alloc)
 <LI><a href="#[3b]">std::bad_alloc::~bad_alloc()</a> from bad_alloc_dtor.o(i._ZNSt9bad_allocD1Ev) referenced from bad_alloc_dtor.o(.constdata__ZTVSt9bad_alloc)
 <LI><a href="#[3b]">std::bad_alloc::~bad_alloc()</a> from bad_alloc_dtor.o(i._ZNSt9bad_allocD1Ev) referenced from newhandler.o(i._Z21__default_new_handlerv)
 <LI><a href="#[3b]">std::bad_alloc::~bad_alloc()</a> from bad_alloc_dtor.o(i._ZNSt9bad_allocD1Ev) referenced from rwthrowproc_impl.o(i._ZN4__rw20__rw_throw_exceptionEiPc)
 <LI><a href="#[d2]">std::basic_ios&lang;char, std::char_traits&lang;char&rang;&rang;::~basic_ios__deallocating()</a> from ios.o(i._ZNSt9basic_iosIcSt11char_traitsIcEED0Ev) referenced from ios.o(.constdata__ZTVSt9basic_iosIcSt11char_traitsIcEE)
 <LI><a href="#[d1]">std::basic_ios&lang;char, std::char_traits&lang;char&rang;&rang;::~basic_ios()</a> from ios.o(i._ZNSt9basic_iosIcSt11char_traitsIcEED1Ev) referenced from ios.o(.constdata__ZTVSt9basic_iosIcSt11char_traitsIcEE)
 <LI><a href="#[d4]">std::basic_ios&lang;wchar_t, std::char_traits&lang;wchar_t&rang;&rang;::~basic_ios__deallocating()</a> from ios.o(i._ZNSt9basic_iosIwSt11char_traitsIwEED0Ev) referenced from ios.o(.constdata__ZTVSt9basic_iosIwSt11char_traitsIwEE)
 <LI><a href="#[d3]">std::basic_ios&lang;wchar_t, std::char_traits&lang;wchar_t&rang;&rang;::~basic_ios()</a> from ios.o(i._ZNSt9basic_iosIwSt11char_traitsIwEED1Ev) referenced from ios.o(.constdata__ZTVSt9basic_iosIwSt11char_traitsIwEE)
 <LI><a href="#[a]">std::exception::~exception()</a> from exception_dtor.o(i._ZNSt9exceptionD1Ev) referenced from exception_dtor.o(.constdata__ZTVSt9exception)
 <LI><a href="#[a]">std::exception::~exception()</a> from exception_dtor.o(i._ZNSt9exceptionD1Ev) referenced from rwthrowproc_impl.o(i._ZN4__rw20__rw_throw_exceptionEiPc)
 <LI><a href="#[24]">std::endl&lang;char, std::char_traits&lang;char&rang;&rang;(std::basic_ostream&lang;T1, T2&rang;&)</a> from main.o(t._ZSt4endlIcSt11char_traitsIcEERSt13basic_ostreamIT_T0_ES6_) referenced from main.o(.text)
 <LI><a href="#[65]">thunk{v:0,-12} to std::basic_istream&lang;char, std::char_traits&lang;char&rang;&rang;::~basic_istream__deallocating()</a> from ios.o(i._ZTv0_n12_NSiD0Ev) referenced from ios.o(.constdata__ZTVSi)
 <LI><a href="#[64]">thunk{v:0,-12} to std::basic_istream&lang;char, std::char_traits&lang;char&rang;&rang;::~basic_istream()</a> from ios.o(i._ZTv0_n12_NSiD1Ev) referenced from ios.o(.constdata__ZTVSi)
 <LI><a href="#[69]">thunk{v:0,-12} to std::basic_ostream&lang;char, std::char_traits&lang;char&rang;&rang;::~basic_ostream__deallocating()</a> from ios.o(i._ZTv0_n12_NSoD0Ev) referenced from ios.o(.constdata__ZTVSo)
 <LI><a href="#[68]">thunk{v:0,-12} to std::basic_ostream&lang;char, std::char_traits&lang;char&rang;&rang;::~basic_ostream()</a> from ios.o(i._ZTv0_n12_NSoD1Ev) referenced from ios.o(.constdata__ZTVSo)
 <LI><a href="#[95]">thunk{v:0,-12} to std::basic_istream&lang;wchar_t, std::char_traits&lang;wchar_t&rang;&rang;::~basic_istream__deallocating()</a> from ios.o(i._ZTv0_n12_NSt13basic_istreamIwSt11char_traitsIwEED0Ev) referenced from ios.o(.constdata__ZTVSt13basic_istreamIwSt11char_traitsIwEE)
 <LI><a href="#[94]">thunk{v:0,-12} to std::basic_istream&lang;wchar_t, std::char_traits&lang;wchar_t&rang;&rang;::~basic_istream()</a> from ios.o(i._ZTv0_n12_NSt13basic_istreamIwSt11char_traitsIwEED1Ev) referenced from ios.o(.constdata__ZTVSt13basic_istreamIwSt11char_traitsIwEE)
 <LI><a href="#[99]">thunk{v:0,-12} to std::basic_ostream&lang;wchar_t, std::char_traits&lang;wchar_t&rang;&rang;::~basic_ostream__deallocating()</a> from ios.o(i._ZTv0_n12_NSt13basic_ostreamIwSt11char_traitsIwEED0Ev) referenced from ios.o(.constdata__ZTVSt13basic_ostreamIwSt11char_traitsIwEE)
 <LI><a href="#[98]">thunk{v:0,-12} to std::basic_ostream&lang;wchar_t, std::char_traits&lang;wchar_t&rang;&rang;::~basic_ostream()</a> from ios.o(i._ZTv0_n12_NSt13basic_ostreamIwSt11char_traitsIwEED1Ev) referenced from ios.o(.constdata__ZTVSt13basic_ostreamIwSt11char_traitsIwEE)
 <LI><a href="#[4e]">operator delete[] (void*)</a> from array_del.o(i._ZdaPv) referenced from cxa_vec_new.o(i.__cxa_vec_new)
 <LI><a href="#[30]">__aeabi_unwind_cpp_pr0</a> from unwind_pr0.o(.text) referenced from unwinder.o(.text)
 <LI><a href="#[31]">__aeabi_unwind_cpp_pr1</a> from unwind_pr1.o(.text) referenced from unwinder.o(.text)
 <LI><a href="#[32]">__cxa_call_unexpected</a> from arm_exceptions_callunex.o(.text) referenced 2 times from unwind_prcommon.o(.text)
 <LI><a href="#[da]">__main</a> from __main.o(!!!main) referenced from startup_armcm3.o(.text)
 <LI><a href="#[d7]">__sti___10_locale_cpp</a> from locale.o(i.__sti___10_locale_cpp) referenced from locale.o(.init_array)
 <LI><a href="#[d8]">__sti___10_rwcats_cpp</a> from rwcats.o(i.__sti___10_rwcats_cpp) referenced from rwcats.o(.init_array)
 <LI><a href="#[d6]">__sti___8_char_cpp</a> from char.o(i.__sti___8_char_cpp) referenced from char.o(.init_array)
 <LI><a href="#[d5]">__sti___8_main_cpp</a> from main.o(.text) referenced from main.o(.init_array)
 <LI><a href="#[3a]">_fputc$unlocked</a> from fputc.o(i.fputc) referenced from _printf_char_file_locked.o(.text)
 <LI><a href="#[2b]">_get_lc_ctype</a> from lc_ctype_c.o(locale$$code) referenced from rt_ctype_table.o(.text)
 <LI><a href="#[37]">_printf_input_char</a> from _printf_char_common.o(.text) referenced from _printf_char_common.o(.text)
 <LI><a href="#[2e]">_sbackspace</a> from _sgetc.o(.text) referenced from sscanf.o(.text)
 <LI><a href="#[38]">_scanf_char_input</a> from scanf_char.o(.text) referenced from scanf_char.o(.text)
 <LI><a href="#[2d]">_sgetc</a> from _sgetc.o(.text) referenced from sscanf.o(.text)
 <LI><a href="#[2c]">_snputc</a> from _snputc.o(.text) referenced from vsnprintf.o(.text)
 <LI><a href="#[39]">isspace</a> from isspace.o(.text) referenced from scanf_char.o(.text)
 <LI><a href="#[58]">main</a> from main.o(.text) referenced from rtx_conf_cm.o(.constdata)
 <LI><a href="#[165]">osThreadExit</a> from rt_cmsis.o(.text) referenced 2 times from rt_cmsis.o(.text)
 <LI><a href="#[29]">os_idle_demon</a> from rtx_conf_cm.o(.text) referenced from rt_task.o(.text)
 <LI><a href="#[1e]">rt_alloc_box</a> from rt_membox.o(.text) referenced from hal_cm3.o(.emb_text)
 <LI><a href="#[1f]">rt_free_box</a> from rt_membox.o(.text) referenced from hal_cm3.o(.emb_text)
 <LI><a href="#[23]">rt_mut_release</a> from rt_mutex.o(.text) referenced from rtx_conf_cm.o(.text)
 <LI><a href="#[22]">rt_mut_wait</a> from rt_mutex.o(.text) referenced from rtx_conf_cm.o(.text)
 <LI><a href="#[170]">svcDelay</a> from rt_cmsis.o(.text) referenced from rt_cmsis.o(.text)
 <LI><a href="#[168]">svcKernelStart</a> from rt_cmsis.o(.text) referenced from rt_cmsis.o(.text)
 <LI><a href="#[1a2]">svcMailCreate</a> from rt_cmsis.o(.text) referenced from rt_cmsis.o(.text)
 <LI><a href="#[166]">svcMessageCreate</a> from rt_cmsis.o(.text) referenced from rt_cmsis.o(.text)
 <LI><a href="#[17e]">svcMessageGet</a> from rt_cmsis.o(.text) referenced from rt_cmsis.o(.text)
 <LI><a href="#[19f]">svcMessagePut</a> from rt_cmsis.o(.text) referenced from rt_cmsis.o(.text)
 <LI><a href="#[18c]">svcMutexCreate</a> from rt_cmsis.o(.text) referenced from rt_cmsis.o(.text)
 <LI><a href="#[18e]">svcMutexRelease</a> from rt_cmsis.o(.text) referenced from rt_cmsis.o(.text)
 <LI><a href="#[18d]">svcMutexWait</a> from rt_cmsis.o(.text) referenced from rt_cmsis.o(.text)
 <LI><a href="#[197]">svcPoolCreate</a> from rt_cmsis.o(.text) referenced from rt_cmsis.o(.text)
 <LI><a href="#[18f]">svcSemaphoreCreate</a> from rt_cmsis.o(.text) referenced from rt_cmsis.o(.text)
 <LI><a href="#[193]">svcSemaphoreRelease</a> from rt_cmsis.o(.text) referenced from rt_cmsis.o(.text)
 <LI><a href="#[191]">svcSemaphoreWait</a> from rt_cmsis.o(.text) referenced from rt_cmsis.o(.text)
 <LI><a href="#[188]">svcSignalClear</a> from rt_cmsis.o(.text) referenced from rt_cmsis.o(.text)
 <LI><a href="#[18a]">svcSignalGet</a> from rt_cmsis.o(.text) referenced from rt_cmsis.o(.text)
 <LI><a href="#[186]">svcSignalSet</a> from rt_cmsis.o(.text) referenced from rt_cmsis.o(.text)
 <LI><a href="#[184]">svcSignalWait</a> from rt_cmsis.o(.text) referenced from rt_cmsis.o(.text)
 <LI><a href="#[162]">svcThreadCreate</a> from rt_cmsis.o(.text) referenced from rt_cmsis.o(.text)
 <LI><a href="#[15d]">svcThreadGetId</a> from rt_cmsis.o(.text) referenced 2 times from rt_cmsis.o(.text)
 <LI><a href="#[16f]">svcThreadGetPriority</a> from rt_cmsis.o(.text) referenced from rt_cmsis.o(.text)
 <LI><a href="#[16d]">svcThreadSetPriority</a> from rt_cmsis.o(.text) referenced from rt_cmsis.o(.text)
 <LI><a href="#[15e]">svcThreadTerminate</a> from rt_cmsis.o(.text) referenced 2 times from rt_cmsis.o(.text)
 <LI><a href="#[16b]">svcThreadYield</a> from rt_cmsis.o(.text) referenced from rt_cmsis.o(.text)
 <LI><a href="#[173]">svcTimerCall</a> from rt_cmsis.o(.text) referenced from rt_cmsis.o(.text)
 <LI><a href="#[17d]">svcTimerCreate</a> from rt_cmsis.o(.text) referenced from rt_cmsis.o(.text)
 <LI><a href="#[175]">svcTimerStart</a> from rt_cmsis.o(.text) referenced from rt_cmsis.o(.text)
 <LI><a href="#[178]">svcTimerStop</a> from rt_cmsis.o(.text) referenced from rt_cmsis.o(.text)
 <LI><a href="#[1a3]">sysMailAlloc</a> from rt_cmsis.o(.text) referenced 2 times from rt_cmsis.o(.text)
 <LI><a href="#[1a6]">sysMailFree</a> from rt_cmsis.o(.text) referenced from rt_cmsis.o(.text)
 <LI><a href="#[199]">sysPoolAlloc</a> from rt_cmsis.o(.text) referenced 2 times from rt_cmsis.o(.text)
 <LI><a href="#[19b]">sysPoolFree</a> from rt_cmsis.o(.text) referenced from rt_cmsis.o(.text)
</UL>
<P>
<H3>
Global Symbols
</H3>
<P><STRONG><a name="[da]"></a>__main</STRONG> (Thumb, 8 bytes, Stack size 0 bytes, __main.o(!!!main))
<BR><BR>[Stack]<UL><LI>Max Depth = 24 + Unknown Stack Size
<LI>Call Chain = __main &rArr; __rt_entry &rArr; __rt_lib_init &rArr; _fp_init &rArr; __rt_fp_status_addr &rArr; __user_perthread_libspace
</UL>
<BR>[Calls]<UL><LI><a href="#[e2]">&gt;&gt;</a>&nbsp;&nbsp;&nbsp;__rt_entry
<LI><a href="#[e1]">&gt;&gt;</a>&nbsp;&nbsp;&nbsp;__scatterload
</UL>

<P><STRONG><a name="[e1]"></a>__scatterload</STRONG> (Thumb, 0 bytes, Stack size unknown bytes, __scatter.o(!!!scatter))
<BR><BR>[Called By]<UL><LI><a href="#[da]">&gt;&gt;</a>&nbsp;&nbsp;&nbsp;__main
</UL>

<P><STRONG><a name="[e3]"></a>__scatterload_rt2</STRONG> (Thumb, 44 bytes, Stack size unknown bytes, __scatter.o(!!!scatter), UNUSED)
<BR><BR>[Calls]<UL><LI><a href="#[e2]">&gt;&gt;</a>&nbsp;&nbsp;&nbsp;__rt_entry
</UL>

<P><STRONG><a name="[39b]"></a>__scatterload_rt2_thumb_only</STRONG> (Thumb, 0 bytes, Stack size unknown bytes, __scatter.o(!!!scatter), UNUSED)

<P><STRONG><a name="[39c]"></a>__scatterload_null</STRONG> (Thumb, 0 bytes, Stack size unknown bytes, __scatter.o(!!!scatter), UNUSED)

<P><STRONG><a name="[e4]"></a>__scatterload_copy</STRONG> (Thumb, 26 bytes, Stack size unknown bytes, __scatter_copy.o(!!handler_copy), UNUSED)
<BR><BR>[Calls]<UL><LI><a href="#[e4]">&gt;&gt;</a>&nbsp;&nbsp;&nbsp;__scatterload_copy
</UL>
<BR>[Called By]<UL><LI><a href="#[e4]">&gt;&gt;</a>&nbsp;&nbsp;&nbsp;__scatterload_copy
</UL>

<P><STRONG><a name="[39d]"></a>__scatterload_zeroinit</STRONG> (Thumb, 28 bytes, Stack size unknown bytes, __scatter_zi.o(!!handler_zi), UNUSED)

<P><STRONG><a name="[e5]"></a>_printf_n</STRONG> (Thumb, 0 bytes, Stack size unknown bytes, _printf_n.o(.ARM.Collect$$_printf_percent$$00000001))
<BR><BR>[Calls]<UL><LI><a href="#[e6]">&gt;&gt;</a>&nbsp;&nbsp;&nbsp;_printf_charcount
</UL>

<P><STRONG><a name="[1d0]"></a>_printf_percent</STRONG> (Thumb, 0 bytes, Stack size unknown bytes, _printf_percent.o(.ARM.Collect$$_printf_percent$$00000000))
<BR><BR>[Called By]<UL><LI><a href="#[1ce]">&gt;&gt;</a>&nbsp;&nbsp;&nbsp;__printf
</UL>

<P><STRONG><a name="[e7]"></a>_printf_p</STRONG> (Thumb, 0 bytes, Stack size unknown bytes, _printf_p.o(.ARM.Collect$$_printf_percent$$00000002))
<BR><BR>[Stack]<UL><LI>Max Depth = 64 + Unknown Stack Size
<LI>Call Chain = _printf_p &rArr; _printf_hex_ptr &rArr; _printf_longlong_hex &rArr; _printf_int_common &rArr; _printf_post_padding
</UL>
<BR>[Calls]<UL><LI><a href="#[e8]">&gt;&gt;</a>&nbsp;&nbsp;&nbsp;_printf_hex_ptr
</UL>

<P><STRONG><a name="[e9]"></a>_printf_f</STRONG> (Thumb, 0 bytes, Stack size unknown bytes, _printf_f.o(.ARM.Collect$$_printf_percent$$00000003))
<BR><BR>[Stack]<UL><LI>Max Depth = 320 + Unknown Stack Size
<LI>Call Chain = _printf_f &rArr; _printf_fp_dec &rArr; _printf_fp_dec_real &rArr; _fp_digits &rArr; _btod_etento &rArr; _btod_emul &rArr; _e2e
</UL>
<BR>[Calls]<UL><LI><a href="#[ea]">&gt;&gt;</a>&nbsp;&nbsp;&nbsp;_printf_fp_dec
</UL>

<P><STRONG><a name="[eb]"></a>_printf_e</STRONG> (Thumb, 0 bytes, Stack size unknown bytes, _printf_e.o(.ARM.Collect$$_printf_percent$$00000004))
<BR><BR>[Stack]<UL><LI>Max Depth = 320 + Unknown Stack Size
<LI>Call Chain = _printf_e &rArr; _printf_fp_dec &rArr; _printf_fp_dec_real &rArr; _fp_digits &rArr; _btod_etento &rArr; _btod_emul &rArr; _e2e
</UL>
<BR>[Calls]<UL><LI><a href="#[ea]">&gt;&gt;</a>&nbsp;&nbsp;&nbsp;_printf_fp_dec
</UL>

<P><STRONG><a name="[ec]"></a>_printf_g</STRONG> (Thumb, 0 bytes, Stack size unknown bytes, _printf_g.o(.ARM.Collect$$_printf_percent$$00000005))
<BR><BR>[Stack]<UL><LI>Max Depth = 320 + Unknown Stack Size
<LI>Call Chain = _printf_g &rArr; _printf_fp_dec &rArr; _printf_fp_dec_real &rArr; _fp_digits &rArr; _btod_etento &rArr; _btod_emul &rArr; _e2e
</UL>
<BR>[Calls]<UL><LI><a href="#[ea]">&gt;&gt;</a>&nbsp;&nbsp;&nbsp;_printf_fp_dec
</UL>

<P><STRONG><a name="[ed]"></a>_printf_a</STRONG> (Thumb, 0 bytes, Stack size unknown bytes, _printf_a.o(.ARM.Collect$$_printf_percent$$00000006))
<BR><BR>[Stack]<UL><LI>Max Depth = 112 + Unknown Stack Size
<LI>Call Chain = _printf_a &rArr; _printf_fp_hex &rArr; _printf_fp_hex_real &rArr; _printf_fp_infnan &rArr; _printf_post_padding
</UL>
<BR>[Calls]<UL><LI><a href="#[ee]">&gt;&gt;</a>&nbsp;&nbsp;&nbsp;_printf_fp_hex
</UL>

<P><STRONG><a name="[39e]"></a>_printf_ll</STRONG> (Thumb, 0 bytes, Stack size unknown bytes, _printf_ll.o(.ARM.Collect$$_printf_percent$$00000007))

<P><STRONG><a name="[ef]"></a>_printf_i</STRONG> (Thumb, 0 bytes, Stack size unknown bytes, _printf_i.o(.ARM.Collect$$_printf_percent$$00000008))
<BR><BR>[Stack]<UL><LI>Max Depth = 72 + Unknown Stack Size
<LI>Call Chain = _printf_i &rArr; _printf_int_dec &rArr; _printf_int_common &rArr; _printf_post_padding
</UL>
<BR>[Calls]<UL><LI><a href="#[f0]">&gt;&gt;</a>&nbsp;&nbsp;&nbsp;_printf_int_dec
</UL>

<P><STRONG><a name="[f1]"></a>_printf_d</STRONG> (Thumb, 0 bytes, Stack size unknown bytes, _printf_d.o(.ARM.Collect$$_printf_percent$$00000009))
<BR><BR>[Stack]<UL><LI>Max Depth = 72 + Unknown Stack Size
<LI>Call Chain = _printf_d &rArr; _printf_int_dec &rArr; _printf_int_common &rArr; _printf_post_padding
</UL>
<BR>[Calls]<UL><LI><a href="#[f0]">&gt;&gt;</a>&nbsp;&nbsp;&nbsp;_printf_int_dec
</UL>

<P><STRONG><a name="[f2]"></a>_printf_u</STRONG> (Thumb, 0 bytes, Stack size unknown bytes, _printf_u.o(.ARM.Collect$$_printf_percent$$0000000A))
<BR><BR>[Stack]<UL><LI>Max Depth = 72 + Unknown Stack Size
<LI>Call Chain = _printf_u &rArr; _printf_int_dec &rArr; _printf_int_common &rArr; _printf_post_padding
</UL>
<BR>[Calls]<UL><LI><a href="#[f0]">&gt;&gt;</a>&nbsp;&nbsp;&nbsp;_printf_int_dec
</UL>

<P><STRONG><a name="[f3]"></a>_printf_o</STRONG> (Thumb, 0 bytes, Stack size unknown bytes, _printf_o.o(.ARM.Collect$$_printf_percent$$0000000B))
<BR><BR>[Stack]<UL><LI>Max Depth = 64 + Unknown Stack Size
<LI>Call Chain = _printf_o &rArr; _printf_int_oct &rArr; _printf_longlong_oct &rArr; _printf_int_common &rArr; _printf_post_padding
</UL>
<BR>[Calls]<UL><LI><a href="#[f4]">&gt;&gt;</a>&nbsp;&nbsp;&nbsp;_printf_int_oct
</UL>

<P><STRONG><a name="[f5]"></a>_printf_x</STRONG> (Thumb, 0 bytes, Stack size unknown bytes, _printf_x.o(.ARM.Collect$$_printf_percent$$0000000C))
<BR><BR>[Stack]<UL><LI>Max Depth = 80 + Unknown Stack Size
<LI>Call Chain = _printf_x &rArr; _printf_int_hex &rArr; _printf_longlong_hex &rArr; _printf_int_common &rArr; _printf_post_padding
</UL>
<BR>[Calls]<UL><LI><a href="#[f6]">&gt;&gt;</a>&nbsp;&nbsp;&nbsp;_printf_int_hex
</UL>

<P><STRONG><a name="[f7]"></a>_printf_lli</STRONG> (Thumb, 0 bytes, Stack size unknown bytes, _printf_lli.o(.ARM.Collect$$_printf_percent$$0000000D))
<BR><BR>[Stack]<UL><LI>Max Depth = 72 + Unknown Stack Size
<LI>Call Chain = _printf_lli &rArr; _printf_longlong_dec &rArr; _printf_int_common &rArr; _printf_post_padding
</UL>
<BR>[Calls]<UL><LI><a href="#[f8]">&gt;&gt;</a>&nbsp;&nbsp;&nbsp;_printf_longlong_dec
</UL>

<P><STRONG><a name="[f9]"></a>_printf_lld</STRONG> (Thumb, 0 bytes, Stack size unknown bytes, _printf_lld.o(.ARM.Collect$$_printf_percent$$0000000E))
<BR><BR>[Stack]<UL><LI>Max Depth = 72 + Unknown Stack Size
<LI>Call Chain = _printf_lld &rArr; _printf_longlong_dec &rArr; _printf_int_common &rArr; _printf_post_padding
</UL>
<BR>[Calls]<UL><LI><a href="#[f8]">&gt;&gt;</a>&nbsp;&nbsp;&nbsp;_printf_longlong_dec
</UL>

<P><STRONG><a name="[fa]"></a>_printf_llu</STRONG> (Thumb, 0 bytes, Stack size unknown bytes, _printf_llu.o(.ARM.Collect$$_printf_percent$$0000000F))
<BR><BR>[Stack]<UL><LI>Max Depth = 72 + Unknown Stack Size
<LI>Call Chain = _printf_llu &rArr; _printf_longlong_dec &rArr; _printf_int_common &rArr; _printf_post_padding
</UL>
<BR>[Calls]<UL><LI><a href="#[f8]">&gt;&gt;</a>&nbsp;&nbsp;&nbsp;_printf_longlong_dec
</UL>

<P><STRONG><a name="[fb]"></a>_printf_llo</STRONG> (Thumb, 0 bytes, Stack size unknown bytes, _printf_llo.o(.ARM.Collect$$_printf_percent$$00000010))
<BR><BR>[Stack]<UL><LI>Max Depth = 56 + Unknown Stack Size
<LI>Call Chain = _printf_llo &rArr; _printf_ll_oct &rArr; _printf_longlong_oct &rArr; _printf_int_common &rArr; _printf_post_padding
</UL>
<BR>[Calls]<UL><LI><a href="#[fc]">&gt;&gt;</a>&nbsp;&nbsp;&nbsp;_printf_ll_oct
</UL>

<P><STRONG><a name="[fd]"></a>_printf_llx</STRONG> (Thumb, 0 bytes, Stack size unknown bytes, _printf_llx.o(.ARM.Collect$$_printf_percent$$00000011))
<BR><BR>[Stack]<UL><LI>Max Depth = 64 + Unknown Stack Size
<LI>Call Chain = _printf_llx &rArr; _printf_ll_hex &rArr; _printf_longlong_hex &rArr; _printf_int_common &rArr; _printf_post_padding
</UL>
<BR>[Calls]<UL><LI><a href="#[fe]">&gt;&gt;</a>&nbsp;&nbsp;&nbsp;_printf_ll_hex
</UL>

<P><STRONG><a name="[39f]"></a>_printf_l</STRONG> (Thumb, 0 bytes, Stack size unknown bytes, _printf_l.o(.ARM.Collect$$_printf_percent$$00000012))

<P><STRONG><a name="[ff]"></a>_printf_c</STRONG> (Thumb, 0 bytes, Stack size unknown bytes, _printf_c.o(.ARM.Collect$$_printf_percent$$00000013))
<BR><BR>[Stack]<UL><LI>Max Depth = 40 + Unknown Stack Size
<LI>Call Chain = _printf_c &rArr; _printf_char &rArr; _printf_cs_common &rArr; _printf_str &rArr; _printf_post_padding
</UL>
<BR>[Calls]<UL><LI><a href="#[100]">&gt;&gt;</a>&nbsp;&nbsp;&nbsp;_printf_char
</UL>

<P><STRONG><a name="[101]"></a>_printf_s</STRONG> (Thumb, 0 bytes, Stack size unknown bytes, _printf_s.o(.ARM.Collect$$_printf_percent$$00000014))
<BR><BR>[Stack]<UL><LI>Max Depth = 40 + Unknown Stack Size
<LI>Call Chain = _printf_s &rArr; _printf_string &rArr; _printf_cs_common &rArr; _printf_str &rArr; _printf_post_padding
</UL>
<BR>[Calls]<UL><LI><a href="#[102]">&gt;&gt;</a>&nbsp;&nbsp;&nbsp;_printf_string
</UL>

<P><STRONG><a name="[103]"></a>_printf_lc</STRONG> (Thumb, 0 bytes, Stack size unknown bytes, _printf_lc.o(.ARM.Collect$$_printf_percent$$00000015))
<BR><BR>[Stack]<UL><LI>Max Depth = 96 + Unknown Stack Size
<LI>Call Chain = _printf_lc &rArr; _printf_wchar &rArr; _printf_lcs_common &rArr; _printf_wctomb &rArr; _wcrtomb &rArr; __rt_ctype_table &rArr; __rt_locale
</UL>
<BR>[Calls]<UL><LI><a href="#[104]">&gt;&gt;</a>&nbsp;&nbsp;&nbsp;_printf_wchar
</UL>

<P><STRONG><a name="[105]"></a>_printf_ls</STRONG> (Thumb, 0 bytes, Stack size unknown bytes, _printf_ls.o(.ARM.Collect$$_printf_percent$$00000016))
<BR><BR>[Stack]<UL><LI>Max Depth = 96 + Unknown Stack Size
<LI>Call Chain = _printf_ls &rArr; _printf_wstring &rArr; _printf_lcs_common &rArr; _printf_wctomb &rArr; _wcrtomb &rArr; __rt_ctype_table &rArr; __rt_locale
</UL>
<BR>[Calls]<UL><LI><a href="#[106]">&gt;&gt;</a>&nbsp;&nbsp;&nbsp;_printf_wstring
</UL>

<P><STRONG><a name="[3a0]"></a>_printf_percent_end</STRONG> (Thumb, 0 bytes, Stack size unknown bytes, _printf_percent_end.o(.ARM.Collect$$_printf_percent$$00000017))

<P><STRONG><a name="[107]"></a>__rt_lib_init</STRONG> (Thumb, 0 bytes, Stack size unknown bytes, libinit.o(.ARM.Collect$$libinit$$00000000))
<BR><BR>[Stack]<UL><LI>Max Depth = 24 + Unknown Stack Size
<LI>Call Chain = __rt_lib_init &rArr; _fp_init &rArr; __rt_fp_status_addr &rArr; __user_perthread_libspace
</UL>
<BR>[Calls]<UL><LI><a href="#[108]">&gt;&gt;</a>&nbsp;&nbsp;&nbsp;_fp_init
</UL>
<BR>[Called By]<UL><LI><a href="#[e2]">&gt;&gt;</a>&nbsp;&nbsp;&nbsp;__rt_entry
</UL>

<P><STRONG><a name="[109]"></a>__rt_lib_init_heap_2</STRONG> (Thumb, 0 bytes, Stack size unknown bytes, libinit2.o(.ARM.Collect$$libinit$$00000001))
<BR><BR>[Stack]<UL><LI>Max Depth = 64 + Unknown Stack Size
<LI>Call Chain = __rt_lib_init_heap_2 &rArr; _init_alloc &rArr; __rt_SIGRTMEM &rArr; __rt_SIGRTMEM_inner &rArr; __default_signal_display &rArr; _ttywrch
</UL>
<BR>[Calls]<UL><LI><a href="#[10a]">&gt;&gt;</a>&nbsp;&nbsp;&nbsp;_init_alloc
</UL>

<P><STRONG><a name="[3a1]"></a>__rt_lib_init_heap_1</STRONG> (Thumb, 0 bytes, Stack size unknown bytes, libinit2.o(.ARM.Collect$$libinit$$00000006))

<P><STRONG><a name="[10b]"></a>__rt_lib_init_lc_common</STRONG> (Thumb, 0 bytes, Stack size unknown bytes, libinit2.o(.ARM.Collect$$libinit$$0000000B))
<BR><BR>[Stack]<UL><LI>Max Depth = 8 + Unknown Stack Size
<LI>Call Chain = __rt_lib_init_lc_common &rArr; __rt_locale
</UL>
<BR>[Calls]<UL><LI><a href="#[10c]">&gt;&gt;</a>&nbsp;&nbsp;&nbsp;__rt_locale
</UL>

<P><STRONG><a name="[3a2]"></a>__rt_lib_init_rand_1</STRONG> (Thumb, 0 bytes, Stack size unknown bytes, libinit2.o(.ARM.Collect$$libinit$$0000000A))

<P><STRONG><a name="[3a3]"></a>__rt_lib_init_user_alloc_1</STRONG> (Thumb, 0 bytes, Stack size unknown bytes, libinit2.o(.ARM.Collect$$libinit$$00000008))

<P><STRONG><a name="[10d]"></a>__rt_lib_init_lc_collate_2</STRONG> (Thumb, 0 bytes, Stack size unknown bytes, libinit2.o(.ARM.Collect$$libinit$$0000000C))
<BR><BR>[Stack]<UL><LI>Max Depth = 8 + Unknown Stack Size
<LI>Call Chain = __rt_lib_init_lc_collate_2 &rArr; _get_lc_collate
</UL>
<BR>[Calls]<UL><LI><a href="#[10e]">&gt;&gt;</a>&nbsp;&nbsp;&nbsp;_get_lc_collate
</UL>

<P><STRONG><a name="[3a4]"></a>__rt_lib_init_lc_collate_1</STRONG> (Thumb, 0 bytes, Stack size unknown bytes, libinit2.o(.ARM.Collect$$libinit$$0000000D))

<P><STRONG><a name="[10f]"></a>__rt_lib_init_lc_ctype_2</STRONG> (Thumb, 0 bytes, Stack size unknown bytes, libinit2.o(.ARM.Collect$$libinit$$0000000E))
<BR><BR>[Stack]<UL><LI>Max Depth = 8 + Unknown Stack Size
<LI>Call Chain = __rt_lib_init_lc_ctype_2 &rArr; _get_lc_ctype
</UL>
<BR>[Calls]<UL><LI><a href="#[2b]">&gt;&gt;</a>&nbsp;&nbsp;&nbsp;_get_lc_ctype
</UL>

<P><STRONG><a name="[3a5]"></a>__rt_lib_init_lc_ctype_1</STRONG> (Thumb, 0 bytes, Stack size unknown bytes, libinit2.o(.ARM.Collect$$libinit$$0000000F))

<P><STRONG><a name="[110]"></a>__rt_lib_init_lc_monetary_2</STRONG> (Thumb, 0 bytes, Stack size unknown bytes, libinit2.o(.ARM.Collect$$libinit$$00000010))
<BR><BR>[Stack]<UL><LI>Max Depth = 8 + Unknown Stack Size
<LI>Call Chain = __rt_lib_init_lc_monetary_2 &rArr; _get_lc_monetary
</UL>
<BR>[Calls]<UL><LI><a href="#[111]">&gt;&gt;</a>&nbsp;&nbsp;&nbsp;_get_lc_monetary
</UL>

<P><STRONG><a name="[3a6]"></a>__rt_lib_init_lc_monetary_1</STRONG> (Thumb, 0 bytes, Stack size unknown bytes, libinit2.o(.ARM.Collect$$libinit$$00000011))

<P><STRONG><a name="[112]"></a>__rt_lib_init_lc_numeric_2</STRONG> (Thumb, 0 bytes, Stack size unknown bytes, libinit2.o(.ARM.Collect$$libinit$$00000012))
<BR><BR>[Stack]<UL><LI>Max Depth = 8 + Unknown Stack Size
<LI>Call Chain = __rt_lib_init_lc_numeric_2 &rArr; _get_lc_numeric
</UL>
<BR>[Calls]<UL><LI><a href="#[113]">&gt;&gt;</a>&nbsp;&nbsp;&nbsp;_get_lc_numeric
</UL>

<P><STRONG><a name="[3a7]"></a>__rt_lib_init_atexit_1</STRONG> (Thumb, 0 bytes, Stack size unknown bytes, libinit2.o(.ARM.Collect$$libinit$$00000017))

<P><STRONG><a name="[3a8]"></a>__rt_lib_init_clock_1</STRONG> (Thumb, 0 bytes, Stack size unknown bytes, libinit2.o(.ARM.Collect$$libinit$$0000001D))

<P><STRONG><a name="[3a9]"></a>__rt_lib_init_fp_trap_1</STRONG> (Thumb, 0 bytes, Stack size unknown bytes, libinit2.o(.ARM.Collect$$libinit$$0000001B))

<P><STRONG><a name="[3aa]"></a>__rt_lib_init_getenv_1</STRONG> (Thumb, 0 bytes, Stack size unknown bytes, libinit2.o(.ARM.Collect$$libinit$$0000001F))

<P><STRONG><a name="[3ab]"></a>__rt_lib_init_lc_numeric_1</STRONG> (Thumb, 0 bytes, Stack size unknown bytes, libinit2.o(.ARM.Collect$$libinit$$00000013))

<P><STRONG><a name="[3ac]"></a>__rt_lib_init_lc_time_1</STRONG> (Thumb, 0 bytes, Stack size unknown bytes, libinit2.o(.ARM.Collect$$libinit$$00000015))

<P><STRONG><a name="[3ad]"></a>__rt_lib_init_signal_1</STRONG> (Thumb, 0 bytes, Stack size unknown bytes, libinit2.o(.ARM.Collect$$libinit$$00000019))

<P><STRONG><a name="[114]"></a>__rt_lib_init_stdio_2</STRONG> (Thumb, 0 bytes, Stack size unknown bytes, libinit2.o(.ARM.Collect$$libinit$$00000020))
<BR><BR>[Stack]<UL><LI>Max Depth = 168 + Unknown Stack Size
<LI>Call Chain = __rt_lib_init_stdio_2 &rArr; _initio &rArr; freopen &rArr; _freopen_locked &rArr; _fclose_internal &rArr; _fflush &rArr; _writebuf &rArr; _sys_write
</UL>
<BR>[Calls]<UL><LI><a href="#[115]">&gt;&gt;</a>&nbsp;&nbsp;&nbsp;_initio
</UL>

<P><STRONG><a name="[3ae]"></a>__rt_lib_init_alloca_1</STRONG> (Thumb, 0 bytes, Stack size unknown bytes, libinit2.o(.ARM.Collect$$libinit$$0000002A))

<P><STRONG><a name="[3af]"></a>__rt_lib_init_argv_1</STRONG> (Thumb, 0 bytes, Stack size unknown bytes, libinit2.o(.ARM.Collect$$libinit$$00000028))

<P><STRONG><a name="[116]"></a>__rt_lib_init_cpp_2</STRONG> (Thumb, 0 bytes, Stack size unknown bytes, libinit2.o(.ARM.Collect$$libinit$$0000002D))
<BR><BR>[Stack]<UL><LI>Max Depth = 16 + Unknown Stack Size
<LI>Call Chain = __rt_lib_init_cpp_2 &rArr; __cpp_initialize__aeabi_
</UL>
<BR>[Calls]<UL><LI><a href="#[e0]">&gt;&gt;</a>&nbsp;&nbsp;&nbsp;__cpp_initialize__aeabi_
</UL>

<P><STRONG><a name="[3b0]"></a>__rt_lib_init_exceptions_1</STRONG> (Thumb, 0 bytes, Stack size unknown bytes, libinit2.o(.ARM.Collect$$libinit$$0000002C))

<P><STRONG><a name="[3b1]"></a>__rt_lib_init_stdio_1</STRONG> (Thumb, 0 bytes, Stack size unknown bytes, libinit2.o(.ARM.Collect$$libinit$$00000021))

<P><STRONG><a name="[3b2]"></a>__rt_lib_init_cpp_1</STRONG> (Thumb, 0 bytes, Stack size unknown bytes, libinit2.o(.ARM.Collect$$libinit$$0000002E))

<P><STRONG><a name="[3b3]"></a>__rt_lib_init_return</STRONG> (Thumb, 0 bytes, Stack size unknown bytes, libinit2.o(.ARM.Collect$$libinit$$0000002F))

<P><STRONG><a name="[11c]"></a>__rt_lib_shutdown</STRONG> (Thumb, 0 bytes, Stack size unknown bytes, libshutdown.o(.ARM.Collect$$libshutdown$$00000000))
<BR><BR>[Called By]<UL><LI><a href="#[11b]">&gt;&gt;</a>&nbsp;&nbsp;&nbsp;__rt_exit_ls
<LI><a href="#[217]">&gt;&gt;</a>&nbsp;&nbsp;&nbsp;abort
</UL>

<P><STRONG><a name="[117]"></a>__rt_lib_shutdown_cpp_1</STRONG> (Thumb, 0 bytes, Stack size unknown bytes, libshutdown2.o(.ARM.Collect$$libshutdown$$00000001))
<BR><BR>[Stack]<UL><LI>Max Depth = 56 + Unknown Stack Size
<LI>Call Chain = __rt_lib_shutdown_cpp_1 &rArr; __cxa_finalize &rArr; free &rArr; _free_internal &rArr; _mutex_release
</UL>
<BR>[Calls]<UL><LI><a href="#[118]">&gt;&gt;</a>&nbsp;&nbsp;&nbsp;__cxa_finalize
</UL>

<P><STRONG><a name="[119]"></a>__rt_lib_shutdown_stdio_2</STRONG> (Thumb, 0 bytes, Stack size unknown bytes, libshutdown2.o(.ARM.Collect$$libshutdown$$00000002))
<BR><BR>[Stack]<UL><LI>Max Depth = 128 + Unknown Stack Size
<LI>Call Chain = __rt_lib_shutdown_stdio_2 &rArr; _terminateio &rArr; _fclose_internal &rArr; _fflush &rArr; _writebuf &rArr; _sys_write
</UL>
<BR>[Calls]<UL><LI><a href="#[11a]">&gt;&gt;</a>&nbsp;&nbsp;&nbsp;_terminateio
</UL>

<P><STRONG><a name="[3b4]"></a>__rt_lib_shutdown_fp_trap_1</STRONG> (Thumb, 0 bytes, Stack size unknown bytes, libshutdown2.o(.ARM.Collect$$libshutdown$$00000006))

<P><STRONG><a name="[3b5]"></a>__rt_lib_shutdown_heap_1</STRONG> (Thumb, 0 bytes, Stack size unknown bytes, libshutdown2.o(.ARM.Collect$$libshutdown$$0000000E))

<P><STRONG><a name="[3b6]"></a>__rt_lib_shutdown_return</STRONG> (Thumb, 0 bytes, Stack size unknown bytes, libshutdown2.o(.ARM.Collect$$libshutdown$$0000000F))

<P><STRONG><a name="[3b7]"></a>__rt_lib_shutdown_signal_1</STRONG> (Thumb, 0 bytes, Stack size unknown bytes, libshutdown2.o(.ARM.Collect$$libshutdown$$00000009))

<P><STRONG><a name="[3b8]"></a>__rt_lib_shutdown_stdio_1</STRONG> (Thumb, 0 bytes, Stack size unknown bytes, libshutdown2.o(.ARM.Collect$$libshutdown$$00000003))

<P><STRONG><a name="[3b9]"></a>__rt_lib_shutdown_user_alloc_1</STRONG> (Thumb, 0 bytes, Stack size unknown bytes, libshutdown2.o(.ARM.Collect$$libshutdown$$0000000B))

<P><STRONG><a name="[1d5]"></a>__rt_exit</STRONG> (Thumb, 0 bytes, Stack size unknown bytes, rtexit.o(.ARM.Collect$$rtexit$$00000000))
<BR><BR>[Called By]<UL><LI><a href="#[121]">&gt;&gt;</a>&nbsp;&nbsp;&nbsp;exit
</UL>

<P><STRONG><a name="[11b]"></a>__rt_exit_ls</STRONG> (Thumb, 0 bytes, Stack size unknown bytes, rtexit2.o(.ARM.Collect$$rtexit$$00000003))
<BR><BR>[Calls]<UL><LI><a href="#[11c]">&gt;&gt;</a>&nbsp;&nbsp;&nbsp;__rt_lib_shutdown
</UL>

<P><STRONG><a name="[3ba]"></a>__rt_exit_prels_1</STRONG> (Thumb, 0 bytes, Stack size unknown bytes, rtexit2.o(.ARM.Collect$$rtexit$$00000002))

<P><STRONG><a name="[11d]"></a>__rt_exit_exit</STRONG> (Thumb, 0 bytes, Stack size unknown bytes, rtexit2.o(.ARM.Collect$$rtexit$$00000004))
<BR><BR>[Calls]<UL><LI><a href="#[11e]">&gt;&gt;</a>&nbsp;&nbsp;&nbsp;_sys_exit
</UL>

<P><STRONG><a name="[e2]"></a>__rt_entry</STRONG> (Thumb, 24 bytes, Stack size 0 bytes, rtx_conf_cm.o(.emb_text))
<BR><BR>[Stack]<UL><LI>Max Depth = 24 + Unknown Stack Size
<LI>Call Chain = __rt_entry &rArr; __rt_lib_init &rArr; _fp_init &rArr; __rt_fp_status_addr &rArr; __user_perthread_libspace
</UL>
<BR>[Calls]<UL><LI><a href="#[120]">&gt;&gt;</a>&nbsp;&nbsp;&nbsp;osKernelStart
<LI><a href="#[107]">&gt;&gt;</a>&nbsp;&nbsp;&nbsp;__rt_lib_init
<LI><a href="#[121]">&gt;&gt;</a>&nbsp;&nbsp;&nbsp;exit
[...]
<LI><a href="#[191]">&gt;&gt;</a>&nbsp;&nbsp;&nbsp;svcSemaphoreWait
<LI><a href="#[18d]">&gt;&gt;</a>&nbsp;&nbsp;&nbsp;svcMutexWait
<LI><a href="#[184]">&gt;&gt;</a>&nbsp;&nbsp;&nbsp;svcSignalWait
<LI><a href="#[17e]">&gt;&gt;</a>&nbsp;&nbsp;&nbsp;svcMessageGet
<LI><a href="#[175]">&gt;&gt;</a>&nbsp;&nbsp;&nbsp;svcTimerStart
<LI><a href="#[170]">&gt;&gt;</a>&nbsp;&nbsp;&nbsp;svcDelay
</UL>

<P><STRONG><a name="[177]"></a>rt_timer_insert</STRONG> (Thumb, 50 bytes, Stack size 12 bytes, rt_cmsis.o(.text))
<BR><BR>[Stack]<UL><LI>Max Depth = 12<LI>Call Chain = rt_timer_insert
</UL>
<BR>[Called By]<UL><LI><a href="#[17c]">&gt;&gt;</a>&nbsp;&nbsp;&nbsp;sysTimerTick
<LI><a href="#[175]">&gt;&gt;</a>&nbsp;&nbsp;&nbsp;svcTimerStart
</UL>

<P><STRONG><a name="[176]"></a>rt_timer_remove</STRONG> (Thumb, 56 bytes, Stack size 0 bytes, rt_cmsis.o(.text))
<BR><BR>[Called By]<UL><LI><a href="#[178]">&gt;&gt;</a>&nbsp;&nbsp;&nbsp;svcTimerStop
<LI><a href="#[175]">&gt;&gt;</a>&nbsp;&nbsp;&nbsp;svcTimerStart
</UL>

<P><STRONG><a name="[179]"></a>isrMessagePut</STRONG> (Thumb, 44 bytes, Stack size 16 bytes, rt_cmsis.o(.text), UNUSED)
<BR><BR>[Calls]<UL><LI><a href="#[17a]">&gt;&gt;</a>&nbsp;&nbsp;&nbsp;rt_mbx_check
<LI><a href="#[17b]">&gt;&gt;</a>&nbsp;&nbsp;&nbsp;isr_mbx_send
</UL>
<BR>[Called By]<UL><LI><a href="#[1a1]">&gt;&gt;</a>&nbsp;&nbsp;&nbsp;osMessagePut
<LI><a href="#[17c]">&gt;&gt;</a>&nbsp;&nbsp;&nbsp;sysTimerTick
</UL>

<P><STRONG><a name="[15f]"></a>rt_tid2ptcb</STRONG> (Thumb, 18 bytes, Stack size 0 bytes, rt_cmsis.o(.text))
<BR><BR>[Called By]<UL><LI><a href="#[18a]">&gt;&gt;</a>&nbsp;&nbsp;&nbsp;svcSignalGet
<LI><a href="#[188]">&gt;&gt;</a>&nbsp;&nbsp;&nbsp;svcSignalClear
<LI><a href="#[186]">&gt;&gt;</a>&nbsp;&nbsp;&nbsp;svcSignalSet
<LI><a href="#[16f]">&gt;&gt;</a>&nbsp;&nbsp;&nbsp;svcThreadGetPriority
<LI><a href="#[16d]">&gt;&gt;</a>&nbsp;&nbsp;&nbsp;svcThreadSetPriority
<LI><a href="#[15e]">&gt;&gt;</a>&nbsp;&nbsp;&nbsp;svcThreadTerminate
<LI><a href="#[150]">&gt;&gt;</a>&nbsp;&nbsp;&nbsp;osSignalSet
</UL>

<P><STRONG><a name="[174]"></a>rt_id2obj</STRONG> (Thumb, 8 bytes, Stack size 0 bytes, rt_cmsis.o(.text))
<BR><BR>[Called By]<UL><LI><a href="#[195]">&gt;&gt;</a>&nbsp;&nbsp;&nbsp;osSemaphoreRelease
<LI><a href="#[193]">&gt;&gt;</a>&nbsp;&nbsp;&nbsp;svcSemaphoreRelease
<LI><a href="#[191]">&gt;&gt;</a>&nbsp;&nbsp;&nbsp;svcSemaphoreWait
<LI><a href="#[18e]">&gt;&gt;</a>&nbsp;&nbsp;&nbsp;svcMutexRelease
<LI><a href="#[18d]">&gt;&gt;</a>&nbsp;&nbsp;&nbsp;svcMutexWait
<LI><a href="#[178]">&gt;&gt;</a>&nbsp;&nbsp;&nbsp;svcTimerStop
<LI><a href="#[175]">&gt;&gt;</a>&nbsp;&nbsp;&nbsp;svcTimerStart
<LI><a href="#[173]">&gt;&gt;</a>&nbsp;&nbsp;&nbsp;svcTimerCall
</UL>

<P><STRONG><a name="[19a]"></a>rt_clr_box</STRONG> (Thumb, 20 bytes, Stack size 0 bytes, rt_cmsis.o(.text))
<BR><BR>[Called By]<UL><LI><a href="#[1a3]">&gt;&gt;</a>&nbsp;&nbsp;&nbsp;sysMailAlloc
<LI><a href="#[199]">&gt;&gt;</a>&nbsp;&nbsp;&nbsp;sysPoolAlloc
</UL>

<P><STRONG><a name="[1b2]"></a>rt_init_context</STRONG> (Thumb, 60 bytes, Stack size 16 bytes, rt_task.o(.text))
<BR><BR>[Stack]<UL><LI>Max Depth = 24<LI>Call Chain = rt_init_context &rArr; rt_init_stack
</UL>
<BR>[Calls]<UL><LI><a href="#[1b3]">&gt;&gt;</a>&nbsp;&nbsp;&nbsp;rt_init_stack
<LI><a href="#[1e]">&gt;&gt;</a>&nbsp;&nbsp;&nbsp;rt_alloc_box
</UL>
<BR>[Called By]<UL><LI><a href="#[164]">&gt;&gt;</a>&nbsp;&nbsp;&nbsp;rt_tsk_create
<LI><a href="#[16a]">&gt;&gt;</a>&nbsp;&nbsp;&nbsp;rt_sys_init
</UL>

<P><STRONG><a name="[d6]"></a>__sti___8_char_cpp</STRONG> (Thumb, 12 bytes, Stack size 0 bytes, char.o(i.__sti___8_char_cpp))
<BR>[Address Reference Count : 1]<UL><LI> char.o(.init_array)
</UL>
<P><STRONG><a name="[3c]"></a>&lang;Func5&rang;</STRONG> (Thumb, 20 bytes, Stack size 16 bytes, locale.o(i.<Func5>))
<BR><BR>[Stack]<UL><LI>Max Depth = 24<LI>Call Chain = &lang;Func5&rang; &rArr; std::basic_string&lang;char, std::char_traits&lang;char&rang;, std::allocator&lang;char&rang;&rang;::basic_string(const std::allocator&lang;char&rang;&)
</UL>
<BR>[Calls]<UL><LI><a href="#[15a]">&gt;&gt;</a>&nbsp;&nbsp;&nbsp;std::allocator&lang;char&rang;::allocator()
<LI><a href="#[278]">&gt;&gt;</a>&nbsp;&nbsp;&nbsp;std::basic_string&lang;char, std::char_traits&lang;char&rang;, std::allocator&lang;char&rang;&rang;::basic_string(const std::allocator&lang;char&rang;&)
</UL>
<BR>[Address Reference Count : 3]<UL><LI> locale.o(i._ZNSt6localeC1ERKS_PKci)
<LI> locale.o(i._ZN4__rw15__rw_locale_impC1EPKcjj)
<LI> locale.o(i._ZN4__rw15__rw_locale_impC1ERKS0_PKcj)
</UL>
<P><STRONG><a name="[d7]"></a>__sti___10_locale_cpp</STRONG> (Thumb, 12 bytes, Stack size 0 bytes, locale.o(i.__sti___10_locale_cpp))
<BR>[Address Reference Count : 1]<UL><LI> locale.o(.init_array)
</UL>
<P><STRONG><a name="[28f]"></a>__rw::__rw_vfmatstr(char*, unsigned, const char*, std::__va_list)</STRONG> (Thumb, 88 bytes, Stack size 24 bytes, rwstdexcept.o(i._ZN4__rw13__rw_vfmatstrEPcjPKcSt9__va_list))
<BR><BR>[Stack]<UL><LI>Max Depth = 152 + Unknown Stack Size
<LI>Call Chain = __rw::__rw_vfmatstr(char*, unsigned, const char*, std::__va_list) &rArr; vsnprintf &rArr; _printf_char_common &rArr; __printf
</UL>
<BR>[Calls]<UL><LI><a href="#[290]">&gt;&gt;</a>&nbsp;&nbsp;&nbsp;operator new[] (unsigned)
<LI><a href="#[1f9]">&gt;&gt;</a>&nbsp;&nbsp;&nbsp;vsnprintf
<LI><a href="#[4e]">&gt;&gt;</a>&nbsp;&nbsp;&nbsp;operator delete[] (void*)
</UL>
<BR>[Called By]<UL><LI><a href="#[287]">&gt;&gt;</a>&nbsp;&nbsp;&nbsp;std::__rw_exception::_C_vformat(int, std::__va_list)
<LI><a href="#[2e8]">&gt;&gt;</a>&nbsp;&nbsp;&nbsp;std::__rw_exception::_C_vformat(const char*, std::__va_list)
<LI><a href="#[291]">&gt;&gt;</a>&nbsp;&nbsp;&nbsp;__rw::__rw_vfmatstr(char*, unsigned, int, std::__va_list)
</UL>

<P><STRONG><a name="[291]"></a>__rw::__rw_vfmatstr(char*, unsigned, int, std::__va_list)</STRONG> (Thumb, 330 bytes, Stack size 88 bytes, rwstdexcept.o(i._ZN4__rw13__rw_vfmatstrEPcjiSt9__va_list))
<BR><BR>[Stack]<UL><LI>Max Depth = 712 + Unknown Stack Size
<LI>Call Chain = __rw::__rw_vfmatstr(char*, unsigned, int, std::__va_list) &rArr; std::locale::locale() &rArr; std::locale::_C_init() &rArr; __rw::__rw_locale_imp::__rw_locale_imp(const char*, unsigned, unsigned) &rArr; __aeabi_vec_new_cookie &rArr; __cxa_vec_new &rArr; __ARM_array_new_general &rArr; __cxa_rethrow &rArr; _Unwind_RaiseException &rArr; __ARM_Unwind_RaiseException &rArr; malloc &rArr; _malloc_internal &rArr; __Heap_Full &rArr; __Heap_ProvideMemory &rArr; _free_internal &rArr; _mutex_release
</UL>
<BR>[Calls]<UL><LI><a href="#[295]">&gt;&gt;</a>&nbsp;&nbsp;&nbsp;std::locale::locale()
<LI><a href="#[292]">&gt;&gt;</a>&nbsp;&nbsp;&nbsp;strrchr
<LI><a href="#[28]">&gt;&gt;</a>&nbsp;&nbsp;&nbsp;std::basic_string&lang;char, std::char_traits&lang;char&rang;, std::allocator&lang;char&rang;&rang;::~basic_string()
<LI><a href="#[294]">&gt;&gt;</a>&nbsp;&nbsp;&nbsp;std::basic_string&lang;char, std::char_traits&lang;char&rang;, std::allocator&lang;char&rang;&rang;::basic_string(const std::basic_string&lang;char, std::char_traits&lang;char&rang;, std::allocator&lang;char&rang;&rang;&)
<LI><a href="#[15a]">&gt;&gt;</a>&nbsp;&nbsp;&nbsp;std::allocator&lang;char&rang;::allocator()
<LI><a href="#[296]">&gt;&gt;</a>&nbsp;&nbsp;&nbsp;__rw::__rw_locale_vector&lang;std::basic_string&lang;char, std::char_traits&lang;char&rang;, std::allocator&lang;char&rang;&rang;&rang;::~__rw_locale_vector()
<LI><a href="#[285]">&gt;&gt;</a>&nbsp;&nbsp;&nbsp;operator new(unsigned, void*)
<LI><a href="#[1fe]">&gt;&gt;</a>&nbsp;&nbsp;&nbsp;sscanf
<LI><a href="#[282]">&gt;&gt;</a>&nbsp;&nbsp;&nbsp;operator delete (void*)
<LI><a href="#[4e]">&gt;&gt;</a>&nbsp;&nbsp;&nbsp;operator delete[] (void*)
<LI><a href="#[28f]">&gt;&gt;</a>&nbsp;&nbsp;&nbsp;__rw::__rw_vfmatstr(char*, unsigned, const char*, std::__va_list)
<LI><a href="#[293]">&gt;&gt;</a>&nbsp;&nbsp;&nbsp;std::basic_string&lang;char, std::char_traits&lang;char&rang;, std::allocator&lang;char&rang;&rang;::basic_string(const char*, const std::allocator&lang;char&rang;&)
</UL>
<BR>[Called By]<UL><LI><a href="#[287]">&gt;&gt;</a>&nbsp;&nbsp;&nbsp;std::__rw_exception::_C_vformat(int, std::__va_list)
</UL>

<P><STRONG><a name="[2a]"></a>armcpp_exception_cleanup(_Unwind_Reason_Code, _Unwind_Control_Block*)</STRONG> (Thumb, 64 bytes, Stack size 24 bytes, arm_exceptions_throw.o(.text))
<BR><BR>[Stack]<UL><LI>Max Depth = 472 + Unknown Stack Size
<LI>Call Chain = armcpp_exception_cleanup(_Unwind_Reason_Code, _Unwind_Control_Block*) &rArr; __cxa_rethrow &rArr; _Unwind_RaiseException &rArr; __ARM_Unwind_RaiseException &rArr; malloc &rArr; _malloc_internal &rArr; __Heap_Full &rArr; __Heap_ProvideMemory &rArr; _free_internal &rArr; _mutex_release
</UL>
<BR>[Calls]<UL><LI><a href="#[1dc]">&gt;&gt;</a>&nbsp;&nbsp;&nbsp;__cxa_get_globals
<LI><a href="#[1e5]">&gt;&gt;</a>&nbsp;&nbsp;&nbsp;__cxa_free_exception
<LI><a href="#[1e7]">&gt;&gt;</a>&nbsp;&nbsp;&nbsp;__cxa_rethrow
<LI><a href="#[145]">&gt;&gt;</a>&nbsp;&nbsp;&nbsp;__cxa_begin_catch
</UL>
<BR>[Address Reference Count : 1]<UL><LI> arm_exceptions_throw.o(.text)
</UL>
<P><STRONG><a name="[1f4]"></a>Heap1_SizeAdjust</STRONG> (Thumb, 8 bytes, Stack size 0 bytes, h1_alloc_mt.o(.text))
<BR><BR>[Called By]<UL><LI><a href="#[1f3]">&gt;&gt;</a>&nbsp;&nbsp;&nbsp;_malloc_internal
</UL>

<P><STRONG><a name="[2f]"></a>EIT_comparator</STRONG> (Thumb, 60 bytes, Stack size 8 bytes, unwinder.o(.text))
<BR><BR>[Stack]<UL><LI>Max Depth = 8<LI>Call Chain = EIT_comparator
</UL>
<BR>[Address Reference Count : 1]<UL><LI> unwinder.o(.text)
</UL>
<P><STRONG><a name="[220]"></a>find_and_expand_eit_entry</STRONG> (Thumb, 172 bytes, Stack size 24 bytes, unwinder.o(.text))
<BR><BR>[Stack]<UL><LI>Max Depth = 56<LI>Call Chain = find_and_expand_eit_entry &rArr; bsearch
</UL>
<BR>[Calls]<UL><LI><a href="#[1e8]">&gt;&gt;</a>&nbsp;&nbsp;&nbsp;_Unwind_Activity
<LI><a href="#[221]">&gt;&gt;</a>&nbsp;&nbsp;&nbsp;bsearch
</UL>
<BR>[Called By]<UL><LI><a href="#[222]">&gt;&gt;</a>&nbsp;&nbsp;&nbsp;__ARM_unwind_next_frame
<LI><a href="#[12a]">&gt;&gt;</a>&nbsp;&nbsp;&nbsp;__ARM_Unwind_RaiseException
</UL>

<P><STRONG><a name="[226]"></a>next_unwind_byte</STRONG> (Thumb, 48 bytes, Stack size 0 bytes, unwind_prcommon.o(.text))
<BR><BR>[Called By]<UL><LI><a href="#[1db]">&gt;&gt;</a>&nbsp;&nbsp;&nbsp;__ARM_unwind_cpp_prcommon
</UL>

<P><STRONG><a name="[4f]"></a>tbc_downcast(void*, const std::type_info*, a_base_class_traversal_block*, __cxxabiv1::__base_class_type_info*)</STRONG> (Thumb, 70 bytes, Stack size 24 bytes, rtti.o(i._Z12tbc_downcastPvPKSt9type_infoP28a_base_class_traversal_blockPN10__cxxabiv122__base_class_type_infoE))
<BR><BR>[Stack]<UL><LI>Max Depth = 40<LI>Call Chain = tbc_downcast(void*, const std::type_info*, a_base_class_traversal_block*, __cxxabiv1::__base_class_type_info*) &rArr; std::type_info::operator ==(const std::type_info&) const
</UL>
<BR>[Calls]<UL><LI><a href="#[1eb]">&gt;&gt;</a>&nbsp;&nbsp;&nbsp;std::type_info::operator ==(const std::type_info&) const
</UL>
<BR>[Address Reference Count : 1]<UL><LI> rtti.o(i.__dynamic_cast)
</UL>
<P><STRONG><a name="[50]"></a>tbc_post_downcast(void*, const std::type_info*, a_base_class_traversal_block*, __cxxabiv1::__base_class_type_info*)</STRONG> (Thumb, 22 bytes, Stack size 8 bytes, rtti.o(i._Z17tbc_post_downcastPvPKSt9type_infoP28a_base_class_traversal_blockPN10__cxxabiv122__base_class_type_infoE))
<BR><BR>[Stack]<UL><LI>Max Depth = 24<LI>Call Chain = tbc_post_downcast(void*, const std::type_info*, a_base_class_traversal_block*, __cxxabiv1::__base_class_type_info*) &rArr; std::type_info::operator ==(const std::type_info&) const
</UL>
<BR>[Calls]<UL><LI><a href="#[1eb]">&gt;&gt;</a>&nbsp;&nbsp;&nbsp;std::type_info::operator ==(const std::type_info&) const
</UL>
<BR>[Address Reference Count : 1]<UL><LI> rtti.o(i.__dynamic_cast)
</UL>
<P><STRONG><a name="[27b]"></a>traverse_base_classes(void*, const std::type_info*, a_base_class_traversal_block*, __cxxabiv1::__base_class_type_info*)</STRONG> (Thumb, 158 bytes, Stack size 24 bytes, rtti.o(i._Z21traverse_base_classesPvPKSt9type_infoP28a_base_class_traversal_blockPN10__cxxabiv122__base_class_type_infoE), UNUSED)
<BR><BR>[Calls]<UL><LI><a href="#[1eb]">&gt;&gt;</a>&nbsp;&nbsp;&nbsp;std::type_info::operator ==(const std::type_info&) const
<LI><a href="#[27b]">&gt;&gt;</a>&nbsp;&nbsp;&nbsp;traverse_base_classes(void*, const std::type_info*, a_base_class_traversal_block*, __cxxabiv1::__base_class_type_info*)
<LI><a href="#[1ec]">&gt;&gt;</a>&nbsp;&nbsp;&nbsp;__ARM_common_get_typeid
</UL>
<BR>[Called By]<UL><LI><a href="#[313]">&gt;&gt;</a>&nbsp;&nbsp;&nbsp;__dynamic_cast
<LI><a href="#[27b]">&gt;&gt;</a>&nbsp;&nbsp;&nbsp;traverse_base_classes(void*, const std::type_info*, a_base_class_traversal_block*, __cxxabiv1::__base_class_type_info*)
</UL>

<P><STRONG><a name="[27c]"></a>find_base_class_at_addr(void*, void*, const std::type_info*, const std::type_info*, int*)</STRONG> (Thumb, 184 bytes, Stack size 56 bytes, rtti.o(i._Z23find_base_class_at_addrPvS_PKSt9type_infoS2_Pi), UNUSED)
<BR><BR>[Calls]<UL><LI><a href="#[1eb]">&gt;&gt;</a>&nbsp;&nbsp;&nbsp;std::type_info::operator ==(const std::type_info&) const
<LI><a href="#[27c]">&gt;&gt;</a>&nbsp;&nbsp;&nbsp;find_base_class_at_addr(void*, void*, const std::type_info*, const std::type_info*, int*)
<LI><a href="#[1ec]">&gt;&gt;</a>&nbsp;&nbsp;&nbsp;__ARM_common_get_typeid
</UL>
<BR>[Called By]<UL><LI><a href="#[313]">&gt;&gt;</a>&nbsp;&nbsp;&nbsp;__dynamic_cast
<LI><a href="#[27c]">&gt;&gt;</a>&nbsp;&nbsp;&nbsp;find_base_class_at_addr(void*, void*, const std::type_info*, const std::type_info*, int*)
</UL>

<P><STRONG><a name="[27d]"></a>derived_to_base_conversion_r(void*, void**, const std::type_info*, const std::type_info*, unsigned, int*, int, const std::type_info**, a_result_virtuality*, int*)</STRONG> (Thumb, 480 bytes, Stack size 96 bytes, rtti.o(i._Z28derived_to_base_conversion_rPvPS_PKSt9type_infoS3_jPiiPS3_P19a_result_virtualityS4_))
<BR><BR>[Stack]<UL><LI>Max Depth = 568 + Unknown Stack Size
 + In Cycle
<LI>Call Chain = derived_to_base_conversion_r(void*, void**, const std::type_info*, const std::type_info*, unsigned, int*, int, const std::type_info**, a_result_virtuality*, int*) &rArr;  derived_to_base_conversion_r(void*, void**, const std::type_info*, const std::type_info*, unsigned, int*, int, const std::type_info**, a_result_virtuality*, int*) (Cycle)
</UL>
<BR>[Calls]<UL><LI><a href="#[1eb]">&gt;&gt;</a>&nbsp;&nbsp;&nbsp;std::type_info::operator ==(const std::type_info&) const
<LI><a href="#[27d]">&gt;&gt;</a>&nbsp;&nbsp;&nbsp;derived_to_base_conversion_r(void*, void**, const std::type_info*, const std::type_info*, unsigned, int*, int, const std::type_info**, a_result_virtuality*, int*)
<LI><a href="#[1ec]">&gt;&gt;</a>&nbsp;&nbsp;&nbsp;__ARM_common_get_typeid
</UL>
<BR>[Called By]<UL><LI><a href="#[1ee]">&gt;&gt;</a>&nbsp;&nbsp;&nbsp;__derived_to_base_conversion
<LI><a href="#[27d]">&gt;&gt;</a>&nbsp;&nbsp;&nbsp;derived_to_base_conversion_r(void*, void**, const std::type_info*, const std::type_info*, unsigned, int*, int, const std::type_info**, a_result_virtuality*, int*)
</UL>

<P><STRONG><a name="[36]"></a>__default_terminate_handler()</STRONG> (Thumb, 4 bytes, Stack size 0 bytes, arm_exceptions_globs.o(.text))
<BR><BR>[Stack]<UL><LI>Max Depth = 40 + Unknown Stack Size
<LI>Call Chain = __default_terminate_handler() &rArr; abort &rArr; __rt_SIGABRT &rArr; __rt_SIGABRT_inner &rArr; __default_signal_display &rArr; _ttywrch
</UL>
<BR>[Calls]<UL><LI><a href="#[217]">&gt;&gt;</a>&nbsp;&nbsp;&nbsp;abort
</UL>
<BR>[Address Reference Count : 1]<UL><LI> arm_exceptions_globs.o(.text)
</UL>
<P><STRONG><a name="[37]"></a>_printf_input_char</STRONG> (Thumb, 10 bytes, Stack size 0 bytes, _printf_char_common.o(.text))
<BR>[Address Reference Count : 1]<UL><LI> _printf_char_common.o(.text)
</UL>
<P><STRONG><a name="[38]"></a>_scanf_char_input</STRONG> (Thumb, 12 bytes, Stack size 0 bytes, scanf_char.o(.text))
<BR>[Address Reference Count : 1]<UL><LI> scanf_char.o(.text)
</UL>
<P><STRONG><a name="[246]"></a>_freopen_locked</STRONG> (Thumb, 174 bytes, Stack size 32 bytes, fopen_locked.o(.text))
<BR><BR>[Stack]<UL><LI>Max Depth = 136<LI>Call Chain = _freopen_locked &rArr; _fclose_internal &rArr; _fflush &rArr; _writebuf &rArr; _sys_write
</UL>
<BR>[Calls]<UL><LI><a href="#[130]">&gt;&gt;</a>&nbsp;&nbsp;&nbsp;_sys_open
<LI><a href="#[df]">&gt;&gt;</a>&nbsp;&nbsp;&nbsp;_mutex_release
<LI><a href="#[de]">&gt;&gt;</a>&nbsp;&nbsp;&nbsp;_mutex_acquire
<LI><a href="#[208]">&gt;&gt;</a>&nbsp;&nbsp;&nbsp;_fclose_internal
<LI><a href="#[1d3]">&gt;&gt;</a>&nbsp;&nbsp;&nbsp;_fseek
</UL>
<BR>[Called By]<UL><LI><a href="#[247]">&gt;&gt;</a>&nbsp;&nbsp;&nbsp;_fopen$locked
<LI><a href="#[210]">&gt;&gt;</a>&nbsp;&nbsp;&nbsp;freopen
</UL>

<P><STRONG><a name="[248]"></a>_locale_name</STRONG> (Thumb, 154 bytes, Stack size 16 bytes, locale_r.o(.text))
<BR><BR>[Stack]<UL><LI>Max Depth = 24<LI>Call Chain = _locale_name &rArr; __rt_locale
</UL>
<BR>[Calls]<UL><LI><a href="#[10c]">&gt;&gt;</a>&nbsp;&nbsp;&nbsp;__rt_locale
</UL>
<BR>[Called By]<UL><LI><a href="#[214]">&gt;&gt;</a>&nbsp;&nbsp;&nbsp;_setlocale_r
<LI><a href="#[249]">&gt;&gt;</a>&nbsp;&nbsp;&nbsp;_set_locale_byname
</UL>

<P><STRONG><a name="[249]"></a>_set_locale_byname</STRONG> (Thumb, 154 bytes, Stack size 24 bytes, locale_r.o(.text))
<BR><BR>[Stack]<UL><LI>Max Depth = 48<LI>Call Chain = _set_locale_byname &rArr; _locale_name &rArr; __rt_locale
</UL>
<BR>[Calls]<UL><LI><a href="#[10c]">&gt;&gt;</a>&nbsp;&nbsp;&nbsp;__rt_locale
<LI><a href="#[113]">&gt;&gt;</a>&nbsp;&nbsp;&nbsp;_get_lc_numeric
<LI><a href="#[111]">&gt;&gt;</a>&nbsp;&nbsp;&nbsp;_get_lc_monetary
<LI><a href="#[10e]">&gt;&gt;</a>&nbsp;&nbsp;&nbsp;_get_lc_collate
<LI><a href="#[2b]">&gt;&gt;</a>&nbsp;&nbsp;&nbsp;_get_lc_ctype
<LI><a href="#[248]">&gt;&gt;</a>&nbsp;&nbsp;&nbsp;_locale_name
</UL>
<BR>[Called By]<UL><LI><a href="#[214]">&gt;&gt;</a>&nbsp;&nbsp;&nbsp;_setlocale_r
</UL>

<P><STRONG><a name="[d8]"></a>__sti___10_rwcats_cpp</STRONG> (Thumb, 42 bytes, Stack size 16 bytes, rwcats.o(i.__sti___10_rwcats_cpp))
<BR><BR>[Stack]<UL><LI>Max Depth = 120<LI>Call Chain = __sti___10_rwcats_cpp &rArr; __aeabi_atexit &rArr; malloc &rArr; _malloc_internal &rArr; __Heap_Full &rArr; __Heap_ProvideMemory &rArr; _free_internal &rArr; _mutex_release
</UL>
<BR>[Calls]<UL><LI><a href="#[290]">&gt;&gt;</a>&nbsp;&nbsp;&nbsp;operator new[] (unsigned)
<LI><a href="#[155]">&gt;&gt;</a>&nbsp;&nbsp;&nbsp;__aeabi_atexit
</UL>
<BR>[Address Reference Count : 1]<UL><LI> rwcats.o(.init_array)
</UL>
<P><STRONG><a name="[24e]"></a>_fp_digits</STRONG> (Thumb, 428 bytes, Stack size 96 bytes, _printf_fp_dec.o(.text))
<BR><BR>[Stack]<UL><LI>Max Depth = 216<LI>Call Chain = _fp_digits &rArr; _btod_etento &rArr; _btod_emul &rArr; _e2e
</UL>
<BR>[Calls]<UL><LI><a href="#[252]">&gt;&gt;</a>&nbsp;&nbsp;&nbsp;_btod_emul
<LI><a href="#[251]">&gt;&gt;</a>&nbsp;&nbsp;&nbsp;_btod_ediv
<LI><a href="#[250]">&gt;&gt;</a>&nbsp;&nbsp;&nbsp;_btod_d2e
<LI><a href="#[24f]">&gt;&gt;</a>&nbsp;&nbsp;&nbsp;_btod_etento
<LI><a href="#[23a]">&gt;&gt;</a>&nbsp;&nbsp;&nbsp;_ll_udiv10
</UL>
<BR>[Called By]<UL><LI><a href="#[253]">&gt;&gt;</a>&nbsp;&nbsp;&nbsp;_printf_fp_dec_real
</UL>

<P><STRONG><a name="[25b]"></a>_fp_value</STRONG> (Thumb, 506 bytes, Stack size 72 bytes, scanf_fp.o(.text))
<BR><BR>[Stack]<UL><LI>Max Depth = 192<LI>Call Chain = _fp_value &rArr; _btod_etento &rArr; _btod_emul &rArr; _e2e
</UL>
<BR>[Calls]<UL><LI><a href="#[204]">&gt;&gt;</a>&nbsp;&nbsp;&nbsp;__aeabi_errno_addr
<LI><a href="#[25c]">&gt;&gt;</a>&nbsp;&nbsp;&nbsp;_btod_emuld
<LI><a href="#[25d]">&gt;&gt;</a>&nbsp;&nbsp;&nbsp;_btod_edivd
<LI><a href="#[24f]">&gt;&gt;</a>&nbsp;&nbsp;&nbsp;_btod_etento
</UL>
<BR>[Called By]<UL><LI><a href="#[25e]">&gt;&gt;</a>&nbsp;&nbsp;&nbsp;_scanf_really_real
</UL>
<P>
<H3>
Undefined Global Symbols
</H3><HR></body></html>
