ARM Linker, 4.1 [Build 894] [Evaluation]

==============================================================================

Section Cross References

    startup_armcm3.o(RESET) refers to startup_armcm3.o(STACK) for __initial_sp
    startup_armcm3.o(RESET) refers to startup_armcm3.o(.text) for Reset_Handler
    startup_armcm3.o(RESET) refers to hal_cm3.o(.emb_text) for SVC_Handler
    startup_armcm3.o(.text) refers to system_armcm3.o(.text) for SystemInit
    startup_armcm3.o(.text) refers to entry.o(.ARM.Collect$$$$00000000) for __main
    system_armcm3.o(.text) refers to system_armcm3.o(.data) for SystemCoreClock
    rtx_conf_cm.o(.ARM.Collect$$$$000000FF) refers to rt_cmsis.o(.text) for osKernelStart
    rtx_conf_cm.o(.ARM.Collect$$$$000000FF) refers to rtx_conf_cm.o(.constdata) for .constdata
    rtx_conf_cm.o(.constdata) refers to rtx_conf_cm.o(.bss) for os_messageQ_q_osTimerMessageQ
    rtx_conf_cm.o(.constdata) refers to rtx_ex2.o(.text) for main
    rtx_ex2.o(.text) refers to rt_cmsis.o(.text) for osDelay
    rtx_ex2.o(.text) refers to rtx_ex2.o(.data) for counter1
    rtx_ex2.o(.text) refers to rtx_ex2.o(.constdata) for os_thread_def_job1
    rtx_ex2.o(.constdata) refers to rtx_ex2.o(.text) for job1
    rt_cmsis.o(.text) refers to rt_task.o(.text) for rt_tsk_self
    rt_cmsis.o(.text) refers to rt_memory.o(.text) for rt_free_mem
    rt_cmsis.o(.text) refers to rt_mailbox.o(.text) for rt_mbx_init
    rt_cmsis.o(.text) refers to rt_time.o(.text) for rt_dly_wait
    rt_cmsis.o(.text) refers to rtx_conf_cm.o(.constdata) for os_clockrate
    rt_cmsis.o(.text) refers to rtx_conf_cm.o(.bss) for os_active_TCB
    rt_cmsis.o(.text) refers to rt_task.o(.data) for os_tsk
    rt_cmsis.o(.text) refers to rtx_conf_cm.o(.data) for osMessageQId_osTimerMessageQ
    rt_cmsis.o(.text) refers to rt_cmsis.o(.data) for .data
    rt_cmsis.o(.text) refers to rt_event.o(.text) for rt_evt_wait
    rt_cmsis.o(.text) refers to rt_mutex.o(.text) for rt_mut_init
    rt_cmsis.o(.text) refers to rt_semaphore.o(.text) for rt_sem_init
    rt_cmsis.o(.text) refers to rt_membox.o(.text) for _init_box
    rt_cmsis.o(.text) refers to rt_list.o(.text) for rt_put_prio
    rt_cmsis.o(.text) refers to rt_system.o(.text) for rt_psh_req
    rt_cmsis.o(.text) refers to hal_cm.o(.text) for rt_ret_val
    rt_task.o(.text) refers to rt_membox.o(.text) for rt_alloc_box
    rt_task.o(.text) refers to hal_cm.o(.text) for rt_init_stack
    rt_task.o(.text) refers to rt_list.o(.text) for rt_put_rdy_first
    rt_task.o(.text) refers to hal_cm3.o(.emb_text) for rt_set_PSP
    rt_task.o(.text) refers to rt_robin.o(.text) for rt_init_robin
    rt_task.o(.text) refers to rtx_conf_cm.o(.bss) for mp_stk
    rt_task.o(.text) refers to rt_task.o(.data) for .data
    rt_task.o(.text) refers to hal_cm.o(.data) for dbg_msg
    rt_task.o(.text) refers to rt_list.o(.bss) for os_rdy
    rt_task.o(.text) refers to rtx_conf_cm.o(.constdata) for os_maxtaskrun
    rt_task.o(.text) refers to rtx_conf_cm.o(.data) for m_tmr
    rt_task.o(.text) refers to rt_task.o(.bss) for .bss
    rt_task.o(.text) refers to rtx_conf_cm.o(.text) for os_idle_demon
    rt_system.o(.text) refers to rt_list.o(.text) for rt_put_rdy_first
    rt_system.o(.text) refers to rt_semaphore.o(.text) for rt_sem_psh
    rt_system.o(.text) refers to rt_task.o(.text) for rt_switch_req
    rt_system.o(.text) refers to rt_event.o(.text) for rt_evt_psh
    rt_system.o(.text) refers to rt_mailbox.o(.text) for rt_mbx_psh
    rt_system.o(.text) refers to rt_robin.o(.text) for rt_chk_robin
    rt_system.o(.text) refers to rt_cmsis.o(.text) for sysTimerTick
    rt_system.o(.text) refers to rtx_conf_cm.o(.text) for os_error
    rt_system.o(.text) refers to rt_system.o(.data) for .data
    rt_system.o(.text) refers to rt_task.o(.data) for os_tsk
    rt_system.o(.text) refers to rtx_conf_cm.o(.bss) for os_fifo
    rt_system.o(.text) refers to rt_list.o(.bss) for os_rdy
    rt_system.o(.text) refers to rt_time.o(.data) for os_time
    rt_event.o(.text) refers to rt_task.o(.text) for rt_block
    rt_event.o(.text) refers to rt_list.o(.text) for rt_rmv_dly
    rt_event.o(.text) refers to hal_cm.o(.text) for rt_ret_val2
    rt_event.o(.text) refers to rt_system.o(.text) for rt_psh_req
    rt_event.o(.text) refers to rt_task.o(.data) for os_tsk
    rt_event.o(.text) refers to rtx_conf_cm.o(.bss) for os_active_TCB
    rt_event.o(.text) refers to rt_list.o(.bss) for os_rdy
    rt_list.o(.text) refers to rtx_conf_cm.o(.text) for os_error
    rt_list.o(.text) refers to rt_list.o(.bss) for .bss
    rt_list.o(.text) refers to rt_task.o(.data) for os_tsk
    rt_list.o(.text) refers to rt_time.o(.data) for os_time
    rt_list.o(.text) refers to rtx_conf_cm.o(.bss) for os_fifo
    rt_mailbox.o(.text) refers to rt_list.o(.text) for rt_put_prio
    rt_mailbox.o(.text) refers to hal_cm.o(.text) for rt_ret_val2
    rt_mailbox.o(.text) refers to rt_task.o(.text) for rt_dispatch
    rt_mailbox.o(.text) refers to rt_system.o(.text) for rt_psh_req
    rt_mailbox.o(.text) refers to rt_membox.o(.text) for rt_alloc_box
    rt_mailbox.o(.text) refers to rtx_conf_cm.o(.text) for os_error
    rt_mailbox.o(.text) refers to rt_task.o(.data) for os_tsk
    rt_mailbox.o(.text) refers to rt_list.o(.bss) for os_rdy
    rt_semaphore.o(.text) refers to rt_list.o(.text) for rt_get_first
    rt_semaphore.o(.text) refers to hal_cm.o(.text) for rt_ret_val
    rt_semaphore.o(.text) refers to rt_task.o(.text) for rt_dispatch
    rt_semaphore.o(.text) refers to rt_system.o(.text) for rt_psh_req
    rt_semaphore.o(.text) refers to rt_task.o(.data) for os_tsk
    rt_semaphore.o(.text) refers to rt_list.o(.bss) for os_rdy
    rt_time.o(.text) refers to rt_task.o(.text) for rt_block
    rt_time.o(.text) refers to rt_task.o(.data) for os_tsk
    rt_time.o(.text) refers to rt_time.o(.data) for .data
    rt_mutex.o(.text) refers to rt_list.o(.text) for rt_get_first
    rt_mutex.o(.text) refers to hal_cm.o(.text) for rt_ret_val
    rt_mutex.o(.text) refers to rt_task.o(.text) for rt_dispatch
    rt_mutex.o(.text) refers to rt_task.o(.data) for os_tsk
    rt_mutex.o(.text) refers to rt_list.o(.bss) for os_rdy
    rt_membox.o(.text) refers to hal_cm3.o(.emb_text) for _alloc_box
    hal_cm.o(.text) refers to rtx_conf_cm.o(.constdata) for os_stackinfo
    hal_cm.o(.text) refers to hal_cm.o(.data) for .data
    rt_robin.o(.text) refers to rt_list.o(.text) for rt_get_first
    rt_robin.o(.text) refers to rt_robin.o(.data) for .data
    rt_robin.o(.text) refers to rtx_conf_cm.o(.constdata) for os_rrobin
    rt_robin.o(.text) refers to rt_list.o(.bss) for os_rdy
    rt_robin.o(.text) refers to rt_time.o(.data) for os_time
    hal_cm3.o(.emb_text) refers to rtx_conf_cm.o(.constdata) for os_flags
    hal_cm3.o(.emb_text) refers to rt_membox.o(.text) for rt_alloc_box
    hal_cm3.o(.emb_text) refers to rt_system.o(.text) for rt_stk_check
    hal_cm3.o(.emb_text) refers to rt_task.o(.data) for os_tsk
    hal_cm3.o(.emb_text) refers to SVC_Table.o(SVC_TABLE) for SVC_Count
    entry.o(.ARM.Collect$$$$00000000) refers (Special) to entry7b.o(.ARM.Collect$$$$00000008) for _main_clock
    entry.o(.ARM.Collect$$$$00000000) refers (Special) to rtx_conf_cm.o(.ARM.Collect$$$$000000FF) for _main_init
    entry.o(.ARM.Collect$$$$00000000) refers (Special) to entry5.o(.ARM.Collect$$$$00000004) for _main_scatterload
    entry.o(.ARM.Collect$$$$00000000) refers (Special) to entry2.o(.ARM.Collect$$$$00000001) for _main_stk
    entry2.o(.ARM.Collect$$$$00000001) refers to entry2.o(.ARM.Collect$$$$00002712) for __lit__00000000
    entry2.o(.ARM.Collect$$$$00002712) refers to startup_armcm3.o(STACK) for __initial_sp
    entry2.o(__vectab_stack_and_reset_area) refers to startup_armcm3.o(STACK) for __initial_sp
    entry2.o(__vectab_stack_and_reset_area) refers to entry.o(.ARM.Collect$$$$00000000) for __main
    entry5.o(.ARM.Collect$$$$00000004) refers to init.o(.text) for __scatterload
    init.o(.text) refers to entry5.o(.ARM.Collect$$$$00000004) for __main_after_scatterload


==============================================================================

Removing Unused input sections from the image.

    Removing startup_armcm3.o(HEAP), (0 bytes).
    Removing system_armcm3.o(.rev16_text), (4 bytes).
    Removing system_armcm3.o(.revsh_text), (4 bytes).
    Removing rt_cmsis.o(.rev16_text), (4 bytes).
    Removing rt_cmsis.o(.revsh_text), (4 bytes).
    Removing rt_system.o(.emb_text), (0 bytes).

6 unused section(s) (total 16 bytes) removed from the image.

==============================================================================

Image Symbol Table

    Local Symbols

    Symbol Name                              Value     Ov Type        Size  Object(Section)

    RESET                                    0x00000000   Section       68  startup_armcm3.o(RESET)
    ../../microlib/init/entry.s              0x00000000   Number         0  entry7b.o ABSOLUTE
    ../../microlib/init/entry.s              0x00000000   Number         0  entry7a.o ABSOLUTE
    ../../microlib/init/entry.s              0x00000000   Number         0  entry.o ABSOLUTE
    ../../microlib/init/entry.s              0x00000000   Number         0  entry2.o ABSOLUTE
    ../../microlib/init/entry.s              0x00000000   Number         0  entry5.o ABSOLUTE
    ..\HAL_CM.c                              0x00000000   Number         0  hal_cm.o ABSOLUTE
    ..\RTX_Conf_CM.c                         0x00000000   Number         0  rtx_conf_cm.o ABSOLUTE
    ..\RTX_ex2.c                             0x00000000   Number         0  rtx_ex2.o ABSOLUTE
    ..\\rt_CMSIS.c                           0x00000000   Number         0  rt_cmsis.o ABSOLUTE
    ..\\rt_System.c                          0x00000000   Number         0  rt_system.o ABSOLUTE
    ..\\system_ARMCM3.c                      0x00000000   Number         0  system_armcm3.o ABSOLUTE
    ..\rt_CMSIS.c                            0x00000000   Number         0  rt_cmsis.o ABSOLUTE
    ..\rt_Event.c                            0x00000000   Number         0  rt_event.o ABSOLUTE
    ..\rt_List.c                             0x00000000   Number         0  rt_list.o ABSOLUTE
    ..\rt_Mailbox.c                          0x00000000   Number         0  rt_mailbox.o ABSOLUTE
    ..\rt_MemBox.c                           0x00000000   Number         0  rt_membox.o ABSOLUTE
    ..\rt_Memory.c                           0x00000000   Number         0  rt_memory.o ABSOLUTE
    ..\rt_Mutex.c                            0x00000000   Number         0  rt_mutex.o ABSOLUTE
    ..\rt_Robin.c                            0x00000000   Number         0  rt_robin.o ABSOLUTE
    ..\rt_Semaphore.c                        0x00000000   Number         0  rt_semaphore.o ABSOLUTE
    ..\rt_System.c                           0x00000000   Number         0  rt_system.o ABSOLUTE
    ..\rt_Task.c                             0x00000000   Number         0  rt_task.o ABSOLUTE
    ..\rt_Time.c                             0x00000000   Number         0  rt_time.o ABSOLUTE
    ..\system_ARMCM3.c                       0x00000000   Number         0  system_armcm3.o ABSOLUTE
    HAL_CM3.c                                0x00000000   Number         0  hal_cm3.o ABSOLUTE
    HAL_CM3.c                                0x00000000   Number         0  hal_cm3.o ABSOLUTE
    SVC_Table.s                              0x00000000   Number         0  SVC_Table.o ABSOLUTE
    dc.s                                     0x00000000   Number         0  dc.o ABSOLUTE
    handlers.s                               0x00000000   Number         0  handlers.o ABSOLUTE
    init.s                                   0x00000000   Number         0  init.o ABSOLUTE
    startup_ARMCM3.s                         0x00000000   Number         0  startup_armcm3.o ABSOLUTE
    .ARM.Collect$$$$00000000                 0x00000044   Section        0  entry.o(.ARM.Collect$$$$00000000)
    .ARM.Collect$$$$00000001                 0x00000044   Section        4  entry2.o(.ARM.Collect$$$$00000001)
    .ARM.Collect$$$$00000004                 0x00000048   Section        4  entry5.o(.ARM.Collect$$$$00000004)
    .ARM.Collect$$$$00000008                 0x0000004c   Section        0  entry7b.o(.ARM.Collect$$$$00000008)
    .ARM.Collect$$$$000000FF                 0x0000004c   Section        0  rtx_conf_cm.o(.ARM.Collect$$$$000000FF)
    .ARM.Collect$$$$00002712                 0x0000005c   Section        4  entry2.o(.ARM.Collect$$$$00002712)
    __lit__00000000                          0x0000005c   Data           4  entry2.o(.ARM.Collect$$$$00002712)
    .emb_text                                0x00000060   Section      284  hal_cm3.o(.emb_text)
    .text                                    0x0000017c   Section       36  startup_armcm3.o(.text)
    .text                                    0x000001a0   Section        0  system_armcm3.o(.text)
    .text                                    0x000001b8   Section        0  rtx_conf_cm.o(.text)
    .text                                    0x000001c0   Section        0  rtx_ex2.o(.text)
    .text                                    0x00000280   Section        0  rt_cmsis.o(.text)
    rt_ms2tick                               0x00000281   Thumb Code    50  rt_cmsis.o(.text)
    rt_timer_insert                          0x0000059b   Thumb Code    50  rt_cmsis.o(.text)
    rt_timer_remove                          0x000005cd   Thumb Code    56  rt_cmsis.o(.text)
    isrMessagePut                            0x000006eb   Thumb Code    44  rt_cmsis.o(.text)
    rt_tid2ptcb                              0x00000d87   Thumb Code    18  rt_cmsis.o(.text)
    rt_id2obj                                0x00000d99   Thumb Code     8  rt_cmsis.o(.text)
    rt_clr_box                               0x00000da1   Thumb Code    20  rt_cmsis.o(.text)
    .text                                    0x00000db8   Section        0  rt_task.o(.text)
    rt_init_context                          0x00000db9   Thumb Code    60  rt_task.o(.text)
    .text                                    0x0000114c   Section        0  rt_system.o(.text)
    .text                                    0x00001274   Section        0  rt_event.o(.text)
    .text                                    0x000013a0   Section        0  rt_list.o(.text)
    .text                                    0x000015b4   Section        0  rt_mailbox.o(.text)
    .text                                    0x00001884   Section        0  rt_semaphore.o(.text)
    .text                                    0x0000193c   Section        0  rt_time.o(.text)
    .text                                    0x0000197c   Section        0  rt_mutex.o(.text)
    .text                                    0x00001a8c   Section        0  rt_membox.o(.text)
    .text                                    0x00001b2a   Section        0  rt_memory.o(.text)
    .text                                    0x00001ba8   Section        0  hal_cm.o(.text)
    .text                                    0x00001c64   Section        0  rt_robin.o(.text)
    .text                                    0x00001cbc   Section       36  init.o(.text)
    SVC_TABLE                                0x00001ce0   Section        4  SVC_Table.o(SVC_TABLE)
    i.__scatterload_copy                     0x00001ce4   Section       14  handlers.o(i.__scatterload_copy)
    i.__scatterload_null                     0x00001cf2   Section        2  handlers.o(i.__scatterload_null)
    i.__scatterload_zeroinit                 0x00001cf4   Section       14  handlers.o(i.__scatterload_zeroinit)
    .constdata                               0x00001d04   Section       88  rtx_conf_cm.o(.constdata)
    __tagsym$$used                           0x00001d18   Number         0  rtx_conf_cm.o(.constdata)
    __tagsym$$used                           0x00001d1c   Number         0  rtx_conf_cm.o(.constdata)
    .constdata                               0x00001d5c   Section       48  rtx_ex2.o(.constdata)
    .data                                    0x20000000   Section        4  system_armcm3.o(.data)
    .data                                    0x20000004   Section       16  rtx_conf_cm.o(.data)
    .data                                    0x20000014   Section       20  rtx_ex2.o(.data)
    .data                                    0x20000028   Section        4  rt_cmsis.o(.data)
    .data                                    0x2000002c   Section        8  rt_task.o(.data)
    .data                                    0x20000034   Section        3  rt_system.o(.data)
    os_lock                                  0x20000034   Data           1  rt_system.o(.data)
    os_psh_flag                              0x20000035   Data           1  rt_system.o(.data)
    pend_flags                               0x20000036   Data           1  rt_system.o(.data)
    .data                                    0x20000038   Section        2  rt_time.o(.data)
    .data                                    0x2000003a   Section        1  hal_cm.o(.data)
    .data                                    0x2000003c   Section        8  rt_robin.o(.data)
    .bss                                     0x20000048   Section     1916  rtx_conf_cm.o(.bss)
    .bss                                     0x200007c4   Section       48  rt_task.o(.bss)
    .bss                                     0x200007f4   Section       48  rt_list.o(.bss)
    STACK                                    0x20000828   Section     1024  startup_armcm3.o(STACK)

    Global Symbols

    Symbol Name                              Value     Ov Type        Size  Object(Section)

    BuildAttributes$$THM_ISAv4$P$D$K$B$S$PE$A:L22UL41UL21$X:L11$S22US41US21$IEEE1$IW$USESV6$~STKCKD$USESV7$~SHL$OSPACE$EBA8$MICROLIB$REQ8$PRES8$EABIv2 0x00000000   Number         0  anon$$obj.o ABSOLUTE
    __ARM_use_no_argv                        0x00000000   Number         0  rtx_ex2.o ABSOLUTE
    __Vectors                                0x00000000   Data           4  startup_armcm3.o(RESET)
    __decompress                              - Undefined Weak Reference
    _clock_init                               - Undefined Weak Reference
    __Vectors_End                            0x00000044   Data           0  startup_armcm3.o(RESET)
    __Vectors_Size                           0x00000044   Number         0  startup_armcm3.o ABSOLUTE
    __main                                   0x00000045   Thumb Code     0  entry.o(.ARM.Collect$$$$00000000)
    _main_stk                                0x00000045   Thumb Code     0  entry2.o(.ARM.Collect$$$$00000001)
    _main_scatterload                        0x00000049   Thumb Code     0  entry5.o(.ARM.Collect$$$$00000004)
    __main_after_scatterload                 0x0000004d   Thumb Code     0  entry5.o(.ARM.Collect$$$$00000004)
    _main_clock                              0x0000004d   Thumb Code     0  entry7b.o(.ARM.Collect$$$$00000008)
    _main_init                               0x0000004d   Thumb Code    10  rtx_conf_cm.o(.ARM.Collect$$$$000000FF)
    rt_set_PSP                               0x00000061   Thumb Code     6  hal_cm3.o(.emb_text)
    os_set_env                               0x00000067   Thumb Code    26  hal_cm3.o(.emb_text)
    _alloc_box                               0x00000085   Thumb Code    28  hal_cm3.o(.emb_text)
    _free_box                                0x000000a5   Thumb Code    28  hal_cm3.o(.emb_text)
    SVC_Handler                              0x000000c5   Thumb Code   108  hal_cm3.o(.emb_text)
    PendSV_Handler                           0x0000013d   Thumb Code     0  hal_cm3.o(.emb_text)
    Sys_Handler                              0x0000013d   Thumb Code    60  hal_cm3.o(.emb_text)
    SysTick_Handler                          0x00000173   Thumb Code     0  hal_cm3.o(.emb_text)
    Reset_Handler                            0x0000017d   Thumb Code     8  startup_armcm3.o(.text)
    NMI_Handler                              0x00000185   Thumb Code     2  startup_armcm3.o(.text)
    HardFault_Handler                        0x00000187   Thumb Code     2  startup_armcm3.o(.text)
    MemManage_Handler                        0x00000189   Thumb Code     2  startup_armcm3.o(.text)
    BusFault_Handler                         0x0000018b   Thumb Code     2  startup_armcm3.o(.text)
    UsageFault_Handler                       0x0000018d   Thumb Code     2  startup_armcm3.o(.text)
    DebugMon_Handler                         0x00000191   Thumb Code     2  startup_armcm3.o(.text)
    DEF_IRQHandler                           0x00000197   Thumb Code     0  startup_armcm3.o(.text)
    SystemCoreClockUpdate                    0x000001a1   Thumb Code     8  system_armcm3.o(.text)
    SystemInit                               0x000001a9   Thumb Code     8  system_armcm3.o(.text)
    os_idle_demon                            0x000001b9   Thumb Code     4  rtx_conf_cm.o(.text)
    os_error                                 0x000001bd   Thumb Code     4  rtx_conf_cm.o(.text)
    job1                                     0x000001c1   Thumb Code    20  rtx_ex2.o(.text)
    job2                                     0x000001d5   Thumb Code    34  rtx_ex2.o(.text)
    job3                                     0x000001f7   Thumb Code    30  rtx_ex2.o(.text)
    main                                     0x00000215   Thumb Code    68  rtx_ex2.o(.text)
    svcThreadGetId                           0x000002b3   Thumb Code    22  rt_cmsis.o(.text)
    svcThreadTerminate                       0x000002c9   Thumb Code    52  rt_cmsis.o(.text)
    osThreadExit                             0x000002fd   Thumb Code    14  rt_cmsis.o(.text)
    svcThreadCreate                          0x0000030b   Thumb Code   102  rt_cmsis.o(.text)
    svcMessageCreate                         0x00000371   Thumb Code    36  rt_cmsis.o(.text)
    svcKernelStart                           0x00000395   Thumb Code   176  rt_cmsis.o(.text)
    __RL_RTX_VER                             0x00000422   Number         0  rt_system.o ABSOLUTE
    osKernelStart                            0x00000445   Thumb Code    94  rt_cmsis.o(.text)
    osKernelRunning                          0x000004a3   Thumb Code    12  rt_cmsis.o(.text)
    svcThreadYield                           0x000004af   Thumb Code    10  rt_cmsis.o(.text)
    svcThreadSetPriority                     0x000004b9   Thumb Code    46  rt_cmsis.o(.text)
    svcThreadGetPriority                     0x000004e7   Thumb Code    18  rt_cmsis.o(.text)
    osThreadCreate                           0x000004f9   Thumb Code    18  rt_cmsis.o(.text)
    osThreadGetId                            0x0000050b   Thumb Code    20  rt_cmsis.o(.text)
    osThreadTerminate                        0x0000051f   Thumb Code    20  rt_cmsis.o(.text)
    osThreadYield                            0x00000533   Thumb Code    20  rt_cmsis.o(.text)
    osThreadSetPriority                      0x00000547   Thumb Code    20  rt_cmsis.o(.text)
    osThreadGetPriority                      0x0000055b   Thumb Code    20  rt_cmsis.o(.text)
    svcDelay                                 0x0000056f   Thumb Code    20  rt_cmsis.o(.text)
    osDelay                                  0x00000583   Thumb Code    20  rt_cmsis.o(.text)
    osWait                                   0x00000597   Thumb Code     4  rt_cmsis.o(.text)
    svcTimerCall                             0x00000605   Thumb Code    24  rt_cmsis.o(.text)
    svcTimerCreate                           0x0000061d   Thumb Code    48  rt_cmsis.o(.text)
    svcTimerStart                            0x0000064d   Thumb Code   122  rt_cmsis.o(.text)
    svcTimerStop                             0x000006c7   Thumb Code    36  rt_cmsis.o(.text)
    sysTimerTick                             0x00000717   Thumb Code    76  rt_cmsis.o(.text)
    osTimerCreate                            0x00000763   Thumb Code    20  rt_cmsis.o(.text)
    osTimerStart                             0x00000777   Thumb Code    20  rt_cmsis.o(.text)
    osTimerStop                              0x0000078b   Thumb Code    20  rt_cmsis.o(.text)
    osTimerCall                              0x0000079f   Thumb Code     8  rt_cmsis.o(.text)
    svcMessageGet                            0x000007a7   Thumb Code    58  rt_cmsis.o(.text)
    osMessageGet                             0x000007e1   Thumb Code    64  rt_cmsis.o(.text)
    osTimerThread                            0x00000821   Thumb Code    38  rt_cmsis.o(.text)
    svcSignalWait                            0x00000847   Thumb Code    80  rt_cmsis.o(.text)
    svcSignalSet                             0x00000897   Thumb Code    36  rt_cmsis.o(.text)
    svcSignalClear                           0x000008bb   Thumb Code    36  rt_cmsis.o(.text)
    svcSignalGet                             0x000008df   Thumb Code    18  rt_cmsis.o(.text)
    osSignalSet                              0x000008f1   Thumb Code    50  rt_cmsis.o(.text)
    osSignalClear                            0x00000923   Thumb Code    20  rt_cmsis.o(.text)
    osSignalGet                              0x00000937   Thumb Code    20  rt_cmsis.o(.text)
    osSignalWait                             0x0000094b   Thumb Code    20  rt_cmsis.o(.text)
    svcMutexCreate                           0x0000095f   Thumb Code    28  rt_cmsis.o(.text)
    svcMutexWait                             0x0000097b   Thumb Code    54  rt_cmsis.o(.text)
    svcMutexRelease                          0x000009b1   Thumb Code    34  rt_cmsis.o(.text)
    osMutexCreate                            0x000009d3   Thumb Code    20  rt_cmsis.o(.text)
    osMutexWait                              0x000009e7   Thumb Code    20  rt_cmsis.o(.text)
    osMutexRelease                           0x000009fb   Thumb Code    20  rt_cmsis.o(.text)
    svcSemaphoreCreate                       0x00000a0f   Thumb Code    36  rt_cmsis.o(.text)
    svcSemaphoreWait                         0x00000a33   Thumb Code    50  rt_cmsis.o(.text)
    svcSemaphoreRelease                      0x00000a65   Thumb Code    26  rt_cmsis.o(.text)
    osSemaphoreCreate                        0x00000a7f   Thumb Code    20  rt_cmsis.o(.text)
    osSemaphoreWait                          0x00000a93   Thumb Code    22  rt_cmsis.o(.text)
    osSemaphoreRelease                       0x00000aa9   Thumb Code    42  rt_cmsis.o(.text)
    svcPoolCreate                            0x00000ad3   Thumb Code    54  rt_cmsis.o(.text)
    sysPoolAlloc                             0x00000b09   Thumb Code    32  rt_cmsis.o(.text)
    sysPoolFree                              0x00000b29   Thumb Code    20  rt_cmsis.o(.text)
    osPoolCreate                             0x00000b3d   Thumb Code    18  rt_cmsis.o(.text)
    osPoolAlloc                              0x00000b4f   Thumb Code    30  rt_cmsis.o(.text)
    osPoolCAlloc                             0x00000b6d   Thumb Code    28  rt_cmsis.o(.text)
    osPoolFree                               0x00000b89   Thumb Code    24  rt_cmsis.o(.text)
    svcMessagePut                            0x00000ba1   Thumb Code    54  rt_cmsis.o(.text)
    osMessageCreate                          0x00000bd7   Thumb Code    20  rt_cmsis.o(.text)
    osMessagePut                             0x00000beb   Thumb Code    18  rt_cmsis.o(.text)
    svcMailCreate                            0x00000bfd   Thumb Code    66  rt_cmsis.o(.text)
    sysMailAlloc                             0x00000c3f   Thumb Code   104  rt_cmsis.o(.text)
    sysMailFree                              0x00000ca7   Thumb Code   102  rt_cmsis.o(.text)
    osMailCreate                             0x00000d0d   Thumb Code    18  rt_cmsis.o(.text)
    osMailAlloc                              0x00000d1f   Thumb Code    26  rt_cmsis.o(.text)
    osMailCAlloc                             0x00000d39   Thumb Code    24  rt_cmsis.o(.text)
    osMailFree                               0x00000d51   Thumb Code    20  rt_cmsis.o(.text)
    osMailPut                                0x00000d65   Thumb Code    12  rt_cmsis.o(.text)
    osMailGet                                0x00000d71   Thumb Code    22  rt_cmsis.o(.text)
    rt_switch_req                            0x00000df5   Thumb Code    30  rt_task.o(.text)
    rt_dispatch                              0x00000e13   Thumb Code    58  rt_task.o(.text)
    rt_block                                 0x00000e4d   Thumb Code    46  rt_task.o(.text)
    rt_tsk_pass                              0x00000e7b   Thumb Code    36  rt_task.o(.text)
    rt_tsk_self                              0x00000e9f   Thumb Code    12  rt_task.o(.text)
    rt_tsk_prio                              0x00000eab   Thumb Code    98  rt_task.o(.text)
    rt_tsk_create                            0x00000f0d   Thumb Code   112  rt_task.o(.text)
    rt_tsk_delete                            0x00000f7d   Thumb Code   144  rt_task.o(.text)
    rt_sys_init                              0x0000100d   Thumb Code   240  rt_task.o(.text)
    rt_tsk_lock                              0x0000114d   Thumb Code    30  rt_system.o(.text)
    rt_tsk_unlock                            0x0000116b   Thumb Code    32  rt_system.o(.text)
    rt_psh_req                               0x0000118b   Thumb Code    22  rt_system.o(.text)
    rt_pop_req                               0x000011a1   Thumb Code   106  rt_system.o(.text)
    rt_systick                               0x0000120b   Thumb Code    48  rt_system.o(.text)
    rt_stk_check                             0x0000123b   Thumb Code    28  rt_system.o(.text)
    rt_evt_wait                              0x00001275   Thumb Code    58  rt_event.o(.text)
    rt_evt_set                               0x000012af   Thumb Code    88  rt_event.o(.text)
    rt_evt_clr                               0x00001307   Thumb Code    22  rt_event.o(.text)
    isr_evt_set                              0x0000131d   Thumb Code    34  rt_event.o(.text)
    rt_evt_get                               0x0000133f   Thumb Code     8  rt_event.o(.text)
    rt_evt_psh                               0x00001347   Thumb Code    76  rt_event.o(.text)
    rt_put_prio                              0x000013a1   Thumb Code    54  rt_list.o(.text)
    rt_get_first                             0x000013d7   Thumb Code    40  rt_list.o(.text)
    rt_put_rdy_first                         0x000013ff   Thumb Code    14  rt_list.o(.text)
    rt_get_same_rdy_prio                     0x0000140d   Thumb Code    26  rt_list.o(.text)
    rt_rmv_list                              0x00001427   Thumb Code    44  rt_list.o(.text)
    rt_resort_prio                           0x00001453   Thumb Code    44  rt_list.o(.text)
    rt_put_dly                               0x0000147f   Thumb Code    70  rt_list.o(.text)
    rt_dec_dly                               0x000014c5   Thumb Code   102  rt_list.o(.text)
    rt_rmv_dly                               0x0000152b   Thumb Code    40  rt_list.o(.text)
    rt_psq_enq                               0x00001553   Thumb Code    80  rt_list.o(.text)
    rt_mbx_init                              0x000015b5   Thumb Code    26  rt_mailbox.o(.text)
    rt_mbx_send                              0x000015cf   Thumb Code   164  rt_mailbox.o(.text)
    rt_mbx_wait                              0x00001673   Thumb Code   172  rt_mailbox.o(.text)
    rt_mbx_check                             0x0000171f   Thumb Code     8  rt_mailbox.o(.text)
    isr_mbx_send                             0x00001727   Thumb Code    14  rt_mailbox.o(.text)
    isr_mbx_receive                          0x00001735   Thumb Code    80  rt_mailbox.o(.text)
    rt_mbx_psh                               0x00001785   Thumb Code   248  rt_mailbox.o(.text)
    rt_sem_init                              0x00001885   Thumb Code    12  rt_semaphore.o(.text)
    rt_sem_send                              0x00001891   Thumb Code    42  rt_semaphore.o(.text)
    rt_sem_wait                              0x000018bb   Thumb Code    56  rt_semaphore.o(.text)
    isr_sem_send                             0x000018f3   Thumb Code    16  rt_semaphore.o(.text)
    rt_sem_psh                               0x00001903   Thumb Code    48  rt_semaphore.o(.text)
    rt_dly_wait                              0x0000193d   Thumb Code     6  rt_time.o(.text)
    rt_itv_set                               0x00001943   Thumb Code    16  rt_time.o(.text)
    rt_itv_wait                              0x00001953   Thumb Code    34  rt_time.o(.text)
    rt_mut_init                              0x0000197d   Thumb Code    16  rt_mutex.o(.text)
    rt_mut_release                           0x0000198d   Thumb Code   150  rt_mutex.o(.text)
    rt_mut_wait                              0x00001a23   Thumb Code    96  rt_mutex.o(.text)
    _init_box                                0x00001a8d   Thumb Code    70  rt_membox.o(.text)
    rt_alloc_box                             0x00001ad3   Thumb Code    26  rt_membox.o(.text)
    _calloc_box                              0x00001aed   Thumb Code    30  rt_membox.o(.text)
    rt_free_box                              0x00001b0b   Thumb Code    32  rt_membox.o(.text)
    rt_init_mem                              0x00001b2b   Thumb Code    26  rt_memory.o(.text)
    rt_alloc_mem                             0x00001b45   Thumb Code    60  rt_memory.o(.text)
    rt_free_mem                              0x00001b81   Thumb Code    40  rt_memory.o(.text)
    rt_init_stack                            0x00001ba9   Thumb Code    70  hal_cm.o(.text)
    rt_ret_val                               0x00001bef   Thumb Code     6  hal_cm.o(.text)
    rt_ret_val2                              0x00001bf5   Thumb Code     8  hal_cm.o(.text)
    dbg_init                                 0x00001bfd   Thumb Code    34  hal_cm.o(.text)
    dbg_task_notify                          0x00001c1f   Thumb Code    32  hal_cm.o(.text)
    dbg_task_switch                          0x00001c3f   Thumb Code    16  hal_cm.o(.text)
    rt_init_robin                            0x00001c65   Thumb Code    14  rt_robin.o(.text)
    rt_chk_robin                             0x00001c73   Thumb Code    58  rt_robin.o(.text)
    __scatterload                            0x00001cbd   Thumb Code    28  init.o(.text)
    __scatterload_rt2                        0x00001cbd   Thumb Code     0  init.o(.text)
    SVC_Count                                0x00001ce0   Data           4  SVC_Table.o(SVC_TABLE)
    SVC_Table                                0x00001ce4   Data           0  SVC_Table.o(SVC_TABLE)
    __scatterload_copy                       0x00001ce5   Thumb Code    14  handlers.o(i.__scatterload_copy)
    __scatterload_null                       0x00001cf3   Thumb Code     2  handlers.o(i.__scatterload_null)
    __scatterload_zeroinit                   0x00001cf5   Thumb Code    14  handlers.o(i.__scatterload_zeroinit)
    os_maxtaskrun                            0x00001d04   Data           2  rtx_conf_cm.o(.constdata)
    os_stackinfo                             0x00001d08   Data           4  rtx_conf_cm.o(.constdata)
    os_rrobin                                0x00001d0c   Data           4  rtx_conf_cm.o(.constdata)
    os_trv                                   0x00001d10   Data           4  rtx_conf_cm.o(.constdata)
    os_flags                                 0x00001d14   Data           1  rtx_conf_cm.o(.constdata)
    os_clockrate                             0x00001d18   Data           4  rtx_conf_cm.o(.constdata)
    os_timernum                              0x00001d1c   Data           4  rtx_conf_cm.o(.constdata)
    mp_tcb_size                              0x00001d20   Data           2  rtx_conf_cm.o(.constdata)
    mp_stk_size                              0x00001d24   Data           4  rtx_conf_cm.o(.constdata)
    os_stack_sz                              0x00001d28   Data           4  rtx_conf_cm.o(.constdata)
    os_fifo_size                             0x00001d2c   Data           1  rtx_conf_cm.o(.constdata)
    os_thread_def_osTimerThread              0x00001d30   Data          16  rtx_conf_cm.o(.constdata)
    os_messageQ_def_osTimerMessageQ          0x00001d40   Data           8  rtx_conf_cm.o(.constdata)
    mp_tmr_size                              0x00001d48   Data           2  rtx_conf_cm.o(.constdata)
    os_thread_def_main                       0x00001d4c   Data          16  rtx_conf_cm.o(.constdata)
    os_thread_def_job1                       0x00001d5c   Data          16  rtx_ex2.o(.constdata)
    os_thread_def_job2                       0x00001d6c   Data          16  rtx_ex2.o(.constdata)
    os_thread_def_job3                       0x00001d7c   Data          16  rtx_ex2.o(.constdata)
    Region$$Table$$Base                      0x00001d8c   Number         0  anon$$obj.o(Region$$Table)
    Region$$Table$$Limit                     0x00001dac   Number         0  anon$$obj.o(Region$$Table)
    SystemCoreClock                          0x20000000   Data           4  system_armcm3.o(.data)
    os_tmr                                   0x20000004   Data           4  rtx_conf_cm.o(.data)
    m_tmr                                    0x20000008   Data           4  rtx_conf_cm.o(.data)
    osThreadId_osTimerThread                 0x2000000c   Data           4  rtx_conf_cm.o(.data)
    osMessageQId_osTimerMessageQ             0x20000010   Data           4  rtx_conf_cm.o(.data)
    counter                                  0x20000014   Data           2  rtx_ex2.o(.data)
    counter1                                 0x20000016   Data           2  rtx_ex2.o(.data)
    counter2                                 0x20000018   Data           2  rtx_ex2.o(.data)
    counter3                                 0x2000001a   Data           2  rtx_ex2.o(.data)
    thread1_id                               0x2000001c   Data           4  rtx_ex2.o(.data)
    thread2_id                               0x20000020   Data           4  rtx_ex2.o(.data)
    thread3_id                               0x20000024   Data           4  rtx_ex2.o(.data)
    os_timer_head                            0x20000028   Data           4  rt_cmsis.o(.data)
    os_tsk                                   0x2000002c   Data           8  rt_task.o(.data)
    os_time                                  0x20000038   Data           2  rt_time.o(.data)
    dbg_msg                                  0x2000003a   Data           1  hal_cm.o(.data)
    os_robin                                 0x2000003c   Data           8  rt_robin.o(.data)
    mp_tcb                                   0x20000048   Data         300  rtx_conf_cm.o(.bss)
    mp_stk                                   0x20000178   Data        1216  rtx_conf_cm.o(.bss)
    os_stack_mem                             0x20000638   Data         224  rtx_conf_cm.o(.bss)
    os_fifo                                  0x20000718   Data         132  rtx_conf_cm.o(.bss)
    os_active_TCB                            0x2000079c   Data          24  rtx_conf_cm.o(.bss)
    os_messageQ_q_osTimerMessageQ            0x200007b4   Data          16  rtx_conf_cm.o(.bss)
    os_idle_TCB                              0x200007c4   Data          48  rt_task.o(.bss)
    os_rdy                                   0x200007f4   Data          24  rt_list.o(.bss)
    os_dly                                   0x2000080c   Data          24  rt_list.o(.bss)
    __initial_sp                             0x20000c28   Data           0  startup_armcm3.o(STACK)



==============================================================================

Memory Map of the image

  Image Entry point : 0x00000045

  Load Region LR_ROM1 (Base: 0x00000000, Size: 0x00001df0, Max: 0x00100000, ABSOLUTE)

    Execution Region ER_ROM1 (Base: 0x00000000, Size: 0x00001dac, Max: 0x00100000, ABSOLUTE)

    Base Addr    Size         Type   Attr      Idx    E Section Name        Object

    0x00000000   0x00000044   Data   RO            3    RESET               startup_armcm3.o
    0x00000044   0x00000000   Code   RO          364  * .ARM.Collect$$$$00000000  mc_w.l(entry.o)
    0x00000044   0x00000004   Code   RO          367    .ARM.Collect$$$$00000001  mc_w.l(entry2.o)
    0x00000048   0x00000004   Code   RO          370    .ARM.Collect$$$$00000004  mc_w.l(entry5.o)
    0x0000004c   0x00000000   Code   RO          372    .ARM.Collect$$$$00000008  mc_w.l(entry7b.o)
    0x0000004c   0x00000010   Code   RO           53    .ARM.Collect$$$$000000FF  rtx_conf_cm.o
    0x0000005c   0x00000004   Code   RO          368    .ARM.Collect$$$$00002712  mc_w.l(entry2.o)
    0x00000060   0x0000011c   Code   RO          351    .emb_text           RTX_CM3.lib(hal_cm3.o)
    0x0000017c   0x00000024   Code   RO            4    .text               startup_armcm3.o
    0x000001a0   0x00000018   Code   RO           12    .text               system_armcm3.o
    0x000001b8   0x00000008   Code   RO           54    .text               rtx_conf_cm.o
    0x000001c0   0x000000c0   Code   RO           85    .text               rtx_ex2.o
    0x00000280   0x00000b38   Code   RO          103    .text               RTX_CM3.lib(rt_cmsis.o)
    0x00000db8   0x00000394   Code   RO          166    .text               RTX_CM3.lib(rt_task.o)
    0x0000114c   0x00000128   Code   RO          193    .text               RTX_CM3.lib(rt_system.o)
    0x00001274   0x0000012c   Code   RO          209    .text               RTX_CM3.lib(rt_event.o)
    0x000013a0   0x00000214   Code   RO          221    .text               RTX_CM3.lib(rt_list.o)
    0x000015b4   0x000002d0   Code   RO          243    .text               RTX_CM3.lib(rt_mailbox.o)
    0x00001884   0x000000b8   Code   RO          255    .text               RTX_CM3.lib(rt_semaphore.o)
    0x0000193c   0x00000040   Code   RO          267    .text               RTX_CM3.lib(rt_time.o)
    0x0000197c   0x00000110   Code   RO          282    .text               RTX_CM3.lib(rt_mutex.o)
    0x00001a8c   0x0000009e   Code   RO          294    .text               RTX_CM3.lib(rt_membox.o)
    0x00001b2a   0x0000007e   Code   RO          306    .text               RTX_CM3.lib(rt_memory.o)
    0x00001ba8   0x000000bc   Code   RO          318    .text               RTX_CM3.lib(hal_cm.o)
    0x00001c64   0x00000058   Code   RO          336    .text               RTX_CM3.lib(rt_robin.o)
    0x00001cbc   0x00000024   Code   RO          373    .text               mc_w.l(init.o)
    0x00001ce0   0x00000004   Code   RO          361    SVC_TABLE           RTX_CM3.lib(SVC_Table.o)
    0x00001ce4   0x0000000e   Code   RO          377    i.__scatterload_copy  mc_w.l(handlers.o)
    0x00001cf2   0x00000002   Code   RO          378    i.__scatterload_null  mc_w.l(handlers.o)
    0x00001cf4   0x0000000e   Code   RO          379    i.__scatterload_zeroinit  mc_w.l(handlers.o)
    0x00001d02   0x00000002   PAD
    0x00001d04   0x00000058   Data   RO           56    .constdata          rtx_conf_cm.o
    0x00001d5c   0x00000030   Data   RO           86    .constdata          rtx_ex2.o
    0x00001d8c   0x00000020   Data   RO          375    Region$$Table       anon$$obj.o


    Execution Region RW_RAM1 (Base: 0x20000000, Size: 0x00000c28, Max: 0x00004000, ABSOLUTE)

    Base Addr    Size         Type   Attr      Idx    E Section Name        Object

    0x20000000   0x00000004   Data   RW           13    .data               system_armcm3.o
    0x20000004   0x00000010   Data   RW           57    .data               rtx_conf_cm.o
    0x20000014   0x00000014   Data   RW           87    .data               rtx_ex2.o
    0x20000028   0x00000004   Data   RW          104    .data               RTX_CM3.lib(rt_cmsis.o)
    0x2000002c   0x00000008   Data   RW          168    .data               RTX_CM3.lib(rt_task.o)
    0x20000034   0x00000003   Data   RW          194    .data               RTX_CM3.lib(rt_system.o)
    0x20000037   0x00000001   PAD
    0x20000038   0x00000002   Data   RW          268    .data               RTX_CM3.lib(rt_time.o)
    0x2000003a   0x00000001   Data   RW          319    .data               RTX_CM3.lib(hal_cm.o)
    0x2000003b   0x00000001   PAD
    0x2000003c   0x00000008   Data   RW          337    .data               RTX_CM3.lib(rt_robin.o)
    0x20000044   0x00000004   PAD
    0x20000048   0x0000077c   Zero   RW           55    .bss                rtx_conf_cm.o
    0x200007c4   0x00000030   Zero   RW          167    .bss                RTX_CM3.lib(rt_task.o)
    0x200007f4   0x00000030   Zero   RW          222    .bss                RTX_CM3.lib(rt_list.o)
    0x20000824   0x00000004   PAD
    0x20000828   0x00000400   Zero   RW            1    STACK               startup_armcm3.o


==============================================================================

Image component sizes


      Code (inc. data)   RO Data    RW Data    ZI Data      Debug   Object Name

        24          6         88         16       1916       6416   rtx_conf_cm.o
       192         40         48         20          0       1685   rtx_ex2.o
        36          8         68          0       1024        760   startup_armcm3.o
        24          8          0          4          0       4869   system_armcm3.o

    ----------------------------------------------------------------------
       276         62        236         40       2940      13730   Object Totals
         0          0         32          0          0          0   (incl. Generated)
         0          0          0          0          0          0   (incl. Padding)

    ----------------------------------------------------------------------

      Code (inc. data)   RO Data    RW Data    ZI Data      Debug   Library Member Name

         4          4          0          0          0        132   SVC_Table.o
       188         22          0          1          0       1686   hal_cm.o
       284         30          0          0          0        532   hal_cm3.o
      2872         68          0          4          0      35457   rt_cmsis.o
       300         14          0          0          0       2062   rt_event.o
       532         18          0          0         48       5154   rt_list.o
       720          8          0          0          0       2915   rt_mailbox.o
       158          0          0          0          0       1593   rt_membox.o
       126          0          0          0          0       1555   rt_memory.o
       272         10          0          0          0       1285   rt_mutex.o
        88         16          0          8          0        704   rt_robin.o
       184         10          0          0          0       1614   rt_semaphore.o
       296         30          0          3          0       1454   rt_system.o
       916         80          0          8         48       5782   rt_task.o
        64          8          0          2          0        863   rt_time.o
         0          0          0          0          0          0   entry.o
         8          4          0          0          0          0   entry2.o
         4          0          0          0          0          0   entry5.o
         0          0          0          0          0          0   entry7b.o
        30          0          0          0          0          0   handlers.o
        36          8          0          0          0         68   init.o

    ----------------------------------------------------------------------
      7084        330          0         28        104      62856   Library Totals
         2          0          0          2          8          0   (incl. Padding)

    ----------------------------------------------------------------------

      Code (inc. data)   RO Data    RW Data    ZI Data      Debug   Library Name

      7004        318          0         26         96      62788   RTX_CM3.lib
        78         12          0          0          0         68   mc_w.l

    ----------------------------------------------------------------------
      7084        330          0         28        104      62856   Library Totals

    ----------------------------------------------------------------------

==============================================================================


      Code (inc. data)   RO Data    RW Data    ZI Data      Debug   

      7360        392        236         68       3044      74974   Grand Totals
      7360        392        236         68       3044      74974   ELF Image Totals
      7360        392        236         68          0          0   ROM Totals

==============================================================================

    Total RO  Size (Code + RO Data)                 7596 (   7.42kB)
    Total RW  Size (RW Data + ZI Data)              3112 (   3.04kB)
    Total ROM Size (Code + RO Data + RW Data)       7664 (   7.48kB)

==============================================================================

