<html>
<body>
<pre>
<h1>µVision Build Log</h1>
<h2>Project:</h2>
C:\Users\niall.cooling\Documents\FeabhasCortexTarget\FeabhasLPC17xxBaseProject\KEIL\LPC1764_Base_Project.uvproj
Project File Date:  08/28/2012

<h2>Output:</h2>
Rebuild target 'Target 1'
compiling main.c...
compiling serial.c...
compiling system_LPC17xx.c...
assembling startup_LPC17xx.s...
compiling timer.c...
linking...
Program Size: Code=2142 RO-data=262 RW-data=16 ZI-data=608  
"LPC1764_Base_Project.axf" - 0 Error(s), 0 Warning(s).
Load "C:\\Users\\niall.cooling\\Documents\\FeabhasCortexTarget\\FeabhasLPC17xxBaseProject\\KEIL\\LPC1764_Base_Project.AXF" 
Erase Done.
Programming Done.
Verify OK.
Rebuild target 'Target 1'
compiling main.c...
compiling serial.c...
compiling system_LPC17xx.c...
assembling startup_LPC17xx.s...
compiling timer.c...
linking...
Program Size: Code=2142 RO-data=262 RW-data=16 ZI-data=608  
"LPC1764_Base_Project.axf" - 0 Error(s), 0 Warning(s).
Load "C:\\Users\\niall.cooling\\Documents\\FeabhasCortexTarget\\FeabhasLPC17xxBaseProject\\KEIL\\LPC1764_Base_Project.AXF" 
Erase Done.
Programming Done.
Verify OK.
