<html>
<body>
<pre>
<h1>µVision Build Log</h1>
<h2>Project:</h2>
C:\Keil\ARM\CMSIS\DSP_Lib\Examples\arm_matrix_example\ARM\arm_cortexM4lf_matrix_example.uvproj
Project File Date:  03/08/2012

<h2>Output:</h2>
Rebuild target 'Target 1'
compiling arm_matrix_example_f32.c...
compiling math_helper.c...
assembling startup_ARMCM4.s...
compiling system_ARMCM4.c...
linking...
Program Size: Code=7880 RO-data=384 RW-data=8 ZI-data=4400  
".\debug\arm_cortexM4lf_matrix_example.axf" - 0 Error(s), 0 Warning(s).
Rebuild target 'Target 1'
compiling arm_matrix_example_f32.c...
..\arm_matrix_example_f32.c(164): warning:  #223-D: function "arm_add_mult_f32" declared implicitly
..\arm_matrix_example_f32.c(164): warning:  #188-D: enumerated type mixed with another type
..\arm_matrix_example_f32.c(136): warning:  #177-D: variable "ATMAI" was declared but never referenced
..\arm_matrix_example_f32.c(137): warning:  #177-D: variable "B" was declared but never referenced
..\arm_matrix_example_f32.c(138): warning:  #177-D: variable "X" was declared but never referenced
..\arm_matrix_example_f32.c(141): warning:  #550-D: variable "status" was set but never used
compiling math_helper.c...
assembling startup_ARMCM4.s...
compiling system_ARMCM4.c...
linking...
.\debug\arm_cortexM4lf_matrix_example.axf: Error: L6218E: Undefined symbol arm_add_mult_f32 (referred from arm_matrix_example_f32.o).
Target not created
Build target 'Target 1'
linking...
.\debug\arm_cortexM4lf_matrix_example.axf: Error: L6218E: Undefined symbol arm_add_mult_f32 (referred from arm_matrix_example_f32.o).
Target not created
Rebuild target 'Target 1'
compiling arm_matrix_example_f32.c...
..\arm_matrix_example_f32.c(164): warning:  #223-D: function "arm_add_mult_f32" declared implicitly
..\arm_matrix_example_f32.c(164): warning:  #188-D: enumerated type mixed with another type
..\arm_matrix_example_f32.c(136): warning:  #177-D: variable "ATMAI" was declared but never referenced
..\arm_matrix_example_f32.c(137): warning:  #177-D: variable "B" was declared but never referenced
..\arm_matrix_example_f32.c(138): warning:  #177-D: variable "X" was declared but never referenced
..\arm_matrix_example_f32.c(141): warning:  #550-D: variable "status" was set but never used
compiling math_helper.c...
assembling startup_ARMCM4.s...
compiling system_ARMCM4.c...
linking...
.\debug\arm_cortexM4lf_matrix_example.axf: Error: L6218E: Undefined symbol arm_add_mult_f32 (referred from arm_matrix_example_f32.o).
Target not created
Rebuild target 'Target 1'
compiling arm_matrix_example_f32.c...
..\arm_matrix_example_f32.c(164): warning:  #223-D: function "arm_met_add_f32" declared implicitly
..\arm_matrix_example_f32.c(164): warning:  #188-D: enumerated type mixed with another type
..\arm_matrix_example_f32.c(136): warning:  #177-D: variable "ATMAI" was declared but never referenced
..\arm_matrix_example_f32.c(137): warning:  #177-D: variable "B" was declared but never referenced
..\arm_matrix_example_f32.c(138): warning:  #177-D: variable "X" was declared but never referenced
..\arm_matrix_example_f32.c(141): warning:  #550-D: variable "status" was set but never used
compiling math_helper.c...
assembling startup_ARMCM4.s...
compiling system_ARMCM4.c...
linking...
.\debug\arm_cortexM4lf_matrix_example.axf: Error: L6218E: Undefined symbol arm_met_add_f32 (referred from arm_matrix_example_f32.o).
Target not created
Rebuild target 'Target 1'
compiling arm_matrix_example_f32.c...
..\arm_matrix_example_f32.c(136): warning:  #177-D: variable "ATMAI" was declared but never referenced
..\arm_matrix_example_f32.c(137): warning:  #177-D: variable "B" was declared but never referenced
..\arm_matrix_example_f32.c(138): warning:  #177-D: variable "X" was declared but never referenced
..\arm_matrix_example_f32.c(141): warning:  #550-D: variable "status" was set but never used
compiling math_helper.c...
assembling startup_ARMCM4.s...
compiling system_ARMCM4.c...
linking...
Program Size: Code=904 RO-data=320 RW-data=4 ZI-data=4404  
".\debug\arm_cortexM4lf_matrix_example.axf" - 0 Error(s), 4 Warning(s).
