<html>
<body>
<pre>
<h1>µVision Build Log</h1>
<h2>Project:</h2>
C:\Users\niall.cooling\Documents\CMSIS-RTOS\RTX\Examples\C++\Example2\ARM\Example2.uvproj
Project File Date:  04/27/2012

<h2>Output:</h2>
Rebuild target 'Simulator'
assembling startup_ARMCM3.s...
compiling system_ARMCM3.c...
compiling RTX_Conf_CM.c...
compiling Retarget.c...
compiling Serial.c...
compiling CppSamp.cpp...
linking...
Program Size: Code=12064 RO-data=352 RW-data=96 ZI-data=8920  
".\obj\Example2.axf" - 0 Error(s), 0 Warning(s).
