<html>
<body>
<pre>
<h1>µVision Build Log</h1>
<h2>Project:</h2>
C:\Users\niall.cooling\Documents\FeabhasCortexTarget\FeabhasSTM32BaseProject\Keil\baseProject.uvproj
Project File Date:  09/07/2012

<h2>Output:</h2>
Clean started: Project: 'baseProject'
   deleting intermediate output files for target 'Target 1'
Rebuild target 'STM32F107CV'
assembling startup_stm32f10x_cl.s...
compiling system_stm32f10x_cl.c...
compiling main.c...
linking...
Program Size: Code=1664 RO-data=368 RW-data=24 ZI-data=1632  
"baseProject.axf" - 0 Error(s), 0 Warning(s).
Clean started: Project: 'baseProject'
   deleting intermediate output files for target 'STM32F107CV'
