ARM Linker, 4.1 [Build 894] [Evaluation]

==============================================================================

Section Cross References

    startup_armcm3.o(STACK) refers (Special) to heapauxi.o(.text) for __use_two_region_memory
    startup_armcm3.o(HEAP) refers (Special) to heapauxi.o(.text) for __use_two_region_memory
    startup_armcm3.o(RESET) refers (Special) to heapauxi.o(.text) for __use_two_region_memory
    startup_armcm3.o(RESET) refers to startup_armcm3.o(STACK) for __initial_sp
    startup_armcm3.o(RESET) refers to startup_armcm3.o(.text) for Reset_Handler
    startup_armcm3.o(RESET) refers to hal_cm3.o(.emb_text) for SVC_Handler
    startup_armcm3.o(.text) refers (Special) to heapauxi.o(.text) for __use_two_region_memory
    startup_armcm3.o(.text) refers to system_armcm3.o(.text) for SystemInit
    startup_armcm3.o(.text) refers to __main.o(!!!main) for __main
    startup_armcm3.o(.text) refers to startup_armcm3.o(HEAP) for Heap_Mem
    startup_armcm3.o(.text) refers to startup_armcm3.o(STACK) for Stack_Mem
    system_armcm3.o(.text) refers to system_armcm3.o(.data) for SystemCoreClock
    rtx_conf_cm.o(.emb_text) refers to sys_stackheap_outer.o(.text) for __user_setup_stackheap
    rtx_conf_cm.o(.emb_text) refers to libinit.o(.ARM.Collect$$libinit$$00000000) for __rt_lib_init
    rtx_conf_cm.o(.emb_text) refers to rt_cmsis.o(.text) for osKernelStart
    rtx_conf_cm.o(.emb_text) refers to exit.o(.text) for exit
    rtx_conf_cm.o(.emb_text) refers to rtx_conf_cm.o(.constdata) for os_thread_def_main
    rtx_conf_cm.o(.text) refers to rt_task.o(.text) for rt_tsk_self
    rtx_conf_cm.o(.text) refers to rt_mutex.o(.text) for rt_mut_init
    rtx_conf_cm.o(.text) refers to rtx_conf_cm.o(.bss) for .bss
    rtx_conf_cm.o(.text) refers to libspace.o(.bss) for __libspace_start
    rtx_conf_cm.o(.text) refers to rtx_conf_cm.o(.data) for .data
    rtx_conf_cm.o(.constdata) refers to rtx_conf_cm.o(.bss) for os_messageQ_q_osTimerMessageQ
    rtx_conf_cm.o(.constdata) refers to cppsamp.o(.text) for main
    retarget.o(.text) refers (Special) to use_no_semi.o(.text) for __use_no_semihosting_swi
    retarget.o(.text) refers to serial.o(.text) for SER_PutChar
    retarget.o(.text) refers to strcmpv7m.o(.text) for strcmp
    retarget.o(.constdata) refers (Special) to use_no_semi.o(.text) for __use_no_semihosting_swi
    cppsamp.o(.text) refers to _printf_percent.o(.ARM.Collect$$_printf_percent$$00000000) for _printf_percent
    cppsamp.o(.text) refers to _printf_d.o(.ARM.Collect$$_printf_percent$$00000009) for _printf_d
    cppsamp.o(.text) refers to _printf_dec.o(.text) for _printf_int_dec
    cppsamp.o(.text) refers to cppsamp.o(i._ZN7ComplexC1Eii) for Complex::Complex(int, int)
    cppsamp.o(.text) refers to rt_cmsis.o(.text) for osSignalWait
    cppsamp.o(.text) refers to noretval__2printf.o(.text) for __2printf
    cppsamp.o(.text) refers to serial.o(.text) for SER_Init
    cppsamp.o(.text) refers to cppsamp.o(.data) for Adj_i
    cppsamp.o(.text) refers to cppsamp.o(.bss) for ADJ::ex1
    cppsamp.o(.text) refers to cppsamp.o(.constdata) for .constdata
    cppsamp.o(.ARM.exidx) refers to cppsamp.o(.text) for .text
    cppsamp.o(.constdata) refers to cppsamp.o(.text) for threadX(const void*)
    rt_cmsis.o(.text) refers to rt_task.o(.text) for rt_tsk_self
    rt_cmsis.o(.text) refers to rt_memory.o(.text) for rt_free_mem
    rt_cmsis.o(.text) refers to rt_mailbox.o(.text) for rt_mbx_init
    rt_cmsis.o(.text) refers to rt_time.o(.text) for rt_dly_wait
    rt_cmsis.o(.text) refers to rtx_conf_cm.o(.constdata) for os_clockrate
    rt_cmsis.o(.text) refers to rtx_conf_cm.o(.bss) for os_active_TCB
    rt_cmsis.o(.text) refers to rt_task.o(.data) for os_tsk
    rt_cmsis.o(.text) refers to rtx_conf_cm.o(.data) for osMessageQId_osTimerMessageQ
    rt_cmsis.o(.text) refers to rt_cmsis.o(.data) for .data
    rt_cmsis.o(.text) refers to rt_event.o(.text) for rt_evt_wait
    rt_cmsis.o(.text) refers to rt_mutex.o(.text) for rt_mut_init
    rt_cmsis.o(.text) refers to rt_semaphore.o(.text) for rt_sem_init
    rt_cmsis.o(.text) refers to rt_membox.o(.text) for _init_box
    rt_cmsis.o(.text) refers to rt_list.o(.text) for rt_put_prio
    rt_cmsis.o(.text) refers to rt_system.o(.text) for rt_psh_req
    rt_cmsis.o(.text) refers to hal_cm.o(.text) for rt_ret_val
    rt_task.o(.text) refers to rt_membox.o(.text) for rt_alloc_box
    rt_task.o(.text) refers to hal_cm.o(.text) for rt_init_stack
    rt_task.o(.text) refers to rt_list.o(.text) for rt_put_rdy_first
    rt_task.o(.text) refers to hal_cm3.o(.emb_text) for rt_set_PSP
    rt_task.o(.text) refers to rt_robin.o(.text) for rt_init_robin
    rt_task.o(.text) refers to rtx_conf_cm.o(.bss) for mp_stk
    rt_task.o(.text) refers to rt_task.o(.data) for .data
    rt_task.o(.text) refers to hal_cm.o(.data) for dbg_msg
    rt_task.o(.text) refers to rt_list.o(.bss) for os_rdy
    rt_task.o(.text) refers to rtx_conf_cm.o(.constdata) for os_maxtaskrun
[...]
    fflush_locked.o(.text) refers to fseek.o(.text) for _fseek
    fflush_locked.o(.text) refers (Weak) to rtx_conf_cm.o(.text) for _mutex_release
    fflush_locked.o(.text) refers (Weak) to rtx_conf_cm.o(.text) for _mutex_acquire
    fflush_locked.o(.text) refers (Weak) to rtx_conf_cm.o(.text) for _mutex_release
    fflush_locked.o(.text) refers to streamlock.o(.data) for _stream_list_lock
    fflush_locked.o(.text) refers to stdio_streams.o(.bss) for __stdin
    __raise.o(.text) refers to defsig.o(CL$$defsig) for __default_signal_handler
    defsig_general.o(.text) refers to retarget.o(.text) for _ttywrch
    defsig_rtmem_inner.o(.text) refers to defsig_general.o(.text) for __default_signal_display
    rt_memcpy_v6.o(.text) refers to rt_memcpy_w.o(.text) for __aeabi_memcpy4
    heapauxa.o(.text) refers to heapauxa.o(.data) for .data
    _get_argv.o(.text) refers (Special) to hrguard.o(.text) for __heap_region$guard
    _get_argv.o(.text) refers to h1_alloc_mt.o(.text) for malloc
    _get_argv.o(.text) refers to defsig_rtmem_outer.o(.text) for __rt_SIGRTMEM
    _get_argv.o(.text) refers to sys_command.o(.text) for _sys_command_string
    rt_errno_addr.o(.text) refers to rt_errno_addr.o(.bss) for __aeabi_errno_addr_data
    rt_errno_addr_intlibspace.o(.text) refers to libspace.o(.bss) for __libspace_start
    rt_errno_addr_twolibspace.o(.text) refers to rtx_conf_cm.o(.text) for __user_perthread_libspace
    term_alloc.o(.text) refers (Special) to libshutdown2.o(.ARM.Collect$$libshutdown$$0000000D) for __rt_lib_shutdown_heap_2
    term_alloc.o(.text) refers to rt_heap_descriptor_twolibspace.o(.text) for __rt_heap_descriptor
    term_alloc.o(.text) refers to h1_final_mt.o(.text) for __Heap_Finalize
    defsig.o(CL$$defsig) refers to defsig_rtred_inner.o(.text) for __rt_SIGRTRED_inner
    defsig.o(CL$$defsig) refers to defsig_rtmem_inner.o(.text) for __rt_SIGRTMEM_inner
    defsig_abrt_inner.o(.text) refers to defsig_general.o(.text) for __default_signal_display
    defsig_fpe_inner.o(.text) refers to defsig_general.o(.text) for __default_signal_display
    defsig_stak_inner.o(.text) refers to defsig_general.o(.text) for __default_signal_display
    defsig_pvfn_inner.o(.text) refers to defsig_general.o(.text) for __default_signal_display
    defsig_cppl_inner.o(.text) refers to defsig_general.o(.text) for __default_signal_display
    defsig_segv_inner.o(.text) refers to defsig_general.o(.text) for __default_signal_display
    defsig_other.o(.text) refers to defsig_general.o(.text) for __default_signal_display
    cppsamp.o(.ARM.exidx) refers to cppsamp.o(i._ZN7ComplexC1Eii) for i._ZN7ComplexC1Eii


==============================================================================

Removing Unused input sections from the image.

    Removing system_armcm3.o(.rev16_text), (4 bytes).
    Removing system_armcm3.o(.revsh_text), (4 bytes).
    Removing serial.o(.rev16_text), (4 bytes).
    Removing serial.o(.revsh_text), (4 bytes).
    Removing cppsamp.o(.ARM.exidx), (8 bytes).
    Removing rt_cmsis.o(.rev16_text), (4 bytes).
    Removing rt_cmsis.o(.revsh_text), (4 bytes).
    Removing rt_system.o(.emb_text), (0 bytes).
    Removing cppsamp.o(.ARM.exidx), (8 bytes).

9 unused section(s) (total 40 bytes) removed from the image.

==============================================================================

Image Symbol Table

    Local Symbols

    Symbol Name                              Value     Ov Type        Size  Object(Section)

    RESET                                    0x00000000   Section       68  startup_armcm3.o(RESET)
    ../../angel/boardlib.s                   0x00000000   Number         0  boardshut.o ABSOLUTE
    ../../angel/handlers.s                   0x00000000   Number         0  __scatter_zi.o ABSOLUTE
    ../../angel/handlers.s                   0x00000000   Number         0  __scatter_copy.o ABSOLUTE
    ../../angel/kernel.s                     0x00000000   Number         0  rtexit2.o ABSOLUTE
    ../../angel/kernel.s                     0x00000000   Number         0  rtexit.o ABSOLUTE
    ../../angel/rt.s                         0x00000000   Number         0  rt_heap_descriptor.o ABSOLUTE
    ../../angel/rt.s                         0x00000000   Number         0  rt_errno_addr.o ABSOLUTE
    ../../angel/rt.s                         0x00000000   Number         0  rt_raise.o ABSOLUTE
    ../../angel/rt.s                         0x00000000   Number         0  rt_heap_descriptor_twolibspace.o ABSOLUTE
    ../../angel/rt.s                         0x00000000   Number         0  rt_heap_descriptor_intlibspace.o ABSOLUTE
    ../../angel/rt.s                         0x00000000   Number         0  rt_fp_status_addr_twolibspace.o ABSOLUTE
    ../../angel/rt.s                         0x00000000   Number         0  rt_fp_status_addr_intlibspace.o ABSOLUTE
    ../../angel/rt.s                         0x00000000   Number         0  rt_fp_status_addr.o ABSOLUTE
    ../../angel/rt.s                         0x00000000   Number         0  rt_errno_addr_twolibspace.o ABSOLUTE
    ../../angel/rt.s                         0x00000000   Number         0  rt_errno_addr_intlibspace.o ABSOLUTE
    ../../angel/scatter.s                    0x00000000   Number         0  __scatter.o ABSOLUTE
    ../../angel/startup.s                    0x00000000   Number         0  __main.o ABSOLUTE
    ../../angel/sys.s                        0x00000000   Number         0  libspace.o ABSOLUTE
    ../../angel/sys.s                        0x00000000   Number         0  use_no_semi.o ABSOLUTE
    ../../angel/sys.s                        0x00000000   Number         0  sys_stackheap_outer.o ABSOLUTE
    ../../angel/sys.s                        0x00000000   Number         0  indicate_semi.o ABSOLUTE
    ../../angel/sysapp.c                     0x00000000   Number         0  sys_command.o ABSOLUTE
    ../../armsys.c                           0x00000000   Number         0  argv_veneer.o ABSOLUTE
    ../../armsys.c                           0x00000000   Number         0  argv_veneer.o ABSOLUTE
    ../../armsys.c                           0x00000000   Number         0  _get_argv.o ABSOLUTE
    ../../armsys.c                           0x00000000   Number         0  no_argv.o ABSOLUTE
    ../../armsys.c                           0x00000000   Number         0  _get_argv_nomalloc.o ABSOLUTE
    ../../assert.c                           0x00000000   Number         0  assert_stdio.o ABSOLUTE
    ../../fpinit.s                           0x00000000   Number         0  fpinit.o ABSOLUTE
    ../../heap1.c                            0x00000000   Number         0  h1_free.o ABSOLUTE
    ../../heap1.c                            0x00000000   Number         0  h1_extend_mt.o ABSOLUTE
    ../../heap1.c                            0x00000000   Number         0  h1_init_mt.o ABSOLUTE
    ../../heap1.c                            0x00000000   Number         0  h1_alloc.o ABSOLUTE
    ../../heap1.c                            0x00000000   Number         0  h1_alloc_mt.o ABSOLUTE
    ../../heap1.c                            0x00000000   Number         0  h1_final.o ABSOLUTE
    ../../heap1.c                            0x00000000   Number         0  h1_final_mt.o ABSOLUTE
    ../../heap1.c                            0x00000000   Number         0  h1_init.o ABSOLUTE
    ../../heap1.c                            0x00000000   Number         0  h1_extend.o ABSOLUTE
    ../../heap1.c                            0x00000000   Number         0  h1_free_mt.o ABSOLUTE
    ../../heap2.c                            0x00000000   Number         0  heap2mt.o ABSOLUTE
    ../../heap2.c                            0x00000000   Number         0  fdtree.o ABSOLUTE
    ../../heap2.c                            0x00000000   Number         0  heap2.o ABSOLUTE
    ../../heapalloc.c                        0x00000000   Number         0  malloc.o ABSOLUTE
    ../../heapalloc.c                        0x00000000   Number         0  maybetermalloc2.o ABSOLUTE
    ../../heapalloc.c                        0x00000000   Number         0  maybetermalloc2.o ABSOLUTE
    ../../heapalloc.c                        0x00000000   Number         0  maybetermalloc1.o ABSOLUTE
    ../../heapalloc.c                        0x00000000   Number         0  maybetermalloc1.o ABSOLUTE
    ../../heapalloc.c                        0x00000000   Number         0  hguard.o ABSOLUTE
    ../../heapalloc.c                        0x00000000   Number         0  heapstubs.o ABSOLUTE
    ../../heapalloc.c                        0x00000000   Number         0  init_alloc.o ABSOLUTE
    ../../heapalloc.c                        0x00000000   Number         0  hrguard.o ABSOLUTE
    ../../heapalloc.c                        0x00000000   Number         0  term_alloc.o ABSOLUTE
    ../../heapalloc.c                        0x00000000   Number         0  free.o ABSOLUTE
    ../../heapaux.c                          0x00000000   Number         0  heapauxi.o ABSOLUTE
    ../../heapaux.c                          0x00000000   Number         0  heapauxa.o ABSOLUTE
    ../../libinit.s                          0x00000000   Number         0  libshutdown.o ABSOLUTE
    ../../libinit.s                          0x00000000   Number         0  libshutdown2.o ABSOLUTE
    ../../libinit.s                          0x00000000   Number         0  libinit.o ABSOLUTE
    ../../libinit.s                          0x00000000   Number         0  libinit2.o ABSOLUTE
    ../../memcpset.s                         0x00000000   Number         0  strcmpv7m.o ABSOLUTE
    ../../memcpset.s                         0x00000000   Number         0  rt_memcpy_v6.o ABSOLUTE
    ../../memcpset.s                         0x00000000   Number         0  rt_memclr_w.o ABSOLUTE
    ../../memcpset.s                         0x00000000   Number         0  rt_memcpy_w.o ABSOLUTE
    ../../printf.c                           0x00000000   Number         0  __printf_flags_wp.o ABSOLUTE
    ../../printf.c                           0x00000000   Number         0  _printf_char_file_locked.o ABSOLUTE
    ../../printf.c                           0x00000000   Number         0  __2printf.o ABSOLUTE
    ../../printf.c                           0x00000000   Number         0  __printf.o ABSOLUTE
    ../../printf.c                           0x00000000   Number         0  _printf_intcommon.o ABSOLUTE
    ../../printf.c                           0x00000000   Number         0  noretval__2printf.o ABSOLUTE
    ../../printf.c                           0x00000000   Number         0  __printf_nopercent.o ABSOLUTE
    ../../printf.c                           0x00000000   Number         0  _printf_char_file.o ABSOLUTE
    ../../printf.c                           0x00000000   Number         0  __printf_wp.o ABSOLUTE
    ../../printf.c                           0x00000000   Number         0  __printf_flags_ss.o ABSOLUTE
    ../../printf.c                           0x00000000   Number         0  __printf_ss.o ABSOLUTE
    ../../printf.c                           0x00000000   Number         0  __printf_flags_ss_wp.o ABSOLUTE
    ../../printf.c                           0x00000000   Number         0  _printf_char_common.o ABSOLUTE
    ../../printf.c                           0x00000000   Number         0  __printf_ss_wp.o ABSOLUTE
    ../../printf.c                           0x00000000   Number         0  _printf_dec.o ABSOLUTE
    ../../printf.c                           0x00000000   Number         0  __printf_flags.o ABSOLUTE
    ../../printf_percent.s                   0x00000000   Number         0  _printf_d.o ABSOLUTE
    ../../printf_percent.s                   0x00000000   Number         0  _printf_percent.o ABSOLUTE
    ../../printf_percent.s                   0x00000000   Number         0  _printf_percent_end.o ABSOLUTE
    ../../signal.c                           0x00000000   Number         0  defsig_rtmem_outer.o ABSOLUTE
    ../../signal.c                           0x00000000   Number         0  defsig_rtmem_formal.o ABSOLUTE
    ../../signal.c                           0x00000000   Number         0  defsig_cppl_inner.o ABSOLUTE
    ../../signal.c                           0x00000000   Number         0  defsig_fpe_inner.o ABSOLUTE
    ../../signal.c                           0x00000000   Number         0  defsig_pvfn_inner.o ABSOLUTE
    ../../signal.c                           0x00000000   Number         0  defsig_rtred_formal.o ABSOLUTE
    ../../signal.c                           0x00000000   Number         0  defsig_stak_inner.o ABSOLUTE
    ../../signal.c                           0x00000000   Number         0  defsig_general.o ABSOLUTE
    ../../signal.c                           0x00000000   Number         0  defsig_rtred_outer.o ABSOLUTE
    ../../signal.c                           0x00000000   Number         0  defsig_abrt_inner.o ABSOLUTE
    ../../signal.c                           0x00000000   Number         0  defsig_exit.o ABSOLUTE
    ../../signal.c                           0x00000000   Number         0  defsig_rtmem_inner.o ABSOLUTE
    ../../signal.c                           0x00000000   Number         0  __raise.o ABSOLUTE
    ../../signal.c                           0x00000000   Number         0  defsig_rtred_inner.o ABSOLUTE
    ../../signal.c                           0x00000000   Number         0  defsig_other.o ABSOLUTE
    ../../signal.c                           0x00000000   Number         0  defsig_segv_inner.o ABSOLUTE
    ../../signal.s                           0x00000000   Number         0  defsig.o ABSOLUTE
    ../../stdio.c                            0x00000000   Number         0  flsbuf.o ABSOLUTE
    ../../stdio.c                            0x00000000   Number         0  fseek.o ABSOLUTE
    ../../stdio.c                            0x00000000   Number         0  stdio_streams.o ABSOLUTE
    ../../stdio.c                            0x00000000   Number         0  stdio.o ABSOLUTE
    ../../stdio.c                            0x00000000   Number         0  initio_locked.o ABSOLUTE
    ../../stdio.c                            0x00000000   Number         0  ferror_locked.o ABSOLUTE
    ../../stdio.c                            0x00000000   Number         0  initio.o ABSOLUTE
    ../../stdio.c                            0x00000000   Number         0  fputs_locked.o ABSOLUTE
    ../../stdio.c                            0x00000000   Number         0  fwritefast.o ABSOLUTE
    ../../stdio.c                            0x00000000   Number         0  fwritefast_locked.o ABSOLUTE
    ../../stdio.c                            0x00000000   Number         0  fputc.o ABSOLUTE
    ../../stdio.c                            0x00000000   Number         0  ferror.o ABSOLUTE
    ../../stdio.c                            0x00000000   Number         0  fflush.o ABSOLUTE
    ../../stdio.c                            0x00000000   Number         0  fputs.o ABSOLUTE
    ../../stdio.c                            0x00000000   Number         0  ftell.o ABSOLUTE
    ../../stdio.c                            0x00000000   Number         0  fflush_locked.o ABSOLUTE
    ../../stdio.c                            0x00000000   Number         0  fopen_locked.o ABSOLUTE
    ../../stdio.c                            0x00000000   Number         0  fputc_locked.o ABSOLUTE
    ../../stdio.c                            0x00000000   Number         0  setvbuf_locked.o ABSOLUTE
    ../../stdio.c                            0x00000000   Number         0  fclose.o ABSOLUTE
    ../../stdio.c                            0x00000000   Number         0  fopen.o ABSOLUTE
    ../../stdio.c                            0x00000000   Number         0  streamlock.o ABSOLUTE
    ../../stdio.c                            0x00000000   Number         0  setvbuf.o ABSOLUTE
    ../../stdlib.c                           0x00000000   Number         0  exit.o ABSOLUTE
    ../../wchar.c                            0x00000000   Number         0  flsbuf_fwide.o ABSOLUTE
    ..\CppSamp.cpp                           0x00000000   Number         0  cppsamp.o ABSOLUTE
    ..\HAL_CM.c                              0x00000000   Number         0  hal_cm.o ABSOLUTE
    ..\RTX_Conf_CM.c                         0x00000000   Number         0  rtx_conf_cm.o ABSOLUTE
    ..\Serial.c                              0x00000000   Number         0  serial.o ABSOLUTE
    ..\\RTX_Conf_CM.c                        0x00000000   Number         0  rtx_conf_cm.o ABSOLUTE
    ..\\Serial.c                             0x00000000   Number         0  serial.o ABSOLUTE
    ..\\rt_CMSIS.c                           0x00000000   Number         0  rt_cmsis.o ABSOLUTE
    ..\\rt_System.c                          0x00000000   Number         0  rt_system.o ABSOLUTE
    ..\\system_ARMCM3.c                      0x00000000   Number         0  system_armcm3.o ABSOLUTE
    ..\rt_CMSIS.c                            0x00000000   Number         0  rt_cmsis.o ABSOLUTE
    ..\rt_Event.c                            0x00000000   Number         0  rt_event.o ABSOLUTE
    ..\rt_List.c                             0x00000000   Number         0  rt_list.o ABSOLUTE
    ..\rt_Mailbox.c                          0x00000000   Number         0  rt_mailbox.o ABSOLUTE
    ..\rt_MemBox.c                           0x00000000   Number         0  rt_membox.o ABSOLUTE
    ..\rt_Memory.c                           0x00000000   Number         0  rt_memory.o ABSOLUTE
    ..\rt_Mutex.c                            0x00000000   Number         0  rt_mutex.o ABSOLUTE
    ..\rt_Robin.c                            0x00000000   Number         0  rt_robin.o ABSOLUTE
    ..\rt_Semaphore.c                        0x00000000   Number         0  rt_semaphore.o ABSOLUTE
    ..\rt_System.c                           0x00000000   Number         0  rt_system.o ABSOLUTE
    ..\rt_Task.c                             0x00000000   Number         0  rt_task.o ABSOLUTE
    ..\rt_Time.c                             0x00000000   Number         0  rt_time.o ABSOLUTE
    ..\system_ARMCM3.c                       0x00000000   Number         0  system_armcm3.o ABSOLUTE
    HAL_CM3.c                                0x00000000   Number         0  hal_cm3.o ABSOLUTE
    HAL_CM3.c                                0x00000000   Number         0  hal_cm3.o ABSOLUTE
    Retarget.c                               0x00000000   Number         0  retarget.o ABSOLUTE
    SVC_Table.s                              0x00000000   Number         0  SVC_Table.o ABSOLUTE
    dc.s                                     0x00000000   Number         0  dc.o ABSOLUTE
    startup_ARMCM3.s                         0x00000000   Number         0  startup_armcm3.o ABSOLUTE
    !!!main                                  0x00000044   Section        8  __main.o(!!!main)
    !!!scatter                               0x0000004c   Section       52  __scatter.o(!!!scatter)
    !!handler_copy                           0x00000080   Section       26  __scatter_copy.o(!!handler_copy)
    !!handler_zi                             0x0000009c   Section       28  __scatter_zi.o(!!handler_zi)
    .ARM.Collect$$_printf_percent$$00000000  0x000000b8   Section        0  _printf_percent.o(.ARM.Collect$$_printf_percent$$00000000)
    .ARM.Collect$$_printf_percent$$00000009  0x000000b8   Section        6  _printf_d.o(.ARM.Collect$$_printf_percent$$00000009)
    .ARM.Collect$$_printf_percent$$00000017  0x000000be   Section        4  _printf_percent_end.o(.ARM.Collect$$_printf_percent$$00000017)
    .ARM.Collect$$libinit$$00000000          0x000000c2   Section        6  libinit.o(.ARM.Collect$$libinit$$00000000)
    .ARM.Collect$$libinit$$00000001          0x000000c8   Section        8  libinit2.o(.ARM.Collect$$libinit$$00000001)
    .ARM.Collect$$libinit$$00000006          0x000000d0   Section        0  libinit2.o(.ARM.Collect$$libinit$$00000006)
    .ARM.Collect$$libinit$$00000008          0x000000d0   Section        0  libinit2.o(.ARM.Collect$$libinit$$00000008)
    .ARM.Collect$$libinit$$0000000A          0x000000d0   Section        0  libinit2.o(.ARM.Collect$$libinit$$0000000A)
    .ARM.Collect$$libinit$$0000000D          0x000000d0   Section        0  libinit2.o(.ARM.Collect$$libinit$$0000000D)
    .ARM.Collect$$libinit$$0000000F          0x000000d0   Section        0  libinit2.o(.ARM.Collect$$libinit$$0000000F)
    .ARM.Collect$$libinit$$00000011          0x000000d0   Section        0  libinit2.o(.ARM.Collect$$libinit$$00000011)
    .ARM.Collect$$libinit$$00000013          0x000000d0   Section        0  libinit2.o(.ARM.Collect$$libinit$$00000013)
    .ARM.Collect$$libinit$$00000015          0x000000d0   Section        0  libinit2.o(.ARM.Collect$$libinit$$00000015)
    .ARM.Collect$$libinit$$00000017          0x000000d0   Section        0  libinit2.o(.ARM.Collect$$libinit$$00000017)
    .ARM.Collect$$libinit$$00000019          0x000000d0   Section        0  libinit2.o(.ARM.Collect$$libinit$$00000019)
    .ARM.Collect$$libinit$$0000001B          0x000000d0   Section        0  libinit2.o(.ARM.Collect$$libinit$$0000001B)
    .ARM.Collect$$libinit$$0000001D          0x000000d0   Section        0  libinit2.o(.ARM.Collect$$libinit$$0000001D)
    .ARM.Collect$$libinit$$0000001F          0x000000d0   Section        0  libinit2.o(.ARM.Collect$$libinit$$0000001F)
    .ARM.Collect$$libinit$$00000020          0x000000d0   Section        4  libinit2.o(.ARM.Collect$$libinit$$00000020)
    .ARM.Collect$$libinit$$00000021          0x000000d4   Section        0  libinit2.o(.ARM.Collect$$libinit$$00000021)
    .ARM.Collect$$libinit$$00000028          0x000000d4   Section        0  libinit2.o(.ARM.Collect$$libinit$$00000028)
    .ARM.Collect$$libinit$$0000002A          0x000000d4   Section        0  libinit2.o(.ARM.Collect$$libinit$$0000002A)
    .ARM.Collect$$libinit$$0000002C          0x000000d4   Section        0  libinit2.o(.ARM.Collect$$libinit$$0000002C)
    .ARM.Collect$$libinit$$0000002E          0x000000d4   Section        0  libinit2.o(.ARM.Collect$$libinit$$0000002E)
    .ARM.Collect$$libinit$$0000002F          0x000000d4   Section        2  libinit2.o(.ARM.Collect$$libinit$$0000002F)
    .ARM.Collect$$libshutdown$$00000000      0x000000d6   Section        2  libshutdown.o(.ARM.Collect$$libshutdown$$00000000)
    .ARM.Collect$$libshutdown$$00000002      0x000000d8   Section        4  libshutdown2.o(.ARM.Collect$$libshutdown$$00000002)
    .ARM.Collect$$libshutdown$$00000003      0x000000dc   Section        0  libshutdown2.o(.ARM.Collect$$libshutdown$$00000003)
    .ARM.Collect$$libshutdown$$00000006      0x000000dc   Section        0  libshutdown2.o(.ARM.Collect$$libshutdown$$00000006)
    .ARM.Collect$$libshutdown$$00000009      0x000000dc   Section        0  libshutdown2.o(.ARM.Collect$$libshutdown$$00000009)
    .ARM.Collect$$libshutdown$$0000000B      0x000000dc   Section        0  libshutdown2.o(.ARM.Collect$$libshutdown$$0000000B)
    .ARM.Collect$$libshutdown$$0000000E      0x000000dc   Section        0  libshutdown2.o(.ARM.Collect$$libshutdown$$0000000E)
    .ARM.Collect$$libshutdown$$0000000F      0x000000dc   Section        2  libshutdown2.o(.ARM.Collect$$libshutdown$$0000000F)
    .ARM.Collect$$rtexit$$00000000           0x000000de   Section        2  rtexit.o(.ARM.Collect$$rtexit$$00000000)
    .ARM.Collect$$rtexit$$00000002           0x000000e0   Section        0  rtexit2.o(.ARM.Collect$$rtexit$$00000002)
    .ARM.Collect$$rtexit$$00000003           0x000000e0   Section        4  rtexit2.o(.ARM.Collect$$rtexit$$00000003)
    .ARM.Collect$$rtexit$$00000004           0x000000e4   Section        6  rtexit2.o(.ARM.Collect$$rtexit$$00000004)
    .emb_text                                0x000000ec   Section       28  rtx_conf_cm.o(.emb_text)
    .emb_text                                0x00000108   Section      284  hal_cm3.o(.emb_text)
    .emb_text                                0x00000224   Section        0  maybetermalloc1.o(.emb_text)
    .text                                    0x00000224   Section       64  startup_armcm3.o(.text)
    .text                                    0x00000264   Section        0  system_armcm3.o(.text)
    .text                                    0x0000027c   Section        0  rtx_conf_cm.o(.text)
    __tagsym$$used                           0x000002c5   Number         0  rtx_conf_cm.o(.text)
    __tagsym$$used                           0x000002df   Number         0  rtx_conf_cm.o(.text)
    .text                                    0x0000030c   Section        0  retarget.o(.text)
    .text                                    0x0000043c   Section        0  serial.o(.text)
    .text                                    0x00000474   Section        0  cppsamp.o(.text)
    .text                                    0x000006e0   Section        0  rt_cmsis.o(.text)
    rt_ms2tick                               0x000006e1   Thumb Code    50  rt_cmsis.o(.text)
    rt_timer_insert                          0x000009fb   Thumb Code    50  rt_cmsis.o(.text)
    rt_timer_remove                          0x00000a2d   Thumb Code    56  rt_cmsis.o(.text)
    isrMessagePut                            0x00000b4b   Thumb Code    44  rt_cmsis.o(.text)
    rt_tid2ptcb                              0x000011e7   Thumb Code    18  rt_cmsis.o(.text)
    rt_id2obj                                0x000011f9   Thumb Code     8  rt_cmsis.o(.text)
    rt_clr_box                               0x00001201   Thumb Code    20  rt_cmsis.o(.text)
    .text                                    0x00001218   Section        0  rt_task.o(.text)
    rt_init_context                          0x00001219   Thumb Code    60  rt_task.o(.text)
    .text                                    0x000015ac   Section        0  rt_mutex.o(.text)
    .text                                    0x000016bc   Section        0  rt_system.o(.text)
    .text                                    0x000017e4   Section        0  rt_event.o(.text)
    .text                                    0x00001910   Section        0  rt_list.o(.text)
    .text                                    0x00001b24   Section        0  rt_mailbox.o(.text)
    .text                                    0x00001df4   Section        0  rt_semaphore.o(.text)
    .text                                    0x00001eac   Section        0  rt_time.o(.text)
    .text                                    0x00001eec   Section        0  rt_robin.o(.text)
    .text                                    0x00001f44   Section        0  rt_membox.o(.text)
    .text                                    0x00001fe2   Section        0  rt_memory.o(.text)
    .text                                    0x00002060   Section        0  hal_cm.o(.text)
    .text                                    0x0000211c   Section        8  libspace.o(.text)
    .text                                    0x00002124   Section        2  use_no_semi.o(.text)
    .text                                    0x00002126   Section       74  sys_stackheap_outer.o(.text)
    .text                                    0x00002170   Section        0  noretval__2printf.o(.text)
    .text                                    0x00002188   Section        0  __printf.o(.text)
    .text                                    0x000021f4   Section        0  _printf_dec.o(.text)
    .text                                    0x0000226c   Section        0  exit.o(.text)
    .text                                    0x00002278   Section      128  strcmpv7m.o(.text)
    .text                                    0x000022f8   Section        0  heapauxi.o(.text)
    .text                                    0x000022fe   Section        0  _printf_intcommon.o(.text)
    .text                                    0x000023b6   Section       10  rt_fp_status_addr_twolibspace.o(.text)
    .text                                    0x000023c0   Section        0  _printf_char_common.o(.text)
    _printf_input_char                       0x000023c1   Thumb Code    10  _printf_char_common.o(.text)
    .text                                    0x000023f0   Section        0  initio_locked.o(.text)
    .text                                    0x000025b8   Section        0  h1_free_mt.o(.text)
    .text                                    0x0000262e   Section        0  flsbuf.o(.text)
    .text                                    0x0000280e   Section        0  fclose.o(.text)
    .text                                    0x0000285a   Section        0  setvbuf_locked.o(.text)
    .text                                    0x000028c4   Section        0  fopen_locked.o(.text)
    _freopen_locked                          0x000028c5   Thumb Code   174  fopen_locked.o(.text)
    .text                                    0x00002a08   Section        0  defsig_rtred_outer.o(.text)
    .text                                    0x00002a16   Section       78  rt_memclr_w.o(.text)
    .text                                    0x00002a64   Section       10  rt_heap_descriptor_twolibspace.o(.text)
    .text                                    0x00002a6e   Section        0  hguard.o(.text)
    .text                                    0x00002a72   Section        0  init_alloc.o(.text)
    .text                                    0x00002afc   Section        0  h1_alloc_mt.o(.text)
    Heap1_SizeAdjust                         0x00002afd   Thumb Code     8  h1_alloc_mt.o(.text)
    .text                                    0x00002b9c   Section        0  _printf_char_file_locked.o(.text)
    .text                                    0x00002bdc   Section        0  fseek.o(.text)
    .text                                    0x00002cd4   Section        0  stdio.o(.text)
    .text                                    0x00002dc4   Section        0  defsig_exit.o(.text)
    .text                                    0x00002dd0   Section        0  defsig_rtred_inner.o(.text)
    .text                                    0x00002e04   Section        0  defsig_rtmem_outer.o(.text)
    .text                                    0x00002e12   Section        0  h1_init_mt.o(.text)
    .text                                    0x00002e24   Section        0  h1_extend_mt.o(.text)
    .text                                    0x00002e62   Section        0  ftell.o(.text)
    .text                                    0x00002ea8   Section        0  defsig_general.o(.text)
    .text                                    0x00002edc   Section        0  defsig_rtmem_inner.o(.text)
    .text                                    0x00002f2c   Section        4  rt_errno_addr_twolibspace.o(.text)
    SVC_TABLE                                0x00002f30   Section        4  SVC_Table.o(SVC_TABLE)
    i._ZN7ComplexC1Eii                       0x00002f34   Section        0  cppsamp.o(i._ZN7ComplexC1Eii)
    i.fputc                                  0x00002f3a   Section        0  fputc.o(i.fputc)
    x$fpl$fpinit                             0x00002f54   Section       14  fpinit.o(x$fpl$fpinit)
    .constdata                               0x00002f64   Section       88  rtx_conf_cm.o(.constdata)
    __tagsym$$used                           0x00002f78   Number         0  rtx_conf_cm.o(.constdata)
    __tagsym$$used                           0x00002f7c   Number         0  rtx_conf_cm.o(.constdata)
    .constdata                               0x00002fbc   Section       20  retarget.o(.constdata)
    .constdata                               0x00002fd0   Section      141  cppsamp.o(.constdata)
    os_thread_def_threadX                    0x00002fd0   Data          16  cppsamp.o(.constdata)
    .data                                    0x20000000   Section        4  system_armcm3.o(.data)
    .data                                    0x20000004   Section       20  rtx_conf_cm.o(.data)
    nr_mutex                                 0x20000014   Data           4  rtx_conf_cm.o(.data)
    .data                                    0x20000018   Section       24  cppsamp.o(.data)
    .data                                    0x20000030   Section        4  rt_cmsis.o(.data)
    .data                                    0x20000034   Section        8  rt_task.o(.data)
    .data                                    0x2000003c   Section        3  rt_system.o(.data)
    os_lock                                  0x2000003c   Data           1  rt_system.o(.data)
    os_psh_flag                              0x2000003d   Data           1  rt_system.o(.data)
    pend_flags                               0x2000003e   Data           1  rt_system.o(.data)
    .data                                    0x20000040   Section        2  rt_time.o(.data)
    .data                                    0x20000044   Section        8  rt_robin.o(.data)
    .data                                    0x2000004c   Section        1  hal_cm.o(.data)
    .data                                    0x20000050   Section        4  stdio_streams.o(.data)
    .data                                    0x20000054   Section        4  stdio_streams.o(.data)
    .data                                    0x20000058   Section        4  stdio_streams.o(.data)
    .data                                    0x2000005c   Section        4  streamlock.o(.data)
    .bss                                     0x20000060   Section     3344  rtx_conf_cm.o(.bss)
    std_libspace                             0x20000bf0   Data         288  rtx_conf_cm.o(.bss)
    std_libmutex                             0x20000d10   Data          96  rtx_conf_cm.o(.bss)
    .bss                                     0x20000d70   Section       24  cppsamp.o(.bss)
    .bss                                     0x20000d88   Section       48  rt_task.o(.bss)
    .bss                                     0x20000db8   Section       48  rt_list.o(.bss)
    .bss                                     0x20000de8   Section       96  libspace.o(.bss)
    .bss                                     0x20000e48   Section       80  stdio_streams.o(.bss)
    .bss                                     0x20000e98   Section       80  stdio_streams.o(.bss)
    .bss                                     0x20000ee8   Section       80  stdio_streams.o(.bss)
    HEAP                                     0x20000f38   Section     4096  startup_armcm3.o(HEAP)
    Heap_Mem                                 0x20000f38   Data        4096  startup_armcm3.o(HEAP)
    STACK                                    0x20001f38   Section     1024  startup_armcm3.o(STACK)
    Stack_Mem                                0x20001f38   Data        1024  startup_armcm3.o(STACK)
    __initial_sp                             0x20002338   Data           0  startup_armcm3.o(STACK)

    Global Symbols

    Symbol Name                              Value     Ov Type        Size  Object(Section)

    BuildAttributes$$THM_ISAv4$P$D$K$B$S$PE$A:L22UL41UL21$X:L11$S22US41US21$IEEE1$IW$USESV6$~STKCKD$USESV7$~SHL$OTIME$ROPI$EBA8$UX$STANDARDLIB$REQ8$PRES8$EABIv2 0x00000000   Number         0  anon$$obj.o ABSOLUTE
    __ARM_use_no_argv                        0x00000000   Number         0  cppsamp.o ABSOLUTE
    __Vectors                                0x00000000   Data           4  startup_armcm3.o(RESET)
    __ARM_exceptions_init                     - Undefined Weak Reference
    __alloca_initialize                       - Undefined Weak Reference
    __cpp_initialize__aeabi_                  - Undefined Weak Reference
    __cxa_finalize                            - Undefined Weak Reference
    __rt_locale                               - Undefined Weak Reference
    __sigvec_lookup                           - Undefined Weak Reference
    __user_heap_extent                        - Undefined Weak Reference
    _atexit_init                              - Undefined Weak Reference
    _call_atexit_fns                          - Undefined Weak Reference
    _clock_init                               - Undefined Weak Reference
    _fp_trap_init                             - Undefined Weak Reference
    _fp_trap_shutdown                         - Undefined Weak Reference
    _get_lc_collate                           - Undefined Weak Reference
    _get_lc_ctype                             - Undefined Weak Reference
    _get_lc_monetary                          - Undefined Weak Reference
    _get_lc_numeric                           - Undefined Weak Reference
    _get_lc_time                              - Undefined Weak Reference
    _getenv_init                              - Undefined Weak Reference
    _handle_redirection                       - Undefined Weak Reference
    _mutex_free                               - Undefined Weak Reference
    _printf_post_padding                      - Undefined Weak Reference
    _printf_pre_padding                       - Undefined Weak Reference
    _printf_truncate_signed                   - Undefined Weak Reference
    _printf_truncate_unsigned                 - Undefined Weak Reference
    _rand_init                                - Undefined Weak Reference
    _signal_finish                            - Undefined Weak Reference
    _signal_init                              - Undefined Weak Reference
    __Vectors_End                            0x00000044   Data           0  startup_armcm3.o(RESET)
    __Vectors_Size                           0x00000044   Number         0  startup_armcm3.o ABSOLUTE
    __main                                   0x00000045   Thumb Code     8  __main.o(!!!main)
    __scatterload                            0x0000004d   Thumb Code     0  __scatter.o(!!!scatter)
    __scatterload_rt2                        0x0000004d   Thumb Code    44  __scatter.o(!!!scatter)
    __scatterload_rt2_thumb_only             0x0000004d   Thumb Code     0  __scatter.o(!!!scatter)
    __scatterload_null                       0x0000005b   Thumb Code     0  __scatter.o(!!!scatter)
    __scatterload_copy                       0x00000081   Thumb Code    26  __scatter_copy.o(!!handler_copy)
    __scatterload_zeroinit                   0x0000009d   Thumb Code    28  __scatter_zi.o(!!handler_zi)
    _printf_d                                0x000000b9   Thumb Code     0  _printf_d.o(.ARM.Collect$$_printf_percent$$00000009)
    _printf_percent                          0x000000b9   Thumb Code     0  _printf_percent.o(.ARM.Collect$$_printf_percent$$00000000)
    _printf_percent_end                      0x000000bf   Thumb Code     0  _printf_percent_end.o(.ARM.Collect$$_printf_percent$$00000017)
    __rt_lib_init                            0x000000c3   Thumb Code     0  libinit.o(.ARM.Collect$$libinit$$00000000)
    __rt_lib_init_heap_2                     0x000000c9   Thumb Code     0  libinit2.o(.ARM.Collect$$libinit$$00000001)
    __rt_lib_init_atexit_1                   0x000000d1   Thumb Code     0  libinit2.o(.ARM.Collect$$libinit$$00000017)
    __rt_lib_init_clock_1                    0x000000d1   Thumb Code     0  libinit2.o(.ARM.Collect$$libinit$$0000001D)
    __rt_lib_init_fp_trap_1                  0x000000d1   Thumb Code     0  libinit2.o(.ARM.Collect$$libinit$$0000001B)
    __rt_lib_init_getenv_1                   0x000000d1   Thumb Code     0  libinit2.o(.ARM.Collect$$libinit$$0000001F)
    __rt_lib_init_heap_1                     0x000000d1   Thumb Code     0  libinit2.o(.ARM.Collect$$libinit$$00000006)
    __rt_lib_init_lc_collate_1               0x000000d1   Thumb Code     0  libinit2.o(.ARM.Collect$$libinit$$0000000D)
    __rt_lib_init_lc_ctype_1                 0x000000d1   Thumb Code     0  libinit2.o(.ARM.Collect$$libinit$$0000000F)
    __rt_lib_init_lc_monetary_1              0x000000d1   Thumb Code     0  libinit2.o(.ARM.Collect$$libinit$$00000011)
    __rt_lib_init_lc_numeric_1               0x000000d1   Thumb Code     0  libinit2.o(.ARM.Collect$$libinit$$00000013)
    __rt_lib_init_lc_time_1                  0x000000d1   Thumb Code     0  libinit2.o(.ARM.Collect$$libinit$$00000015)
    __rt_lib_init_rand_1                     0x000000d1   Thumb Code     0  libinit2.o(.ARM.Collect$$libinit$$0000000A)
    __rt_lib_init_signal_1                   0x000000d1   Thumb Code     0  libinit2.o(.ARM.Collect$$libinit$$00000019)
    __rt_lib_init_stdio_2                    0x000000d1   Thumb Code     0  libinit2.o(.ARM.Collect$$libinit$$00000020)
    __rt_lib_init_user_alloc_1               0x000000d1   Thumb Code     0  libinit2.o(.ARM.Collect$$libinit$$00000008)
    __rt_lib_init_alloca_1                   0x000000d5   Thumb Code     0  libinit2.o(.ARM.Collect$$libinit$$0000002A)
    __rt_lib_init_argv_1                     0x000000d5   Thumb Code     0  libinit2.o(.ARM.Collect$$libinit$$00000028)
    __rt_lib_init_cpp_1                      0x000000d5   Thumb Code     0  libinit2.o(.ARM.Collect$$libinit$$0000002E)
    __rt_lib_init_exceptions_1               0x000000d5   Thumb Code     0  libinit2.o(.ARM.Collect$$libinit$$0000002C)
    __rt_lib_init_return                     0x000000d5   Thumb Code     0  libinit2.o(.ARM.Collect$$libinit$$0000002F)
    __rt_lib_init_stdio_1                    0x000000d5   Thumb Code     0  libinit2.o(.ARM.Collect$$libinit$$00000021)
    __rt_lib_shutdown                        0x000000d7   Thumb Code     0  libshutdown.o(.ARM.Collect$$libshutdown$$00000000)
    __rt_lib_shutdown_stdio_2                0x000000d9   Thumb Code     0  libshutdown2.o(.ARM.Collect$$libshutdown$$00000002)
    __rt_lib_shutdown_fp_trap_1              0x000000dd   Thumb Code     0  libshutdown2.o(.ARM.Collect$$libshutdown$$00000006)
    __rt_lib_shutdown_heap_1                 0x000000dd   Thumb Code     0  libshutdown2.o(.ARM.Collect$$libshutdown$$0000000E)
    __rt_lib_shutdown_return                 0x000000dd   Thumb Code     0  libshutdown2.o(.ARM.Collect$$libshutdown$$0000000F)
    __rt_lib_shutdown_signal_1               0x000000dd   Thumb Code     0  libshutdown2.o(.ARM.Collect$$libshutdown$$00000009)
    __rt_lib_shutdown_stdio_1                0x000000dd   Thumb Code     0  libshutdown2.o(.ARM.Collect$$libshutdown$$00000003)
    __rt_lib_shutdown_user_alloc_1           0x000000dd   Thumb Code     0  libshutdown2.o(.ARM.Collect$$libshutdown$$0000000B)
    __rt_exit                                0x000000df   Thumb Code     0  rtexit.o(.ARM.Collect$$rtexit$$00000000)
    __rt_exit_ls                             0x000000e1   Thumb Code     0  rtexit2.o(.ARM.Collect$$rtexit$$00000003)
    __rt_exit_prels_1                        0x000000e1   Thumb Code     0  rtexit2.o(.ARM.Collect$$rtexit$$00000002)
    __rt_exit_exit                           0x000000e5   Thumb Code     0  rtexit2.o(.ARM.Collect$$rtexit$$00000004)
    __rt_entry                               0x000000ed   Thumb Code    24  rtx_conf_cm.o(.emb_text)
    rt_set_PSP                               0x00000109   Thumb Code     6  hal_cm3.o(.emb_text)
    os_set_env                               0x0000010f   Thumb Code    26  hal_cm3.o(.emb_text)
    _alloc_box                               0x0000012d   Thumb Code    28  hal_cm3.o(.emb_text)
    _free_box                                0x0000014d   Thumb Code    28  hal_cm3.o(.emb_text)
    SVC_Handler                              0x0000016d   Thumb Code   108  hal_cm3.o(.emb_text)
    PendSV_Handler                           0x000001e5   Thumb Code     0  hal_cm3.o(.emb_text)
    Sys_Handler                              0x000001e5   Thumb Code    60  hal_cm3.o(.emb_text)
    SysTick_Handler                          0x0000021b   Thumb Code     0  hal_cm3.o(.emb_text)
    Reset_Handler                            0x00000225   Thumb Code     8  startup_armcm3.o(.text)
    _maybe_terminate_alloc                   0x00000225   Thumb Code     0  maybetermalloc1.o(.emb_text)
    NMI_Handler                              0x0000022d   Thumb Code     2  startup_armcm3.o(.text)
    HardFault_Handler                        0x0000022f   Thumb Code     2  startup_armcm3.o(.text)
    MemManage_Handler                        0x00000231   Thumb Code     2  startup_armcm3.o(.text)
    BusFault_Handler                         0x00000233   Thumb Code     2  startup_armcm3.o(.text)
    UsageFault_Handler                       0x00000235   Thumb Code     2  startup_armcm3.o(.text)
    DebugMon_Handler                         0x00000239   Thumb Code     2  startup_armcm3.o(.text)
    DEF_IRQHandler                           0x0000023f   Thumb Code     0  startup_armcm3.o(.text)
    __user_initial_stackheap                 0x00000241   Thumb Code     0  startup_armcm3.o(.text)
    SystemCoreClockUpdate                    0x00000265   Thumb Code     8  system_armcm3.o(.text)
    SystemInit                               0x0000026d   Thumb Code     8  system_armcm3.o(.text)
    os_idle_demon                            0x0000027d   Thumb Code     4  rtx_conf_cm.o(.text)
    os_error                                 0x00000281   Thumb Code     4  rtx_conf_cm.o(.text)
    __user_perthread_libspace                0x00000285   Thumb Code    26  rtx_conf_cm.o(.text)
    _mutex_initialize                        0x0000029f   Thumb Code    38  rtx_conf_cm.o(.text)
    _mutex_acquire                           0x000002c5   Thumb Code    26  rtx_conf_cm.o(.text)
    _mutex_release                           0x000002df   Thumb Code    22  rtx_conf_cm.o(.text)
    _ttywrch                                 0x0000030d   Thumb Code    12  retarget.o(.text)
    _sys_open                                0x00000319   Thumb Code    60  retarget.o(.text)
    _sys_close                               0x00000355   Thumb Code    18  retarget.o(.text)
    _sys_write                               0x00000367   Thumb Code    48  retarget.o(.text)
    _sys_read                                0x00000397   Thumb Code    64  retarget.o(.text)
    _sys_seek                                0x000003d7   Thumb Code    20  retarget.o(.text)
    _sys_ensure                              0x000003eb   Thumb Code    20  retarget.o(.text)
    _sys_flen                                0x000003ff   Thumb Code    16  retarget.o(.text)
    _sys_istty                               0x0000040f   Thumb Code    16  retarget.o(.text)
    _sys_exit                                0x0000041f   Thumb Code     4  retarget.o(.text)
    __RL_RTX_VER                             0x00000422   Number         0  rt_system.o ABSOLUTE
    SER_Init                                 0x0000043d   Thumb Code     2  serial.o(.text)
    SER_PutChar                              0x0000043f   Thumb Code    46  serial.o(.text)
    SER_GetChar                              0x0000046d   Thumb Code     4  serial.o(.text)
    operator +(Complex, Complex)             0x00000475   Thumb Code    24  cppsamp.o(.text)
    operator -(Complex, Complex)             0x0000048d   Thumb Code    24  cppsamp.o(.text)
    operator -(Complex)                      0x000004a5   Thumb Code    20  cppsamp.o(.text)
    threadX(const void*)                     0x000004b9   Thumb Code    78  cppsamp.o(.text)
    Complex::Print(int)                      0x00000507   Thumb Code    16  cppsamp.o(.text)
    Complex::Print()                         0x00000517   Thumb Code    16  cppsamp.o(.text)
    Complex::SetKey(unsigned)                0x00000527   Thumb Code     4  cppsamp.o(.text)
    main                                     0x0000052b   Thumb Code   246  cppsamp.o(.text)
    svcThreadGetId                           0x00000713   Thumb Code    22  rt_cmsis.o(.text)
    svcThreadTerminate                       0x00000729   Thumb Code    52  rt_cmsis.o(.text)
    osThreadExit                             0x0000075d   Thumb Code    14  rt_cmsis.o(.text)
    svcThreadCreate                          0x0000076b   Thumb Code   102  rt_cmsis.o(.text)
    svcMessageCreate                         0x000007d1   Thumb Code    36  rt_cmsis.o(.text)
    svcKernelStart                           0x000007f5   Thumb Code   176  rt_cmsis.o(.text)
    osKernelStart                            0x000008a5   Thumb Code    94  rt_cmsis.o(.text)
    osKernelRunning                          0x00000903   Thumb Code    12  rt_cmsis.o(.text)
    svcThreadYield                           0x0000090f   Thumb Code    10  rt_cmsis.o(.text)
    svcThreadSetPriority                     0x00000919   Thumb Code    46  rt_cmsis.o(.text)
    svcThreadGetPriority                     0x00000947   Thumb Code    18  rt_cmsis.o(.text)
    osThreadCreate                           0x00000959   Thumb Code    18  rt_cmsis.o(.text)
    osThreadGetId                            0x0000096b   Thumb Code    20  rt_cmsis.o(.text)
    osThreadTerminate                        0x0000097f   Thumb Code    20  rt_cmsis.o(.text)
    osThreadYield                            0x00000993   Thumb Code    20  rt_cmsis.o(.text)
    osThreadSetPriority                      0x000009a7   Thumb Code    20  rt_cmsis.o(.text)
    osThreadGetPriority                      0x000009bb   Thumb Code    20  rt_cmsis.o(.text)
    svcDelay                                 0x000009cf   Thumb Code    20  rt_cmsis.o(.text)
    osDelay                                  0x000009e3   Thumb Code    20  rt_cmsis.o(.text)
    osWait                                   0x000009f7   Thumb Code     4  rt_cmsis.o(.text)
    svcTimerCall                             0x00000a65   Thumb Code    24  rt_cmsis.o(.text)
    svcTimerCreate                           0x00000a7d   Thumb Code    48  rt_cmsis.o(.text)
    svcTimerStart                            0x00000aad   Thumb Code   122  rt_cmsis.o(.text)
    svcTimerStop                             0x00000b27   Thumb Code    36  rt_cmsis.o(.text)
    sysTimerTick                             0x00000b77   Thumb Code    76  rt_cmsis.o(.text)
    osTimerCreate                            0x00000bc3   Thumb Code    20  rt_cmsis.o(.text)
    osTimerStart                             0x00000bd7   Thumb Code    20  rt_cmsis.o(.text)
    osTimerStop                              0x00000beb   Thumb Code    20  rt_cmsis.o(.text)
    osTimerCall                              0x00000bff   Thumb Code     8  rt_cmsis.o(.text)
    svcMessageGet                            0x00000c07   Thumb Code    58  rt_cmsis.o(.text)
    osMessageGet                             0x00000c41   Thumb Code    64  rt_cmsis.o(.text)
    osTimerThread                            0x00000c81   Thumb Code    38  rt_cmsis.o(.text)
    svcSignalWait                            0x00000ca7   Thumb Code    80  rt_cmsis.o(.text)
    svcSignalSet                             0x00000cf7   Thumb Code    36  rt_cmsis.o(.text)
    svcSignalClear                           0x00000d1b   Thumb Code    36  rt_cmsis.o(.text)
    svcSignalGet                             0x00000d3f   Thumb Code    18  rt_cmsis.o(.text)
    osSignalSet                              0x00000d51   Thumb Code    50  rt_cmsis.o(.text)
    osSignalClear                            0x00000d83   Thumb Code    20  rt_cmsis.o(.text)
    osSignalGet                              0x00000d97   Thumb Code    20  rt_cmsis.o(.text)
    osSignalWait                             0x00000dab   Thumb Code    20  rt_cmsis.o(.text)
    svcMutexCreate                           0x00000dbf   Thumb Code    28  rt_cmsis.o(.text)
    svcMutexWait                             0x00000ddb   Thumb Code    54  rt_cmsis.o(.text)
    svcMutexRelease                          0x00000e11   Thumb Code    34  rt_cmsis.o(.text)
    osMutexCreate                            0x00000e33   Thumb Code    20  rt_cmsis.o(.text)
    osMutexWait                              0x00000e47   Thumb Code    20  rt_cmsis.o(.text)
    osMutexRelease                           0x00000e5b   Thumb Code    20  rt_cmsis.o(.text)
    svcSemaphoreCreate                       0x00000e6f   Thumb Code    36  rt_cmsis.o(.text)
    svcSemaphoreWait                         0x00000e93   Thumb Code    50  rt_cmsis.o(.text)
    svcSemaphoreRelease                      0x00000ec5   Thumb Code    26  rt_cmsis.o(.text)
    osSemaphoreCreate                        0x00000edf   Thumb Code    20  rt_cmsis.o(.text)
    osSemaphoreWait                          0x00000ef3   Thumb Code    22  rt_cmsis.o(.text)
    osSemaphoreRelease                       0x00000f09   Thumb Code    42  rt_cmsis.o(.text)
    svcPoolCreate                            0x00000f33   Thumb Code    54  rt_cmsis.o(.text)
    sysPoolAlloc                             0x00000f69   Thumb Code    32  rt_cmsis.o(.text)
    sysPoolFree                              0x00000f89   Thumb Code    20  rt_cmsis.o(.text)
    osPoolCreate                             0x00000f9d   Thumb Code    18  rt_cmsis.o(.text)
    osPoolAlloc                              0x00000faf   Thumb Code    30  rt_cmsis.o(.text)
    osPoolCAlloc                             0x00000fcd   Thumb Code    28  rt_cmsis.o(.text)
    osPoolFree                               0x00000fe9   Thumb Code    24  rt_cmsis.o(.text)
    svcMessagePut                            0x00001001   Thumb Code    54  rt_cmsis.o(.text)
    osMessageCreate                          0x00001037   Thumb Code    20  rt_cmsis.o(.text)
    osMessagePut                             0x0000104b   Thumb Code    18  rt_cmsis.o(.text)
    svcMailCreate                            0x0000105d   Thumb Code    66  rt_cmsis.o(.text)
    sysMailAlloc                             0x0000109f   Thumb Code   104  rt_cmsis.o(.text)
    sysMailFree                              0x00001107   Thumb Code   102  rt_cmsis.o(.text)
    osMailCreate                             0x0000116d   Thumb Code    18  rt_cmsis.o(.text)
    osMailAlloc                              0x0000117f   Thumb Code    26  rt_cmsis.o(.text)
    osMailCAlloc                             0x00001199   Thumb Code    24  rt_cmsis.o(.text)
    osMailFree                               0x000011b1   Thumb Code    20  rt_cmsis.o(.text)
    osMailPut                                0x000011c5   Thumb Code    12  rt_cmsis.o(.text)
    osMailGet                                0x000011d1   Thumb Code    22  rt_cmsis.o(.text)
    rt_switch_req                            0x00001255   Thumb Code    30  rt_task.o(.text)
    rt_dispatch                              0x00001273   Thumb Code    58  rt_task.o(.text)
    rt_block                                 0x000012ad   Thumb Code    46  rt_task.o(.text)
    rt_tsk_pass                              0x000012db   Thumb Code    36  rt_task.o(.text)
    rt_tsk_self                              0x000012ff   Thumb Code    12  rt_task.o(.text)
    rt_tsk_prio                              0x0000130b   Thumb Code    98  rt_task.o(.text)
    rt_tsk_create                            0x0000136d   Thumb Code   112  rt_task.o(.text)
    rt_tsk_delete                            0x000013dd   Thumb Code   144  rt_task.o(.text)
    rt_sys_init                              0x0000146d   Thumb Code   240  rt_task.o(.text)
    rt_mut_init                              0x000015ad   Thumb Code    16  rt_mutex.o(.text)
    rt_mut_release                           0x000015bd   Thumb Code   150  rt_mutex.o(.text)
    rt_mut_wait                              0x00001653   Thumb Code    96  rt_mutex.o(.text)
    rt_tsk_lock                              0x000016bd   Thumb Code    30  rt_system.o(.text)
    rt_tsk_unlock                            0x000016db   Thumb Code    32  rt_system.o(.text)
    rt_psh_req                               0x000016fb   Thumb Code    22  rt_system.o(.text)
    rt_pop_req                               0x00001711   Thumb Code   106  rt_system.o(.text)
    rt_systick                               0x0000177b   Thumb Code    48  rt_system.o(.text)
    rt_stk_check                             0x000017ab   Thumb Code    28  rt_system.o(.text)
    rt_evt_wait                              0x000017e5   Thumb Code    58  rt_event.o(.text)
    rt_evt_set                               0x0000181f   Thumb Code    88  rt_event.o(.text)
    rt_evt_clr                               0x00001877   Thumb Code    22  rt_event.o(.text)
    isr_evt_set                              0x0000188d   Thumb Code    34  rt_event.o(.text)
    rt_evt_get                               0x000018af   Thumb Code     8  rt_event.o(.text)
    rt_evt_psh                               0x000018b7   Thumb Code    76  rt_event.o(.text)
    rt_put_prio                              0x00001911   Thumb Code    54  rt_list.o(.text)
    rt_get_first                             0x00001947   Thumb Code    40  rt_list.o(.text)
    rt_put_rdy_first                         0x0000196f   Thumb Code    14  rt_list.o(.text)
    rt_get_same_rdy_prio                     0x0000197d   Thumb Code    26  rt_list.o(.text)
    rt_rmv_list                              0x00001997   Thumb Code    44  rt_list.o(.text)
    rt_resort_prio                           0x000019c3   Thumb Code    44  rt_list.o(.text)
    rt_put_dly                               0x000019ef   Thumb Code    70  rt_list.o(.text)
    rt_dec_dly                               0x00001a35   Thumb Code   102  rt_list.o(.text)
    rt_rmv_dly                               0x00001a9b   Thumb Code    40  rt_list.o(.text)
    rt_psq_enq                               0x00001ac3   Thumb Code    80  rt_list.o(.text)
    rt_mbx_init                              0x00001b25   Thumb Code    26  rt_mailbox.o(.text)
    rt_mbx_send                              0x00001b3f   Thumb Code   164  rt_mailbox.o(.text)
    rt_mbx_wait                              0x00001be3   Thumb Code   172  rt_mailbox.o(.text)
    rt_mbx_check                             0x00001c8f   Thumb Code     8  rt_mailbox.o(.text)
    isr_mbx_send                             0x00001c97   Thumb Code    14  rt_mailbox.o(.text)
    isr_mbx_receive                          0x00001ca5   Thumb Code    80  rt_mailbox.o(.text)
    rt_mbx_psh                               0x00001cf5   Thumb Code   248  rt_mailbox.o(.text)
    rt_sem_init                              0x00001df5   Thumb Code    12  rt_semaphore.o(.text)
    rt_sem_send                              0x00001e01   Thumb Code    42  rt_semaphore.o(.text)
    rt_sem_wait                              0x00001e2b   Thumb Code    56  rt_semaphore.o(.text)
    isr_sem_send                             0x00001e63   Thumb Code    16  rt_semaphore.o(.text)
    rt_sem_psh                               0x00001e73   Thumb Code    48  rt_semaphore.o(.text)
    rt_dly_wait                              0x00001ead   Thumb Code     6  rt_time.o(.text)
    rt_itv_set                               0x00001eb3   Thumb Code    16  rt_time.o(.text)
    rt_itv_wait                              0x00001ec3   Thumb Code    34  rt_time.o(.text)
    rt_init_robin                            0x00001eed   Thumb Code    14  rt_robin.o(.text)
    rt_chk_robin                             0x00001efb   Thumb Code    58  rt_robin.o(.text)
    _init_box                                0x00001f45   Thumb Code    70  rt_membox.o(.text)
    rt_alloc_box                             0x00001f8b   Thumb Code    26  rt_membox.o(.text)
    _calloc_box                              0x00001fa5   Thumb Code    30  rt_membox.o(.text)
    rt_free_box                              0x00001fc3   Thumb Code    32  rt_membox.o(.text)
    rt_init_mem                              0x00001fe3   Thumb Code    26  rt_memory.o(.text)
    rt_alloc_mem                             0x00001ffd   Thumb Code    60  rt_memory.o(.text)
    rt_free_mem                              0x00002039   Thumb Code    40  rt_memory.o(.text)
    rt_init_stack                            0x00002061   Thumb Code    70  hal_cm.o(.text)
    rt_ret_val                               0x000020a7   Thumb Code     6  hal_cm.o(.text)
    rt_ret_val2                              0x000020ad   Thumb Code     8  hal_cm.o(.text)
    dbg_init                                 0x000020b5   Thumb Code    34  hal_cm.o(.text)
    dbg_task_notify                          0x000020d7   Thumb Code    32  hal_cm.o(.text)
    dbg_task_switch                          0x000020f7   Thumb Code    16  hal_cm.o(.text)
    __user_libspace                          0x0000211d   Thumb Code     8  libspace.o(.text)
    __user_perproc_libspace                  0x0000211d   Thumb Code     0  libspace.o(.text)
    __I$use$semihosting                      0x00002125   Thumb Code     0  use_no_semi.o(.text)
    __use_no_semihosting_swi                 0x00002125   Thumb Code     2  use_no_semi.o(.text)
    __user_setup_stackheap                   0x00002127   Thumb Code    74  sys_stackheap_outer.o(.text)
    __2printf                                0x00002171   Thumb Code    20  noretval__2printf.o(.text)
    __printf                                 0x00002189   Thumb Code   106  __printf.o(.text)
    _printf_int_dec                          0x000021f5   Thumb Code   102  _printf_dec.o(.text)
    exit                                     0x0000226d   Thumb Code    12  exit.o(.text)
    strcmp                                   0x00002279   Thumb Code   128  strcmpv7m.o(.text)
    __use_two_region_memory                  0x000022f9   Thumb Code     2  heapauxi.o(.text)
    __rt_heap_escrow                         0x000022fb   Thumb Code     2  heapauxi.o(.text)
    __rt_heap_expand                         0x000022fd   Thumb Code     2  heapauxi.o(.text)
    _printf_int_common                       0x000022ff   Thumb Code   184  _printf_intcommon.o(.text)
    __rt_fp_status_addr                      0x000023b7   Thumb Code    10  rt_fp_status_addr_twolibspace.o(.text)
    _printf_char_common                      0x000023cb   Thumb Code    32  _printf_char_common.o(.text)
    _initio                                  0x000023f1   Thumb Code   240  initio_locked.o(.text)
    _terminateio                             0x000024e1   Thumb Code   168  initio_locked.o(.text)
    _free_internal                           0x000025b9   Thumb Code    98  h1_free_mt.o(.text)
    free                                     0x0000261b   Thumb Code    20  h1_free_mt.o(.text)
    __flsbuf                                 0x0000262f   Thumb Code   480  flsbuf.o(.text)
    __flsbuf_byte                            0x0000262f   Thumb Code     0  flsbuf.o(.text)
    __flsbuf_wide                            0x0000262f   Thumb Code     0  flsbuf.o(.text)
    _fclose_internal                         0x0000280f   Thumb Code    76  fclose.o(.text)
    fclose                                   0x0000280f   Thumb Code     0  fclose.o(.text)
    setvbuf                                  0x0000285b   Thumb Code   104  setvbuf_locked.o(.text)
    freopen                                  0x00002973   Thumb Code    42  fopen_locked.o(.text)
    _fopen$locked                            0x0000299d   Thumb Code   100  fopen_locked.o(.text)
    __rt_SIGRTRED                            0x00002a09   Thumb Code    14  defsig_rtred_outer.o(.text)
    __aeabi_memclr4                          0x00002a17   Thumb Code     0  rt_memclr_w.o(.text)
    __aeabi_memclr8                          0x00002a17   Thumb Code     0  rt_memclr_w.o(.text)
    __rt_memclr_w                            0x00002a17   Thumb Code    78  rt_memclr_w.o(.text)
    _memset_w                                0x00002a1b   Thumb Code     0  rt_memclr_w.o(.text)
    __rt_heap_descriptor                     0x00002a65   Thumb Code    10  rt_heap_descriptor_twolibspace.o(.text)
    __use_no_heap                            0x00002a6f   Thumb Code     2  hguard.o(.text)
    __heap$guard                             0x00002a71   Thumb Code     2  hguard.o(.text)
    _terminate_user_alloc                    0x00002a73   Thumb Code     2  init_alloc.o(.text)
    _init_user_alloc                         0x00002a75   Thumb Code     2  init_alloc.o(.text)
    __Heap_Full                              0x00002a77   Thumb Code    34  init_alloc.o(.text)
    __Heap_Broken                            0x00002a99   Thumb Code     6  init_alloc.o(.text)
    _init_alloc                              0x00002a9f   Thumb Code    94  init_alloc.o(.text)
    _malloc_internal                         0x00002b05   Thumb Code   130  h1_alloc_mt.o(.text)
    malloc                                   0x00002b87   Thumb Code    20  h1_alloc_mt.o(.text)
    _printf_char_file                        0x00002b9d   Thumb Code    58  _printf_char_file_locked.o(.text)
    _fseek                                   0x00002bdd   Thumb Code   244  fseek.o(.text)
    fseek                                    0x00002bdd   Thumb Code     0  fseek.o(.text)
    _seterr                                  0x00002cd5   Thumb Code    20  stdio.o(.text)
    _writebuf                                0x00002ce9   Thumb Code    84  stdio.o(.text)
    _fflush                                  0x00002d3d   Thumb Code    70  stdio.o(.text)
    _deferredlazyseek                        0x00002d83   Thumb Code    60  stdio.o(.text)
    __sig_exit                               0x00002dc5   Thumb Code    10  defsig_exit.o(.text)
    __rt_SIGRTRED_inner                      0x00002dd1   Thumb Code    14  defsig_rtred_inner.o(.text)
    __rt_SIGRTMEM                            0x00002e05   Thumb Code    14  defsig_rtmem_outer.o(.text)
    __Heap_Initialize                        0x00002e13   Thumb Code    14  h1_init_mt.o(.text)
    __Heap_DescSize                          0x00002e21   Thumb Code     4  h1_init_mt.o(.text)
    __Heap_ProvideMemory                     0x00002e25   Thumb Code    62  h1_extend_mt.o(.text)
    _ftell_internal                          0x00002e63   Thumb Code    70  ftell.o(.text)
    ftell                                    0x00002e63   Thumb Code     0  ftell.o(.text)
    __default_signal_display                 0x00002ea9   Thumb Code    50  defsig_general.o(.text)
    __rt_SIGRTMEM_inner                      0x00002edd   Thumb Code    22  defsig_rtmem_inner.o(.text)
    __aeabi_errno_addr                       0x00002f2d   Thumb Code     4  rt_errno_addr_twolibspace.o(.text)
    __errno$twolibspace                      0x00002f2d   Thumb Code     0  rt_errno_addr_twolibspace.o(.text)
    __rt_errno_addr$twolibspace              0x00002f2d   Thumb Code     0  rt_errno_addr_twolibspace.o(.text)
    SVC_Count                                0x00002f30   Data           4  SVC_Table.o(SVC_TABLE)
    SVC_Table                                0x00002f34   Data           0  SVC_Table.o(SVC_TABLE)
    Complex::Complex(int, int)               0x00002f35   Thumb Code     6  cppsamp.o(i._ZN7ComplexC1Eii)
    Complex::Complex__sub_object(int, int)   0x00002f35   Thumb Code     0  cppsamp.o(i._ZN7ComplexC1Eii)
    _fputc$unlocked                          0x00002f3b   Thumb Code    26  fputc.o(i.fputc)
    _fp_init                                 0x00002f55   Thumb Code    14  fpinit.o(x$fpl$fpinit)
    __fplib_config_pureend_doubles           0x00002f61   Thumb Code     0  fpinit.o(x$fpl$fpinit)
    os_maxtaskrun                            0x00002f64   Data           2  rtx_conf_cm.o(.constdata)
    os_stackinfo                             0x00002f68   Data           4  rtx_conf_cm.o(.constdata)
    os_rrobin                                0x00002f6c   Data           4  rtx_conf_cm.o(.constdata)
    os_trv                                   0x00002f70   Data           4  rtx_conf_cm.o(.constdata)
    os_flags                                 0x00002f74   Data           1  rtx_conf_cm.o(.constdata)
    os_clockrate                             0x00002f78   Data           4  rtx_conf_cm.o(.constdata)
    os_timernum                              0x00002f7c   Data           4  rtx_conf_cm.o(.constdata)
    mp_tcb_size                              0x00002f80   Data           2  rtx_conf_cm.o(.constdata)
    mp_stk_size                              0x00002f84   Data           4  rtx_conf_cm.o(.constdata)
    os_stack_sz                              0x00002f88   Data           4  rtx_conf_cm.o(.constdata)
    os_fifo_size                             0x00002f8c   Data           1  rtx_conf_cm.o(.constdata)
    os_thread_def_osTimerThread              0x00002f90   Data          16  rtx_conf_cm.o(.constdata)
    os_messageQ_def_osTimerMessageQ          0x00002fa0   Data           8  rtx_conf_cm.o(.constdata)
    mp_tmr_size                              0x00002fa8   Data           2  rtx_conf_cm.o(.constdata)
    os_thread_def_main                       0x00002fac   Data          16  rtx_conf_cm.o(.constdata)
    __stdin_name                             0x00002fbc   Data           6  retarget.o(.constdata)
    __stdout_name                            0x00002fc2   Data           7  retarget.o(.constdata)
    __stderr_name                            0x00002fc9   Data           7  retarget.o(.constdata)
    Region$$Table$$Base                      0x00003060   Number         0  anon$$obj.o(Region$$Table)
    Region$$Table$$Limit                     0x00003080   Number         0  anon$$obj.o(Region$$Table)
    SystemCoreClock                          0x20000000   Data           4  system_armcm3.o(.data)
    os_tmr                                   0x20000004   Data           4  rtx_conf_cm.o(.data)
    m_tmr                                    0x20000008   Data           4  rtx_conf_cm.o(.data)
    osThreadId_osTimerThread                 0x2000000c   Data           4  rtx_conf_cm.o(.data)
    osMessageQId_osTimerMessageQ             0x20000010   Data           4  rtx_conf_cm.o(.data)
    Adj_i                                    0x20000018   Data           4  cppsamp.o(.data)
    Adj_N_i                                  0x2000001c   Data           4  cppsamp.o(.data)
    main_id                                  0x20000020   Data           4  cppsamp.o(.data)
    threadX_id                               0x20000024   Data           4  cppsamp.o(.data)
    ADJ::ADJ_N::Adj_N_i                      0x20000028   Data           4  cppsamp.o(.data)
    ADJ::Adj_i                               0x2000002c   Data           4  cppsamp.o(.data)
    os_timer_head                            0x20000030   Data           4  rt_cmsis.o(.data)
    os_tsk                                   0x20000034   Data           8  rt_task.o(.data)
    os_time                                  0x20000040   Data           2  rt_time.o(.data)
    os_robin                                 0x20000044   Data           8  rt_robin.o(.data)
    dbg_msg                                  0x2000004c   Data           1  hal_cm.o(.data)
    __aeabi_stdin                            0x20000050   Data           4  stdio_streams.o(.data)
    __aeabi_stdout                           0x20000054   Data           4  stdio_streams.o(.data)
    __aeabi_stderr                           0x20000058   Data           4  stdio_streams.o(.data)
    _stream_list_lock                        0x2000005c   Data           4  streamlock.o(.data)
    mp_tcb                                   0x20000060   Data         156  rtx_conf_cm.o(.bss)
    mp_stk                                   0x20000100   Data         616  rtx_conf_cm.o(.bss)
    os_stack_mem                             0x20000368   Data        2024  rtx_conf_cm.o(.bss)
    os_fifo                                  0x20000b50   Data         132  rtx_conf_cm.o(.bss)
    os_active_TCB                            0x20000bd4   Data          12  rtx_conf_cm.o(.bss)
    os_messageQ_q_osTimerMessageQ            0x20000be0   Data          16  rtx_conf_cm.o(.bss)
    ADJ::ex1                                 0x20000d70   Data          12  cppsamp.o(.bss)
    ADJ::ex2                                 0x20000d7c   Data          12  cppsamp.o(.bss)
    os_idle_TCB                              0x20000d88   Data          48  rt_task.o(.bss)
    os_rdy                                   0x20000db8   Data          24  rt_list.o(.bss)
    os_dly                                   0x20000dd0   Data          24  rt_list.o(.bss)
    __libspace_start                         0x20000de8   Data          96  libspace.o(.bss)
    __stdin                                  0x20000e48   Data          80  stdio_streams.o(.bss)
    __temporary_stack_top$libspace           0x20000e48   Data           0  libspace.o(.bss)
    __stdout                                 0x20000e98   Data          80  stdio_streams.o(.bss)
    __stderr                                 0x20000ee8   Data          80  stdio_streams.o(.bss)



==============================================================================

Memory Map of the image

  Image Entry point : 0x00000045

  Load Region LR_ROM1 (Base: 0x00000000, Size: 0x000030e0, Max: 0x00008000, ABSOLUTE)

    Execution Region ER_ROM1 (Base: 0x00000000, Size: 0x00003080, Max: 0x00008000, ABSOLUTE)

    Base Addr    Size         Type   Attr      Idx    E Section Name        Object

    0x00000000   0x00000044   Data   RO            3    RESET               startup_armcm3.o
    0x00000044   0x00000008   Code   RO          499  * !!!main             c_w.l(__main.o)
    0x0000004c   0x00000034   Code   RO          812    !!!scatter          c_w.l(__scatter.o)
    0x00000080   0x0000001a   Code   RO          814    !!handler_copy      c_w.l(__scatter_copy.o)
    0x0000009a   0x00000002   PAD
    0x0000009c   0x0000001c   Code   RO          816    !!handler_zi        c_w.l(__scatter_zi.o)
    0x000000b8   0x00000000   Code   RO          491    .ARM.Collect$$_printf_percent$$00000000  c_w.l(_printf_percent.o)
    0x000000b8   0x00000006   Code   RO          490    .ARM.Collect$$_printf_percent$$00000009  c_w.l(_printf_d.o)
    0x000000be   0x00000004   Code   RO          507    .ARM.Collect$$_printf_percent$$00000017  c_w.l(_printf_percent_end.o)
    0x000000c2   0x00000006   Code   RO          498    .ARM.Collect$$libinit$$00000000  c_w.l(libinit.o)
    0x000000c8   0x00000008   Code   RO          514    .ARM.Collect$$libinit$$00000001  c_w.l(libinit2.o)
    0x000000d0   0x00000000   Code   RO          516    .ARM.Collect$$libinit$$00000006  c_w.l(libinit2.o)
    0x000000d0   0x00000000   Code   RO          518    .ARM.Collect$$libinit$$00000008  c_w.l(libinit2.o)
    0x000000d0   0x00000000   Code   RO          520    .ARM.Collect$$libinit$$0000000A  c_w.l(libinit2.o)
    0x000000d0   0x00000000   Code   RO          523    .ARM.Collect$$libinit$$0000000D  c_w.l(libinit2.o)
    0x000000d0   0x00000000   Code   RO          525    .ARM.Collect$$libinit$$0000000F  c_w.l(libinit2.o)
    0x000000d0   0x00000000   Code   RO          527    .ARM.Collect$$libinit$$00000011  c_w.l(libinit2.o)
    0x000000d0   0x00000000   Code   RO          529    .ARM.Collect$$libinit$$00000013  c_w.l(libinit2.o)
    0x000000d0   0x00000000   Code   RO          531    .ARM.Collect$$libinit$$00000015  c_w.l(libinit2.o)
    0x000000d0   0x00000000   Code   RO          533    .ARM.Collect$$libinit$$00000017  c_w.l(libinit2.o)
    0x000000d0   0x00000000   Code   RO          535    .ARM.Collect$$libinit$$00000019  c_w.l(libinit2.o)
    0x000000d0   0x00000000   Code   RO          537    .ARM.Collect$$libinit$$0000001B  c_w.l(libinit2.o)
    0x000000d0   0x00000000   Code   RO          539    .ARM.Collect$$libinit$$0000001D  c_w.l(libinit2.o)
    0x000000d0   0x00000000   Code   RO          541    .ARM.Collect$$libinit$$0000001F  c_w.l(libinit2.o)
    0x000000d0   0x00000004   Code   RO          542    .ARM.Collect$$libinit$$00000020  c_w.l(libinit2.o)
    0x000000d4   0x00000000   Code   RO          543    .ARM.Collect$$libinit$$00000021  c_w.l(libinit2.o)
    0x000000d4   0x00000000   Code   RO          547    .ARM.Collect$$libinit$$00000028  c_w.l(libinit2.o)
    0x000000d4   0x00000000   Code   RO          549    .ARM.Collect$$libinit$$0000002A  c_w.l(libinit2.o)
    0x000000d4   0x00000000   Code   RO          551    .ARM.Collect$$libinit$$0000002C  c_w.l(libinit2.o)
    0x000000d4   0x00000000   Code   RO          553    .ARM.Collect$$libinit$$0000002E  c_w.l(libinit2.o)
    0x000000d4   0x00000002   Code   RO          554    .ARM.Collect$$libinit$$0000002F  c_w.l(libinit2.o)
    0x000000d6   0x00000002   Code   RO          672    .ARM.Collect$$libshutdown$$00000000  c_w.l(libshutdown.o)
    0x000000d8   0x00000004   Code   RO          674    .ARM.Collect$$libshutdown$$00000002  c_w.l(libshutdown2.o)
    0x000000dc   0x00000000   Code   RO          675    .ARM.Collect$$libshutdown$$00000003  c_w.l(libshutdown2.o)
    0x000000dc   0x00000000   Code   RO          678    .ARM.Collect$$libshutdown$$00000006  c_w.l(libshutdown2.o)
    0x000000dc   0x00000000   Code   RO          681    .ARM.Collect$$libshutdown$$00000009  c_w.l(libshutdown2.o)
    0x000000dc   0x00000000   Code   RO          683    .ARM.Collect$$libshutdown$$0000000B  c_w.l(libshutdown2.o)
    0x000000dc   0x00000000   Code   RO          686    .ARM.Collect$$libshutdown$$0000000E  c_w.l(libshutdown2.o)
    0x000000dc   0x00000002   Code   RO          687    .ARM.Collect$$libshutdown$$0000000F  c_w.l(libshutdown2.o)
    0x000000de   0x00000002   Code   RO          501    .ARM.Collect$$rtexit$$00000000  c_w.l(rtexit.o)
    0x000000e0   0x00000000   Code   RO          558    .ARM.Collect$$rtexit$$00000002  c_w.l(rtexit2.o)
    0x000000e0   0x00000004   Code   RO          559    .ARM.Collect$$rtexit$$00000003  c_w.l(rtexit2.o)
    0x000000e4   0x00000006   Code   RO          560    .ARM.Collect$$rtexit$$00000004  c_w.l(rtexit2.o)
    0x000000ea   0x00000002   PAD
    0x000000ec   0x0000001c   Code   RO           53    .emb_text           rtx_conf_cm.o
    0x00000108   0x0000011c   Code   RO          440    .emb_text           RTX_CM3.lib(hal_cm3.o)
    0x00000224   0x00000000   Code   RO          748    .emb_text           c_w.l(maybetermalloc1.o)
    0x00000224   0x00000040   Code   RO            4    .text               startup_armcm3.o
    0x00000264   0x00000018   Code   RO           12    .text               system_armcm3.o
    0x0000027c   0x00000090   Code   RO           54    .text               rtx_conf_cm.o
    0x0000030c   0x00000130   Code   RO           84    .text               retarget.o
    0x0000043c   0x00000038   Code   RO          114    .text               serial.o
    0x00000474   0x0000026c   Code   RO          143    .text               cppsamp.o
    0x000006e0   0x00000b38   Code   RO          192    .text               RTX_CM3.lib(rt_cmsis.o)
    0x00001218   0x00000394   Code   RO          255    .text               RTX_CM3.lib(rt_task.o)
    0x000015ac   0x00000110   Code   RO          281    .text               RTX_CM3.lib(rt_mutex.o)
    0x000016bc   0x00000128   Code   RO          294    .text               RTX_CM3.lib(rt_system.o)
    0x000017e4   0x0000012c   Code   RO          310    .text               RTX_CM3.lib(rt_event.o)
    0x00001910   0x00000214   Code   RO          322    .text               RTX_CM3.lib(rt_list.o)
    0x00001b24   0x000002d0   Code   RO          344    .text               RTX_CM3.lib(rt_mailbox.o)
    0x00001df4   0x000000b8   Code   RO          356    .text               RTX_CM3.lib(rt_semaphore.o)
    0x00001eac   0x00000040   Code   RO          368    .text               RTX_CM3.lib(rt_time.o)
    0x00001eec   0x00000058   Code   RO          383    .text               RTX_CM3.lib(rt_robin.o)
    0x00001f44   0x0000009e   Code   RO          398    .text               RTX_CM3.lib(rt_membox.o)
    0x00001fe2   0x0000007e   Code   RO          410    .text               RTX_CM3.lib(rt_memory.o)
    0x00002060   0x000000bc   Code   RO          422    .text               RTX_CM3.lib(hal_cm.o)
    0x0000211c   0x00000008   Code   RO          455    .text               c_w.l(libspace.o)
    0x00002124   0x00000002   Code   RO          458    .text               c_w.l(use_no_semi.o)
    0x00002126   0x0000004a   Code   RO          460    .text               c_w.l(sys_stackheap_outer.o)
    0x00002170   0x00000018   Code   RO          464    .text               c_w.l(noretval__2printf.o)
    0x00002188   0x0000006a   Code   RO          466    .text               c_w.l(__printf.o)
    0x000021f2   0x00000002   PAD
    0x000021f4   0x00000078   Code   RO          468    .text               c_w.l(_printf_dec.o)
    0x0000226c   0x0000000c   Code   RO          492    .text               c_w.l(exit.o)
    0x00002278   0x00000080   Code   RO          494    .text               c_w.l(strcmpv7m.o)
    0x000022f8   0x00000006   Code   RO          496    .text               c_w.l(heapauxi.o)
    0x000022fe   0x000000b8   Code   RO          503    .text               c_w.l(_printf_intcommon.o)
    0x000023b6   0x0000000a   Code   RO          569    .text               c_w.l(rt_fp_status_addr_twolibspace.o)
    0x000023c0   0x00000030   Code   RO          571    .text               c_w.l(_printf_char_common.o)
    0x000023f0   0x000001c8   Code   RO          585    .text               c_w.l(initio_locked.o)
    0x000025b8   0x00000076   Code   RO          593    .text               c_w.l(h1_free_mt.o)
    0x0000262e   0x000001e0   Code   RO          647    .text               c_w.l(flsbuf.o)
    0x0000280e   0x0000004c   Code   RO          654    .text               c_w.l(fclose.o)
    0x0000285a   0x00000068   Code   RO          656    .text               c_w.l(setvbuf_locked.o)
    0x000028c2   0x00000002   PAD
    0x000028c4   0x00000144   Code   RO          658    .text               c_w.l(fopen_locked.o)
    0x00002a08   0x0000000e   Code   RO          660    .text               c_w.l(defsig_rtred_outer.o)
    0x00002a16   0x0000004e   Code   RO          664    .text               c_w.l(rt_memclr_w.o)
    0x00002a64   0x0000000a   Code   RO          699    .text               c_w.l(rt_heap_descriptor_twolibspace.o)
    0x00002a6e   0x00000004   Code   RO          701    .text               c_w.l(hguard.o)
    0x00002a72   0x0000008a   Code   RO          705    .text               c_w.l(init_alloc.o)
    0x00002afc   0x0000009e   Code   RO          713    .text               c_w.l(h1_alloc_mt.o)
    0x00002b9a   0x00000002   PAD
    0x00002b9c   0x00000040   Code   RO          725    .text               c_w.l(_printf_char_file_locked.o)
    0x00002bdc   0x000000f8   Code   RO          727    .text               c_w.l(fseek.o)
    0x00002cd4   0x000000f0   Code   RO          729    .text               c_w.l(stdio.o)
    0x00002dc4   0x0000000a   Code   RO          735    .text               c_w.l(defsig_exit.o)
    0x00002dce   0x00000002   PAD
    0x00002dd0   0x00000034   Code   RO          737    .text               c_w.l(defsig_rtred_inner.o)
    0x00002e04   0x0000000e   Code   RO          739    .text               c_w.l(defsig_rtmem_outer.o)
    0x00002e12   0x00000012   Code   RO          754    .text               c_w.l(h1_init_mt.o)
    0x00002e24   0x0000003e   Code   RO          756    .text               c_w.l(h1_extend_mt.o)
    0x00002e62   0x00000046   Code   RO          762    .text               c_w.l(ftell.o)
    0x00002ea8   0x00000032   Code   RO          770    .text               c_w.l(defsig_general.o)
    0x00002eda   0x00000002   PAD
    0x00002edc   0x00000050   Code   RO          772    .text               c_w.l(defsig_rtmem_inner.o)
    0x00002f2c   0x00000004   Code   RO          786    .text               c_w.l(rt_errno_addr_twolibspace.o)
    0x00002f30   0x00000004   Code   RO          450    SVC_TABLE           RTX_CM3.lib(SVC_Table.o)
    0x00002f34   0x00000006   Code   RO          158    i._ZN7ComplexC1Eii  cppsamp.o
    0x00002f3a   0x0000001a   Code   RO          576    i.fputc             c_w.l(fputc.o)
    0x00002f54   0x0000000e   Code   RO          555    x$fpl$fpinit        fz_ws.l(fpinit.o)
    0x00002f62   0x00000002   PAD
    0x00002f64   0x00000058   Data   RO           56    .constdata          rtx_conf_cm.o
    0x00002fbc   0x00000014   Data   RO           85    .constdata          retarget.o
    0x00002fd0   0x0000008d   Data   RO          146    .constdata          cppsamp.o
    0x0000305d   0x00000003   PAD
    0x00003060   0x00000020   Data   RO          810    Region$$Table       anon$$obj.o


    Execution Region RW_RAM1 (Base: 0x20000000, Size: 0x00002338, Max: 0x00004000, ABSOLUTE)

    Base Addr    Size         Type   Attr      Idx    E Section Name        Object

    0x20000000   0x00000004   Data   RW           13    .data               system_armcm3.o
    0x20000004   0x00000014   Data   RW           57    .data               rtx_conf_cm.o
    0x20000018   0x00000018   Data   RW          147    .data               cppsamp.o
    0x20000030   0x00000004   Data   RW          193    .data               RTX_CM3.lib(rt_cmsis.o)
    0x20000034   0x00000008   Data   RW          257    .data               RTX_CM3.lib(rt_task.o)
    0x2000003c   0x00000003   Data   RW          295    .data               RTX_CM3.lib(rt_system.o)
    0x2000003f   0x00000001   PAD
    0x20000040   0x00000002   Data   RW          369    .data               RTX_CM3.lib(rt_time.o)
    0x20000042   0x00000002   PAD
    0x20000044   0x00000008   Data   RW          384    .data               RTX_CM3.lib(rt_robin.o)
    0x2000004c   0x00000001   Data   RW          423    .data               RTX_CM3.lib(hal_cm.o)
    0x2000004d   0x00000003   PAD
    0x20000050   0x00000004   Data   RW          511    .data               c_w.l(stdio_streams.o)
    0x20000054   0x00000004   Data   RW          512    .data               c_w.l(stdio_streams.o)
    0x20000058   0x00000004   Data   RW          513    .data               c_w.l(stdio_streams.o)
    0x2000005c   0x00000004   Data   RW          651    .data               c_w.l(streamlock.o)
    0x20000060   0x00000d10   Zero   RW           55    .bss                rtx_conf_cm.o
    0x20000d70   0x00000018   Zero   RW          145    .bss                cppsamp.o
    0x20000d88   0x00000030   Zero   RW          256    .bss                RTX_CM3.lib(rt_task.o)
    0x20000db8   0x00000030   Zero   RW          323    .bss                RTX_CM3.lib(rt_list.o)
    0x20000de8   0x00000060   Zero   RW          456    .bss                c_w.l(libspace.o)
    0x20000e48   0x00000050   Zero   RW          508    .bss                c_w.l(stdio_streams.o)
    0x20000e98   0x00000050   Zero   RW          509    .bss                c_w.l(stdio_streams.o)
    0x20000ee8   0x00000050   Zero   RW          510    .bss                c_w.l(stdio_streams.o)
    0x20000f38   0x00001000   Zero   RW            2    HEAP                startup_armcm3.o
    0x20001f38   0x00000400   Zero   RW            1    STACK               startup_armcm3.o


==============================================================================

Image component sizes


      Code (inc. data)   RO Data    RW Data    ZI Data      Debug   Object Name

       626        192        141         24         24      11952   cppsamp.o
       304         26         20          0          0       3809   retarget.o
       172         30         88         20       3344       7836   rtx_conf_cm.o
        56          4          0          0          0      16190   serial.o
        64         26         68          0       5120        776   startup_armcm3.o
        24          8          0          4          0       5997   system_armcm3.o

    ----------------------------------------------------------------------
      1246        286        352         48       8488      46560   Object Totals
         0          0         32          0          0          0   (incl. Generated)
         0          0          3          0          0          0   (incl. Padding)

    ----------------------------------------------------------------------

      Code (inc. data)   RO Data    RW Data    ZI Data      Debug   Library Member Name

         4          4          0          0          0        132   SVC_Table.o
       188         22          0          1          0       1686   hal_cm.o
       284         30          0          0          0        532   hal_cm3.o
      2872         68          0          4          0      35457   rt_cmsis.o
       300         14          0          0          0       2062   rt_event.o
       532         18          0          0         48       5154   rt_list.o
       720          8          0          0          0       2915   rt_mailbox.o
       158          0          0          0          0       1593   rt_membox.o
       126          0          0          0          0       1555   rt_memory.o
       272         10          0          0          0       1285   rt_mutex.o
        88         16          0          8          0        704   rt_robin.o
       184         10          0          0          0       1614   rt_semaphore.o
       296         30          0          3          0       1454   rt_system.o
       916         80          0          8         48       5782   rt_task.o
        64          8          0          2          0        863   rt_time.o
         8          0          0          0          0         68   __main.o
       106          0          0          0          0         84   __printf.o
        52          8          0          0          0          0   __scatter.o
        26          0          0          0          0          0   __scatter_copy.o
        28          0          0          0          0          0   __scatter_zi.o
        48          6          0          0          0         96   _printf_char_common.o
        64          6          0          0          0         84   _printf_char_file_locked.o
         6          0          0          0          0          0   _printf_d.o
       120         18          0          0          0         92   _printf_dec.o
       184          0          0          0          0         88   _printf_intcommon.o
         0          0          0          0          0          0   _printf_percent.o
         4          0          0          0          0          0   _printf_percent_end.o
        10          0          0          0          0         68   defsig_exit.o
        50          0          0          0          0         88   defsig_general.o
        80         58          0          0          0         76   defsig_rtmem_inner.o
        14          0          0          0          0         80   defsig_rtmem_outer.o
        52         38          0          0          0         76   defsig_rtred_inner.o
        14          0          0          0          0         80   defsig_rtred_outer.o
        12          0          0          0          0         72   exit.o
        76          0          0          0          0         88   fclose.o
       480          0          0          0          0         88   flsbuf.o
       324          8          0          0          0        152   fopen_locked.o
        26          0          0          0          0         68   fputc.o
       248          4          0          0          0         84   fseek.o
        70          0          0          0          0         76   ftell.o
       158          0          0          0          0        128   h1_alloc_mt.o
        62          0          0          0          0         80   h1_extend_mt.o
       118          0          0          0          0        108   h1_free_mt.o
        18          0          0          0          0         84   h1_init_mt.o
         6          0          0          0          0        152   heapauxi.o
         4          0          0          0          0        136   hguard.o
       138          0          0          0          0        168   init_alloc.o
       456         48          0          0          0        116   initio_locked.o
         6          0          0          0          0          0   libinit.o
        14          0          0          0          0          0   libinit2.o
         2          0          0          0          0          0   libshutdown.o
         6          0          0          0          0          0   libshutdown2.o
         8          4          0          0         96         68   libspace.o
         0          0          0          0          0          0   maybetermalloc1.o
        24          4          0          0          0         84   noretval__2printf.o
         4          0          0          0          0         68   rt_errno_addr_twolibspace.o
        10          0          0          0          0         76   rt_fp_status_addr_twolibspace.o
        10          0          0          0          0         76   rt_heap_descriptor_twolibspace.o
        78          0          0          0          0         80   rt_memclr_w.o
         2          0          0          0          0          0   rtexit.o
        10          0          0          0          0          0   rtexit2.o
       104          0          0          0          0         88   setvbuf_locked.o
       240          6          0          0          0        156   stdio.o
         0          0          0         12        240          0   stdio_streams.o
       128          0          0          0          0         68   strcmpv7m.o
         0          0          0          4          0          0   streamlock.o
        74          0          0          0          0         80   sys_stackheap_outer.o
         2          0          0          0          0         68   use_no_semi.o
        14          0          0          0          0         76   fpinit.o

    ----------------------------------------------------------------------
     10818        526          0         48        432      66356   Library Totals
        16          0          0          6          0          0   (incl. Padding)

    ----------------------------------------------------------------------

      Code (inc. data)   RO Data    RW Data    ZI Data      Debug   Library Name

      7004        318          0         26         96      62788   RTX_CM3.lib
      3784        208          0         16        336       3492   c_w.l
        14          0          0          0          0         76   fz_ws.l

    ----------------------------------------------------------------------
     10818        526          0         48        432      66356   Library Totals

    ----------------------------------------------------------------------

==============================================================================


      Code (inc. data)   RO Data    RW Data    ZI Data      Debug   

     12064        812        352         96       8920     108808   Grand Totals
     12064        812        352         96       8920     108808   ELF Image Totals
     12064        812        352         96          0          0   ROM Totals

==============================================================================

    Total RO  Size (Code + RO Data)                12416 (  12.13kB)
    Total RW  Size (RW Data + ZI Data)              9016 (   8.80kB)
    Total ROM Size (Code + RO Data + RW Data)      12512 (  12.22kB)

==============================================================================

